Component: ARM Compiler 5.05 update 2 (build 169) Tool: armlink [4d0f33]

==============================================================================

Section Cross References

    app_uart_fifo.o(i.app_uart_close) refers to nrfx_uarte.o(i.nrfx_uarte_uninit) for nrfx_uarte_uninit
    app_uart_fifo.o(i.app_uart_close) refers to app_uart_fifo.o(.data) for app_uart_inst
    app_uart_fifo.o(i.app_uart_flush) refers to app_fifo.o(i.app_fifo_flush) for app_fifo_flush
    app_uart_fifo.o(i.app_uart_flush) refers to app_uart_fifo.o(.bss) for m_rx_fifo
    app_uart_fifo.o(i.app_uart_get) refers to app_fifo.o(i.app_fifo_get) for app_fifo_get
    app_uart_fifo.o(i.app_uart_get) refers to app_uart_fifo.o(i.nrf_drv_uart_rx) for nrf_drv_uart_rx
    app_uart_fifo.o(i.app_uart_get) refers to app_error.o(i.app_error_handler_bare) for app_error_handler_bare
    app_uart_fifo.o(i.app_uart_get) refers to app_uart_fifo.o(.data) for m_rx_ovf
    app_uart_fifo.o(i.app_uart_get) refers to app_uart_fifo.o(.bss) for m_rx_fifo
    app_uart_fifo.o(i.app_uart_init) refers to app_fifo.o(i.app_fifo_init) for app_fifo_init
    app_uart_fifo.o(i.app_uart_init) refers to rt_memcpy_w.o(.text) for __aeabi_memcpy4
    app_uart_fifo.o(i.app_uart_init) refers to nrf_drv_uart.o(i.nrf_drv_uart_init) for nrf_drv_uart_init
    app_uart_fifo.o(i.app_uart_init) refers to app_uart_fifo.o(i.nrf_drv_uart_rx) for nrf_drv_uart_rx
    app_uart_fifo.o(i.app_uart_init) refers to app_uart_fifo.o(.data) for m_event_handler
    app_uart_fifo.o(i.app_uart_init) refers to app_uart_fifo.o(.bss) for m_rx_fifo
    app_uart_fifo.o(i.app_uart_init) refers to app_uart_fifo.o(.constdata) for .constdata
    app_uart_fifo.o(i.app_uart_init) refers to app_uart_fifo.o(i.uart_event_handler) for uart_event_handler
    app_uart_fifo.o(i.app_uart_put) refers to app_fifo.o(i.app_fifo_put) for app_fifo_put
    app_uart_fifo.o(i.app_uart_put) refers to nrfx_uarte.o(i.nrfx_uarte_tx_in_progress) for nrfx_uarte_tx_in_progress
    app_uart_fifo.o(i.app_uart_put) refers to app_fifo.o(i.app_fifo_get) for app_fifo_get
    app_uart_fifo.o(i.app_uart_put) refers to app_uart_fifo.o(i.nrf_drv_uart_tx) for nrf_drv_uart_tx
    app_uart_fifo.o(i.app_uart_put) refers to app_uart_fifo.o(.bss) for m_tx_fifo
    app_uart_fifo.o(i.app_uart_put) refers to app_uart_fifo.o(.data) for app_uart_inst
    app_uart_fifo.o(i.nrf_drv_uart_rx) refers to nrfx_uarte.o(i.nrfx_uarte_rx) for nrfx_uarte_rx
    app_uart_fifo.o(i.nrf_drv_uart_tx) refers to nrfx_uarte.o(i.nrfx_uarte_tx) for nrfx_uarte_tx
    app_uart_fifo.o(i.uart_event_handler) refers to app_uart_fifo.o(i.nrf_drv_uart_rx) for nrf_drv_uart_rx
    app_uart_fifo.o(i.uart_event_handler) refers to app_fifo.o(i.app_fifo_put) for app_fifo_put
    app_uart_fifo.o(i.uart_event_handler) refers to app_uart_fifo.o(i.fifo_length) for fifo_length
    app_uart_fifo.o(i.uart_event_handler) refers to app_fifo.o(i.app_fifo_get) for app_fifo_get
    app_uart_fifo.o(i.uart_event_handler) refers to app_uart_fifo.o(i.nrf_drv_uart_tx) for nrf_drv_uart_tx
    app_uart_fifo.o(i.uart_event_handler) refers to app_uart_fifo.o(.data) for rx_buffer
    app_uart_fifo.o(i.uart_event_handler) refers to app_uart_fifo.o(.bss) for m_rx_fifo
    retarget.o(i.fgetc) refers to app_uart_fifo.o(i.app_uart_get) for app_uart_get
    retarget.o(i.fputc) refers to app_uart_fifo.o(i.app_uart_put) for app_uart_put
    app_error.o(i.app_error_handler_bare) refers to app_error_weak.o(i.app_error_fault_handler) for app_error_fault_handler
    app_error.o(i.app_error_save_and_stop) refers to app_error.o(.bss) for m_error_data
    app_error_handler_keil.o(.emb_text) refers to app_error_weak.o(i.app_error_fault_handler) for app_error_fault_handler
    nrfx_uarte.o(i.UARTE0_UART0_IRQHandler) refers to nrfx_uarte.o(i.uarte_irq_handler) for uarte_irq_handler
    nrfx_uarte.o(i.UARTE0_UART0_IRQHandler) refers to nrfx_uarte.o(.bss) for m_cb
    nrfx_uarte.o(i.apply_config) refers to nrfx_uarte.o(i.nrf_gpio_pin_set) for nrf_gpio_pin_set
    nrfx_uarte.o(i.apply_config) refers to nrfx_uarte.o(i.nrf_gpio_cfg_output) for nrf_gpio_cfg_output
    nrfx_uarte.o(i.apply_config) refers to nrfx_uarte.o(i.nrf_gpio_cfg_input) for nrf_gpio_cfg_input
    nrfx_uarte.o(i.apply_config) refers to nrfx_uarte.o(i.nrf_uarte_txrx_pins_set) for nrf_uarte_txrx_pins_set
    nrfx_uarte.o(i.apply_config) refers to nrfx_uarte.o(i.nrf_uarte_hwfc_pins_set) for nrf_uarte_hwfc_pins_set
    nrfx_uarte.o(i.interrupts_disable) refers to nrfx_uarte.o(i.nrf_uarte_int_disable) for nrf_uarte_int_disable
    nrfx_uarte.o(i.interrupts_disable) refers to nrfx_uarte.o(i.nrfx_get_irq_number) for nrfx_get_irq_number
    nrfx_uarte.o(i.interrupts_enable) refers to nrfx_uarte.o(i.nrf_uarte_event_clear) for nrf_uarte_event_clear
    nrfx_uarte.o(i.interrupts_enable) refers to nrfx_uarte.o(i.nrf_uarte_int_enable) for nrf_uarte_int_enable
    nrfx_uarte.o(i.interrupts_enable) refers to nrfx_uarte.o(i.nrfx_get_irq_number) for nrfx_get_irq_number
[...]
    fifo_put                                 0x00002f27   Thumb Code    18  app_fifo.o(i.fifo_put)
    i.fputc                                  0x00002f38   Section        0  retarget.o(i.fputc)
    i.interrupts_enable                      0x00002f48   Section        0  nrfx_uarte.o(i.interrupts_enable)
    interrupts_enable                        0x00002f49   Thumb Code   166  nrfx_uarte.o(i.interrupts_enable)
    i.irq_handler                            0x00002ffc   Section        0  nrfx_timer.o(i.irq_handler)
    irq_handler                              0x00002ffd   Thumb Code    92  nrfx_timer.o(i.irq_handler)
    i.main                                   0x00003058   Section        0  usr_main.o(i.main)
    i.nrf52_errata_108                       0x0000309c   Section        0  system_nrf52.o(i.nrf52_errata_108)
    nrf52_errata_108                         0x0000309d   Thumb Code    84  system_nrf52.o(i.nrf52_errata_108)
    i.nrf52_errata_12                        0x000030f8   Section        0  system_nrf52.o(i.nrf52_errata_12)
    nrf52_errata_12                          0x000030f9   Thumb Code    84  system_nrf52.o(i.nrf52_errata_12)
    i.nrf52_errata_136                       0x00003154   Section        0  system_nrf52.o(i.nrf52_errata_136)
    nrf52_errata_136                         0x00003155   Thumb Code    84  system_nrf52.o(i.nrf52_errata_136)
    i.nrf52_errata_16                        0x000031b0   Section        0  system_nrf52.o(i.nrf52_errata_16)
    nrf52_errata_16                          0x000031b1   Thumb Code    62  system_nrf52.o(i.nrf52_errata_16)
    i.nrf52_errata_182                       0x000031f4   Section        0  system_nrf52.o(i.nrf52_errata_182)
    nrf52_errata_182                         0x000031f5   Thumb Code    60  system_nrf52.o(i.nrf52_errata_182)
    i.nrf52_errata_249                       0x00003234   Section        0  system_nrf52.o(i.nrf52_errata_249)
    nrf52_errata_249                         0x00003235   Thumb Code    60  system_nrf52.o(i.nrf52_errata_249)
    i.nrf52_errata_31                        0x00003274   Section        0  system_nrf52.o(i.nrf52_errata_31)
    nrf52_errata_31                          0x00003275   Thumb Code    84  system_nrf52.o(i.nrf52_errata_31)
    i.nrf52_errata_32                        0x000032d0   Section        0  system_nrf52.o(i.nrf52_errata_32)
    nrf52_errata_32                          0x000032d1   Thumb Code    62  system_nrf52.o(i.nrf52_errata_32)
    i.nrf52_errata_36                        0x00003314   Section        0  system_nrf52.o(i.nrf52_errata_36)
    nrf52_errata_36                          0x00003315   Thumb Code    84  system_nrf52.o(i.nrf52_errata_36)
    i.nrf52_errata_37                        0x00003370   Section        0  system_nrf52.o(i.nrf52_errata_37)
    nrf52_errata_37                          0x00003371   Thumb Code    62  system_nrf52.o(i.nrf52_errata_37)
    i.nrf52_errata_57                        0x000033b4   Section        0  system_nrf52.o(i.nrf52_errata_57)
    nrf52_errata_57                          0x000033b5   Thumb Code    62  system_nrf52.o(i.nrf52_errata_57)
    i.nrf52_errata_66                        0x000033f8   Section        0  system_nrf52.o(i.nrf52_errata_66)
    nrf52_errata_66                          0x000033f9   Thumb Code    84  system_nrf52.o(i.nrf52_errata_66)
    i.nrf_drv_twi_enable                     0x00003454   Section        0  usr_i2c.o(i.nrf_drv_twi_enable)
    nrf_drv_twi_enable                       0x00003455   Thumb Code    12  usr_i2c.o(i.nrf_drv_twi_enable)
    i.nrf_drv_twi_init                       0x00003460   Section        0  nrf_drv_twi.o(i.nrf_drv_twi_init)
    i.nrf_drv_uart_init                      0x000034b0   Section        0  nrf_drv_uart.o(i.nrf_drv_uart_init)
    i.nrf_drv_uart_rx                        0x00003504   Section        0  app_uart_fifo.o(i.nrf_drv_uart_rx)
    nrf_drv_uart_rx                          0x00003505   Thumb Code    30  app_uart_fifo.o(i.nrf_drv_uart_rx)
    i.nrf_drv_uart_tx                        0x00003522   Section        0  app_uart_fifo.o(i.nrf_drv_uart_tx)
    nrf_drv_uart_tx                          0x00003523   Thumb Code    30  app_uart_fifo.o(i.nrf_drv_uart_tx)
    i.nrf_gpio_cfg                           0x00003540   Section        0  nrfx_uarte.o(i.nrf_gpio_cfg)
    nrf_gpio_cfg                             0x00003541   Thumb Code    40  nrfx_uarte.o(i.nrf_gpio_cfg)
    i.nrf_gpio_cfg                           0x00003568   Section        0  nrfx_twi.o(i.nrf_gpio_cfg)
    nrf_gpio_cfg                             0x00003569   Thumb Code    40  nrfx_twi.o(i.nrf_gpio_cfg)
    i.nrf_gpio_cfg_input                     0x00003590   Section        0  nrfx_uarte.o(i.nrf_gpio_cfg_input)
    nrf_gpio_cfg_input                       0x00003591   Thumb Code    26  nrfx_uarte.o(i.nrf_gpio_cfg_input)
    i.nrf_gpio_cfg_output                    0x000035aa   Section        0  nrfx_uarte.o(i.nrf_gpio_cfg_output)
    nrf_gpio_cfg_output                      0x000035ab   Thumb Code    24  nrfx_uarte.o(i.nrf_gpio_cfg_output)
    i.nrf_gpio_cfg_output                    0x000035c2   Section        0  usr_gpio.o(i.nrf_gpio_cfg_output)
    nrf_gpio_cfg_output                      0x000035c3   Thumb Code    48  usr_gpio.o(i.nrf_gpio_cfg_output)
    i.nrf_gpio_pin_clear                     0x000035f2   Section        0  nrf_drv_twi.o(i.nrf_gpio_pin_clear)
    nrf_gpio_pin_clear                       0x000035f3   Thumb Code    22  nrf_drv_twi.o(i.nrf_gpio_pin_clear)
    i.nrf_gpio_pin_clear                     0x00003608   Section        0  usr_gpio.o(i.nrf_gpio_pin_clear)
    nrf_gpio_pin_clear                       0x00003609   Thumb Code    22  usr_gpio.o(i.nrf_gpio_pin_clear)
    i.nrf_gpio_pin_set                       0x0000361e   Section        0  nrfx_uarte.o(i.nrf_gpio_pin_set)
    nrf_gpio_pin_set                         0x0000361f   Thumb Code    22  nrfx_uarte.o(i.nrf_gpio_pin_set)
    i.nrf_gpio_pin_set                       0x00003634   Section        0  nrf_drv_twi.o(i.nrf_gpio_pin_set)
    nrf_gpio_pin_set                         0x00003635   Thumb Code    22  nrf_drv_twi.o(i.nrf_gpio_pin_set)
    i.nrf_gpio_pin_set                       0x0000364a   Section        0  usr_gpio.o(i.nrf_gpio_pin_set)
    nrf_gpio_pin_set                         0x0000364b   Thumb Code    22  usr_gpio.o(i.nrf_gpio_pin_set)
    i.nrf_gpio_pin_toggle                    0x00003660   Section        0  usr_i2c_sensor.o(i.nrf_gpio_pin_toggle)
    nrf_gpio_pin_toggle                      0x00003661   Thumb Code    34  usr_i2c_sensor.o(i.nrf_gpio_pin_toggle)
    i.nrf_timer_compare_event_get            0x00003682   Section        0  nrfx_timer.o(i.nrf_timer_compare_event_get)
    nrf_timer_compare_event_get              0x00003683   Thumb Code    14  nrfx_timer.o(i.nrf_timer_compare_event_get)
    i.nrf_timer_compare_int_get              0x00003690   Section        0  nrfx_timer.o(i.nrf_timer_compare_int_get)
    nrf_timer_compare_int_get                0x00003691   Thumb Code    10  nrfx_timer.o(i.nrf_timer_compare_int_get)
    i.nrf_timer_event_clear                  0x0000369a   Section        0  nrfx_timer.o(i.nrf_timer_event_clear)
    nrf_timer_event_clear                    0x0000369b   Thumb Code    14  nrfx_timer.o(i.nrf_timer_event_clear)
    i.nrf_timer_int_disable                  0x000036a8   Section        0  nrfx_timer.o(i.nrf_timer_int_disable)
    nrf_timer_int_disable                    0x000036a9   Thumb Code     6  nrfx_timer.o(i.nrf_timer_int_disable)
    i.nrf_timer_int_enable                   0x000036ae   Section        0  nrfx_timer.o(i.nrf_timer_int_enable)
    nrf_timer_int_enable                     0x000036af   Thumb Code     6  nrfx_timer.o(i.nrf_timer_int_enable)
    i.nrf_timer_shorts_disable               0x000036b4   Section        0  nrfx_timer.o(i.nrf_timer_shorts_disable)
    nrf_timer_shorts_disable                 0x000036b5   Thumb Code    12  nrfx_timer.o(i.nrf_timer_shorts_disable)
    i.nrf_timer_task_trigger                 0x000036c0   Section        0  nrfx_timer.o(i.nrf_timer_task_trigger)
    nrf_timer_task_trigger                   0x000036c1   Thumb Code     6  nrfx_timer.o(i.nrf_timer_task_trigger)
    i.nrf_twi_disable                        0x000036c6   Section        0  nrfx_twi.o(i.nrf_twi_disable)
    nrf_twi_disable                          0x000036c7   Thumb Code     8  nrfx_twi.o(i.nrf_twi_disable)
    i.nrf_twi_enable                         0x000036ce   Section        0  nrfx_twi.o(i.nrf_twi_enable)
    nrf_twi_enable                           0x000036cf   Thumb Code     8  nrfx_twi.o(i.nrf_twi_enable)
    i.nrf_twi_errorsrc_get_and_clear         0x000036d6   Section        0  nrfx_twi.o(i.nrf_twi_errorsrc_get_and_clear)
    nrf_twi_errorsrc_get_and_clear           0x000036d7   Thumb Code    12  nrfx_twi.o(i.nrf_twi_errorsrc_get_and_clear)
    i.nrf_twi_event_check                    0x000036e2   Section        0  nrfx_twi.o(i.nrf_twi_event_check)
    nrf_twi_event_check                      0x000036e3   Thumb Code    14  nrfx_twi.o(i.nrf_twi_event_check)
    i.nrf_twi_event_clear                    0x000036f0   Section        0  nrfx_twi.o(i.nrf_twi_event_clear)
    nrf_twi_event_clear                      0x000036f1   Thumb Code    14  nrfx_twi.o(i.nrf_twi_event_clear)
    i.nrf_twi_int_disable                    0x000036fe   Section        0  nrfx_twi.o(i.nrf_twi_int_disable)
    nrf_twi_int_disable                      0x000036ff   Thumb Code     6  nrfx_twi.o(i.nrf_twi_int_disable)
    i.nrf_twi_int_enable                     0x00003704   Section        0  nrfx_twi.o(i.nrf_twi_int_enable)
    nrf_twi_int_enable                       0x00003705   Thumb Code     6  nrfx_twi.o(i.nrf_twi_int_enable)
    i.nrf_twi_shorts_set                     0x0000370a   Section        0  nrfx_twi.o(i.nrf_twi_shorts_set)
    nrf_twi_shorts_set                       0x0000370b   Thumb Code     6  nrfx_twi.o(i.nrf_twi_shorts_set)
    i.nrf_twi_task_trigger                   0x00003710   Section        0  nrfx_twi.o(i.nrf_twi_task_trigger)
    nrf_twi_task_trigger                     0x00003711   Thumb Code     6  nrfx_twi.o(i.nrf_twi_task_trigger)
    i.nrf_uarte_errorsrc_get_and_clear       0x00003716   Section        0  nrfx_uarte.o(i.nrf_uarte_errorsrc_get_and_clear)
    nrf_uarte_errorsrc_get_and_clear         0x00003717   Thumb Code    12  nrfx_uarte.o(i.nrf_uarte_errorsrc_get_and_clear)
    i.nrf_uarte_event_check                  0x00003722   Section        0  nrfx_uarte.o(i.nrf_uarte_event_check)
    nrf_uarte_event_check                    0x00003723   Thumb Code    14  nrfx_uarte.o(i.nrf_uarte_event_check)
    i.nrf_uarte_event_clear                  0x00003730   Section        0  nrfx_uarte.o(i.nrf_uarte_event_clear)
    nrf_uarte_event_clear                    0x00003731   Thumb Code    14  nrfx_uarte.o(i.nrf_uarte_event_clear)
    i.nrf_uarte_hwfc_pins_set                0x0000373e   Section        0  nrfx_uarte.o(i.nrf_uarte_hwfc_pins_set)
    nrf_uarte_hwfc_pins_set                  0x0000373f   Thumb Code    12  nrfx_uarte.o(i.nrf_uarte_hwfc_pins_set)
    i.nrf_uarte_int_disable                  0x0000374a   Section        0  nrfx_uarte.o(i.nrf_uarte_int_disable)
    nrf_uarte_int_disable                    0x0000374b   Thumb Code     6  nrfx_uarte.o(i.nrf_uarte_int_disable)
    i.nrf_uarte_int_enable                   0x00003750   Section        0  nrfx_uarte.o(i.nrf_uarte_int_enable)
    nrf_uarte_int_enable                     0x00003751   Thumb Code     6  nrfx_uarte.o(i.nrf_uarte_int_enable)
    i.nrf_uarte_rx_amount_get                0x00003756   Section        0  nrfx_uarte.o(i.nrf_uarte_rx_amount_get)
    nrf_uarte_rx_amount_get                  0x00003757   Thumb Code    10  nrfx_uarte.o(i.nrf_uarte_rx_amount_get)
    i.nrf_uarte_shorts_disable               0x00003760   Section        0  nrfx_uarte.o(i.nrf_uarte_shorts_disable)
    nrf_uarte_shorts_disable                 0x00003761   Thumb Code    12  nrfx_uarte.o(i.nrf_uarte_shorts_disable)
    i.nrf_uarte_task_trigger                 0x0000376c   Section        0  nrfx_uarte.o(i.nrf_uarte_task_trigger)
    nrf_uarte_task_trigger                   0x0000376d   Thumb Code     6  nrfx_uarte.o(i.nrf_uarte_task_trigger)
    i.nrf_uarte_tx_amount_get                0x00003772   Section        0  nrfx_uarte.o(i.nrf_uarte_tx_amount_get)
    nrf_uarte_tx_amount_get                  0x00003773   Thumb Code    10  nrfx_uarte.o(i.nrf_uarte_tx_amount_get)
    i.nrf_uarte_txrx_pins_set                0x0000377c   Section        0  nrfx_uarte.o(i.nrf_uarte_txrx_pins_set)
    nrf_uarte_txrx_pins_set                  0x0000377d   Thumb Code    14  nrfx_uarte.o(i.nrf_uarte_txrx_pins_set)
    i.nrfx_coredep_delay_us                  0x0000378c   Section        0  nrf_drv_twi.o(i.nrfx_coredep_delay_us)
    nrfx_coredep_delay_us                    0x0000378d   Thumb Code    20  nrf_drv_twi.o(i.nrfx_coredep_delay_us)
    i.nrfx_get_irq_number                    0x000037a4   Section        0  nrfx_uarte.o(i.nrfx_get_irq_number)
    nrfx_get_irq_number                      0x000037a5   Thumb Code     8  nrfx_uarte.o(i.nrfx_get_irq_number)
    i.nrfx_get_irq_number                    0x000037ac   Section        0  nrfx_timer.o(i.nrfx_get_irq_number)
    nrfx_get_irq_number                      0x000037ad   Thumb Code     8  nrfx_timer.o(i.nrfx_get_irq_number)
    i.nrfx_get_irq_number                    0x000037b4   Section        0  nrfx_twi.o(i.nrfx_get_irq_number)
    nrfx_get_irq_number                      0x000037b5   Thumb Code     8  nrfx_twi.o(i.nrfx_get_irq_number)
    i.nrfx_is_in_ram                         0x000037bc   Section        0  nrfx_uarte.o(i.nrfx_is_in_ram)
    nrfx_is_in_ram                           0x000037bd   Thumb Code    20  nrfx_uarte.o(i.nrfx_is_in_ram)
    i.nrfx_prs_acquire                       0x000037d0   Section        0  nrfx_prs.o(i.nrfx_prs_acquire)
    i.nrfx_timer_compare                     0x00003818   Section        0  nrfx_timer.o(i.nrfx_timer_compare)
    i.nrfx_timer_enable                      0x00003860   Section        0  nrfx_timer.o(i.nrfx_timer_enable)
    i.nrfx_timer_extended_compare            0x00003884   Section        0  nrfx_timer.o(i.nrfx_timer_extended_compare)
    i.nrfx_timer_init                        0x000038c8   Section        0  nrfx_timer.o(i.nrfx_timer_init)
    i.nrfx_twi_enable                        0x000039c4   Section        0  nrfx_twi.o(i.nrfx_twi_enable)
    i.nrfx_twi_init                          0x000039e8   Section        0  nrfx_twi.o(i.nrfx_twi_init)
    i.nrfx_twi_rx                            0x00003b0c   Section        0  nrfx_twi.o(i.nrfx_twi_rx)
    i.nrfx_twi_tx                            0x00003b3c   Section        0  nrfx_twi.o(i.nrfx_twi_tx)
    i.nrfx_twi_xfer                          0x00003b7c   Section        0  nrfx_twi.o(i.nrfx_twi_xfer)
    i.nrfx_uarte_init                        0x00003bac   Section        0  nrfx_uarte.o(i.nrfx_uarte_init)
    i.nrfx_uarte_rx                          0x00003c2c   Section        0  nrfx_uarte.o(i.nrfx_uarte_rx)
    i.nrfx_uarte_tx                          0x00003d64   Section        0  nrfx_uarte.o(i.nrfx_uarte_tx)
    i.nrfx_uarte_tx_in_progress              0x00003e24   Section        0  nrfx_uarte.o(i.nrfx_uarte_tx_in_progress)
    i.prs_box_get                            0x00003e44   Section        0  nrfx_prs.o(i.prs_box_get)
    prs_box_get                              0x00003e45   Thumb Code    16  nrfx_prs.o(i.prs_box_get)
    i.prvResetNextTaskUnblockTime            0x00003e5c   Section        0  tasks.o(i.prvResetNextTaskUnblockTime)
    prvResetNextTaskUnblockTime              0x00003e5d   Thumb Code    40  tasks.o(i.prvResetNextTaskUnblockTime)
    i.rx_done_event                          0x00003e8c   Section        0  nrfx_uarte.o(i.rx_done_event)
    rx_done_event                            0x00003e8d   Thumb Code    28  nrfx_uarte.o(i.rx_done_event)
    i.twi_clear_bus                          0x00003ea8   Section        0  nrf_drv_twi.o(i.twi_clear_bus)
    twi_clear_bus                            0x00003ea9   Thumb Code   146  nrf_drv_twi.o(i.twi_clear_bus)
    i.twi_evt_handler                        0x00003f40   Section        0  nrf_drv_twi.o(i.twi_evt_handler)
    twi_evt_handler                          0x00003f41   Thumb Code    64  nrf_drv_twi.o(i.twi_evt_handler)
    i.twi_handler                            0x00003f88   Section        0  usr_i2c.o(i.twi_handler)
    i.twi_irq_handler                        0x00003fb4   Section        0  nrfx_twi.o(i.twi_irq_handler)
    twi_irq_handler                          0x00003fb5   Thumb Code   218  nrfx_twi.o(i.twi_irq_handler)
    i.twi_process_error                      0x0000408e   Section        0  nrfx_twi.o(i.twi_process_error)
    twi_process_error                        0x0000408f   Thumb Code    36  nrfx_twi.o(i.twi_process_error)
    i.twi_receive_byte                       0x000040b2   Section        0  nrfx_twi.o(i.twi_receive_byte)
    twi_receive_byte                         0x000040b3   Thumb Code   126  nrfx_twi.o(i.twi_receive_byte)
    i.twi_rx_start_transfer                  0x00004130   Section        0  nrfx_twi.o(i.twi_rx_start_transfer)
    twi_rx_start_transfer                    0x00004131   Thumb Code   218  nrfx_twi.o(i.twi_rx_start_transfer)
    i.twi_send_byte                          0x00004210   Section        0  nrfx_twi.o(i.twi_send_byte)
    twi_send_byte                            0x00004211   Thumb Code    86  nrfx_twi.o(i.twi_send_byte)
    i.twi_transfer                           0x00004266   Section        0  nrfx_twi.o(i.twi_transfer)
    twi_transfer                             0x00004267   Thumb Code   300  nrfx_twi.o(i.twi_transfer)
    i.twi_tx_start_transfer                  0x00004394   Section        0  nrfx_twi.o(i.twi_tx_start_transfer)
    twi_tx_start_transfer                    0x00004395   Thumb Code   200  nrfx_twi.o(i.twi_tx_start_transfer)
    i.twi_xfer                               0x00004460   Section        0  nrfx_twi.o(i.twi_xfer)
    twi_xfer                                 0x00004461   Thumb Code   186  nrfx_twi.o(i.twi_xfer)
    i.tx_done_event                          0x00004520   Section        0  nrfx_uarte.o(i.tx_done_event)
    tx_done_event                            0x00004521   Thumb Code    32  nrfx_uarte.o(i.tx_done_event)
    i.uart_error_handler                     0x00004540   Section        0  usr_uart.o(i.uart_error_handler)
    i.uart_event_handler                     0x00004568   Section        0  app_uart_fifo.o(i.uart_event_handler)
    uart_event_handler                       0x00004569   Thumb Code   200  app_uart_fifo.o(i.uart_event_handler)
    i.uarte_evt_handler                      0x0000464c   Section        0  nrf_drv_uart.o(i.uarte_evt_handler)
    uarte_evt_handler                        0x0000464d   Thumb Code    46  nrf_drv_uart.o(i.uarte_evt_handler)
    i.uarte_irq_handler                      0x00004684   Section        0  nrfx_uarte.o(i.uarte_irq_handler)
    uarte_irq_handler                        0x00004685   Thumb Code   308  nrfx_uarte.o(i.uarte_irq_handler)
    i.vTaskSwitchContext                     0x000047b8   Section        0  tasks.o(i.vTaskSwitchContext)
    i.xTaskIncrementTick                     0x00004850   Section        0  tasks.o(i.xTaskIncrementTick)
    i.xfer_completeness_check                0x00004a04   Section        0  nrfx_twi.o(i.xfer_completeness_check)
    xfer_completeness_check                  0x00004a05   Thumb Code    34  nrfx_twi.o(i.xfer_completeness_check)
    x$fpl$fpinit                             0x00004a26   Section       10  fpinit.o(x$fpl$fpinit)
    $v0                                      0x00004a26   Number         0  fpinit.o(x$fpl$fpinit)
    .constdata                               0x00004a30   Section       32  app_uart_fifo.o(.constdata)
    .constdata                               0x00004a50   Section       48  nrfx_uarte.o(.constdata)
    __func__                                 0x00004a50   Data          16  nrfx_uarte.o(.constdata)
    irq_handlers                             0x00004a60   Data           4  nrfx_uarte.o(.constdata)
    __func__                                 0x00004a64   Data          14  nrfx_uarte.o(.constdata)
    __func__                                 0x00004a72   Data          14  nrfx_uarte.o(.constdata)
    .constdata                               0x00004a80   Section        6  nrf_drv_twi.o(.constdata)
    delay_machine_code                       0x00004a80   Data           6  nrf_drv_twi.o(.constdata)
    .constdata                               0x00004a88   Section       64  nrfx_twi.o(.constdata)
    __func__                                 0x00004a88   Data          14  nrfx_twi.o(.constdata)
    irq_handlers                             0x00004a98   Data           4  nrfx_twi.o(.constdata)
    __func__                                 0x00004a9c   Data           9  nrfx_twi.o(.constdata)
    __func__                                 0x00004aa5   Data          14  nrfx_twi.o(.constdata)
    .constdata                               0x00004ac8   Section       24  usr_uart.o(.constdata)
    .constdata                               0x00004ae0   Section       16  usr_timer.o(.constdata)
    .constdata                               0x00004af0   Section       48  usr_i2c.o(.constdata)
    m_twi                                    0x00004af0   Data          16  usr_i2c.o(.constdata)
    .constdata                               0x00004b20   Section      256  usr_i2c_sensor.o(.constdata)
    crc8_table                               0x00004b20   Data         256  usr_i2c_sensor.o(.constdata)
    .constdata                               0x00004c20   Section       40  _printf_hex_int_ll.o(.constdata)
    uc_hextab                                0x00004c20   Data          20  _printf_hex_int_ll.o(.constdata)
    lc_hextab                                0x00004c34   Data          20  _printf_hex_int_ll.o(.constdata)
    .constdata                               0x00004c48   Section       17  __printf_flags_ss_wp.o(.constdata)
    maptable                                 0x00004c48   Data          17  __printf_flags_ss_wp.o(.constdata)
    .conststring                             0x00004c5c   Section      117  usr_i2c_sensor.o(.conststring)
    .data                                    0x20000000   Section       19  app_uart_fifo.o(.data)
    app_uart_inst                            0x20000000   Data          12  app_uart_fifo.o(.data)
    m_event_handler                          0x2000000c   Data           4  app_uart_fifo.o(.data)
    tx_buffer                                0x20000010   Data           1  app_uart_fifo.o(.data)
    rx_buffer                                0x20000011   Data           1  app_uart_fifo.o(.data)
    m_rx_ovf                                 0x20000012   Data           1  app_uart_fifo.o(.data)
    .data                                    0x20000014   Section        8  retarget.o(.data)
    .data                                    0x2000001c   Section        9  nrf_drv_uart.o(.data)
    m_handlers                               0x2000001c   Data           4  nrf_drv_uart.o(.data)
    m_contexts                               0x20000020   Data           4  nrf_drv_uart.o(.data)
    .data                                    0x20000028   Section        8  nrfx_prs.o(.data)
    m_prs_box_2                              0x20000028   Data           8  nrfx_prs.o(.data)
    .data                                    0x20000030   Section        4  app_util_platform.o(.data)
    m_in_critical_region                     0x20000030   Data           4  app_util_platform.o(.data)
    .data                                    0x20000034   Section       16  nrf_drv_twi.o(.data)
    m_handlers                               0x20000034   Data           8  nrf_drv_twi.o(.data)
    m_contexts                               0x2000003c   Data           8  nrf_drv_twi.o(.data)
    .data                                    0x20000044   Section       64  tasks.o(.data)
    pxDelayedTaskList                        0x20000048   Data           4  tasks.o(.data)
    pxOverflowDelayedTaskList                0x2000004c   Data           4  tasks.o(.data)
    uxDeletedTasksWaitingCleanUp             0x20000050   Data           4  tasks.o(.data)
    uxCurrentNumberOfTasks                   0x20000054   Data           4  tasks.o(.data)
    xTickCount                               0x20000058   Data           4  tasks.o(.data)
    uxTopReadyPriority                       0x2000005c   Data           4  tasks.o(.data)
    xSchedulerRunning                        0x20000060   Data           4  tasks.o(.data)
    xPendedTicks                             0x20000064   Data           4  tasks.o(.data)
    xYieldPendings                           0x20000068   Data           4  tasks.o(.data)
    xNumOfOverflows                          0x2000006c   Data           4  tasks.o(.data)
    uxTaskNumber                             0x20000070   Data           4  tasks.o(.data)
    xNextTaskUnblockTime                     0x20000074   Data           4  tasks.o(.data)
    xIdleTaskHandles                         0x20000078   Data           4  tasks.o(.data)
    uxTopUsedPriority                        0x2000007c   Data           4  tasks.o(.data)
    uxSchedulerSuspended                     0x20000080   Data           4  tasks.o(.data)
    .data                                    0x20000084   Section        4  usr_code.o(.data)
    .data                                    0x20000088   Section        8  usr_timer.o(.data)
    Timer0_Cnt                               0x2000008c   Data           4  usr_timer.o(.data)
    .data                                    0x20000090   Section        6  usr_i2c.o(.data)
    m_xfer_done                              0x20000094   Data           1  usr_i2c.o(.data)
    m_sample                                 0x20000095   Data           1  usr_i2c.o(.data)
    .data                                    0x20000098   Section       94  usr_i2c_sensor.o(.data)
    .data                                    0x200000f8   Section        4  system_nrf52.o(.data)
    __tagsym$$used                           0x200000f8   Number         0  system_nrf52.o(.data)
    .bss                                     0x200000fc   Section       32  app_uart_fifo.o(.bss)
    m_rx_fifo                                0x200000fc   Data          16  app_uart_fifo.o(.bss)
    m_tx_fifo                                0x2000010c   Data          16  app_uart_fifo.o(.bss)
    .bss                                     0x2000011c   Section       36  nrfx_uarte.o(.bss)
    m_cb                                     0x2000011c   Data          36  nrfx_uarte.o(.bss)
    .bss                                     0x20000140   Section       12  nrfx_timer.o(.bss)
    m_cb                                     0x20000140   Data          12  nrfx_timer.o(.bss)
    .bss                                     0x2000014c   Section       60  nrfx_twi.o(.bss)
    m_cb                                     0x2000014c   Data          60  nrfx_twi.o(.bss)
    .bss                                     0x20000188   Section     1612  tasks.o(.bss)
    pxReadyTasksLists                        0x20000188   Data         320  tasks.o(.bss)
    xDelayedTaskList1                        0x200002c8   Data          20  tasks.o(.bss)
    xDelayedTaskList2                        0x200002dc   Data          20  tasks.o(.bss)
    xPendingReadyList                        0x200002f0   Data          20  tasks.o(.bss)
    xTasksWaitingTermination                 0x20000304   Data          20  tasks.o(.bss)
    xSuspendedTaskList                       0x20000318   Data          20  tasks.o(.bss)
    xIdleTaskTCB                             0x2000032c   Data          84  tasks.o(.bss)
    uxIdleTaskStack                          0x20000380   Data         512  tasks.o(.bss)
    xTimerTaskTCB                            0x20000580   Data          84  tasks.o(.bss)
    uxTimerTaskStack                         0x200005d4   Data         512  tasks.o(.bss)
    .bss                                     0x200007d4   Section      512  usr_uart.o(.bss)
    rx_buf                                   0x200007d4   Data         256  usr_uart.o(.bss)
    tx_buf                                   0x200008d4   Data         256  usr_uart.o(.bss)
    .bss                                     0x200009d4   Section      396  usr_i2c_sensor.o(.bss)
    .bss                                     0x20000b60   Section       96  libspace.o(.bss)
    HEAP                                     0x20000bc0   Section     8192  arm_startup_nrf52.o(HEAP)
    Heap_Mem                                 0x20000bc0   Data        8192  arm_startup_nrf52.o(HEAP)
    STACK                                    0x20002bc0   Section     8192  arm_startup_nrf52.o(STACK)
    Stack_Mem                                0x20002bc0   Data        8192  arm_startup_nrf52.o(STACK)
    __initial_sp                             0x20004bc0   Data           0  arm_startup_nrf52.o(STACK)

    Global Symbols

    Symbol Name                              Value     Ov Type        Size  Object(Section)

    BuildAttributes$$THM_ISAv4$E$P$D$K$B$S$7EM$VFPi3$EXTD16$VFPS$VFMA$PE$A:L22UL41UL21$X:L11$S22US41US21$IEEE1$IW$USESV6$~STKCKD$USESV7$~SHL$OSPACE$ROPI$EBA8$UX$STANDARDLIB$REQ8$PRES8$EABIv2 0x00000000   Number         0  anon$$obj.o ABSOLUTE
    __ARM_use_no_argv                        0x00000000   Number         0  usr_main.o ABSOLUTE
    __Vectors                                0x00000000   Data           4  arm_startup_nrf52.o(RESET)
    _printf_flags                            0x00000000   Number         0  printf_stubs.o ABSOLUTE
    _printf_return_value                     0x00000000   Number         0  printf_stubs.o ABSOLUTE
    _printf_sizespec                         0x00000000   Number         0  printf_stubs.o ABSOLUTE
    _printf_widthprec                        0x00000000   Number         0  printf_stubs.o ABSOLUTE
    __ARM_exceptions_init                     - Undefined Weak Reference
    __alloca_initialize                       - Undefined Weak Reference
    __arm_preinit_                            - Undefined Weak Reference
    __cpp_initialize__aeabi_                  - Undefined Weak Reference
    __cxa_finalize                            - Undefined Weak Reference
    __rt_locale                               - Undefined Weak Reference
    __sigvec_lookup                           - Undefined Weak Reference
    _atexit_init                              - Undefined Weak Reference
    _call_atexit_fns                          - Undefined Weak Reference
    _clock_init                               - Undefined Weak Reference
    _fp_trap_init                             - Undefined Weak Reference
    _fp_trap_shutdown                         - Undefined Weak Reference
    _get_lc_collate                           - Undefined Weak Reference
    _get_lc_ctype                             - Undefined Weak Reference
    _get_lc_monetary                          - Undefined Weak Reference
    _get_lc_numeric                           - Undefined Weak Reference
    _get_lc_time                              - Undefined Weak Reference
    _getenv_init                              - Undefined Weak Reference
    _handle_redirection                       - Undefined Weak Reference
    _init_alloc                               - Undefined Weak Reference
    _init_user_alloc                          - Undefined Weak Reference
    _initio                                   - Undefined Weak Reference
    _mutex_acquire                            - Undefined Weak Reference
    _mutex_release                            - Undefined Weak Reference
    _printf_mbtowc                            - Undefined Weak Reference
    _printf_truncate_signed                   - Undefined Weak Reference
    _printf_truncate_unsigned                 - Undefined Weak Reference
    _rand_init                                - Undefined Weak Reference
    _signal_finish                            - Undefined Weak Reference
    _signal_init                              - Undefined Weak Reference
    _terminate_alloc                          - Undefined Weak Reference
    _terminate_user_alloc                     - Undefined Weak Reference
    _terminateio                              - Undefined Weak Reference
    __Vectors_End                            0x00000400   Data           0  arm_startup_nrf52.o(RESET)
    __Vectors_Size                           0x00000400   Number         0  arm_startup_nrf52.o ABSOLUTE
    __main                                   0x00000401   Thumb Code     8  __main.o(!!!main)
    __scatterload                            0x00000409   Thumb Code     0  __scatter.o(!!!scatter)
    __scatterload_rt2                        0x00000409   Thumb Code    44  __scatter.o(!!!scatter)
    __scatterload_rt2_thumb_only             0x00000409   Thumb Code     0  __scatter.o(!!!scatter)
    __scatterload_null                       0x00000417   Thumb Code     0  __scatter.o(!!!scatter)
    __scatterload_copy                       0x0000043d   Thumb Code    26  __scatter_copy.o(!!handler_copy)
    __scatterload_zeroinit                   0x00000459   Thumb Code    28  __scatter_zi.o(!!handler_zi)
    _printf_d                                0x00000475   Thumb Code     0  _printf_d.o(.ARM.Collect$$_printf_percent$$00000009)
    _printf_percent                          0x00000475   Thumb Code     0  _printf_percent.o(.ARM.Collect$$_printf_percent$$00000000)
    _printf_x                                0x0000047b   Thumb Code     0  _printf_x.o(.ARM.Collect$$_printf_percent$$0000000C)
    _printf_percent_end                      0x00000481   Thumb Code     0  _printf_percent_end.o(.ARM.Collect$$_printf_percent$$00000017)
    __rt_lib_init                            0x00000485   Thumb Code     0  libinit.o(.ARM.Collect$$libinit$$00000000)
    __rt_lib_init_fp_1                       0x00000487   Thumb Code     0  libinit2.o(.ARM.Collect$$libinit$$00000001)
    __rt_lib_init_alloca_1                   0x0000048b   Thumb Code     0  libinit2.o(.ARM.Collect$$libinit$$0000002E)
    __rt_lib_init_argv_1                     0x0000048b   Thumb Code     0  libinit2.o(.ARM.Collect$$libinit$$0000002C)
    __rt_lib_init_atexit_1                   0x0000048b   Thumb Code     0  libinit2.o(.ARM.Collect$$libinit$$0000001B)
    __rt_lib_init_clock_1                    0x0000048b   Thumb Code     0  libinit2.o(.ARM.Collect$$libinit$$00000021)
    __rt_lib_init_cpp_1                      0x0000048b   Thumb Code     0  libinit2.o(.ARM.Collect$$libinit$$00000032)
    __rt_lib_init_exceptions_1               0x0000048b   Thumb Code     0  libinit2.o(.ARM.Collect$$libinit$$00000030)
    __rt_lib_init_fp_trap_1                  0x0000048b   Thumb Code     0  libinit2.o(.ARM.Collect$$libinit$$0000001F)
    __rt_lib_init_getenv_1                   0x0000048b   Thumb Code     0  libinit2.o(.ARM.Collect$$libinit$$00000023)
    __rt_lib_init_heap_1                     0x0000048b   Thumb Code     0  libinit2.o(.ARM.Collect$$libinit$$0000000A)
    __rt_lib_init_lc_collate_1               0x0000048b   Thumb Code     0  libinit2.o(.ARM.Collect$$libinit$$00000011)
    __rt_lib_init_lc_ctype_1                 0x0000048b   Thumb Code     0  libinit2.o(.ARM.Collect$$libinit$$00000013)
    __rt_lib_init_lc_monetary_1              0x0000048b   Thumb Code     0  libinit2.o(.ARM.Collect$$libinit$$00000015)
    __rt_lib_init_lc_numeric_1               0x0000048b   Thumb Code     0  libinit2.o(.ARM.Collect$$libinit$$00000017)
    __rt_lib_init_lc_time_1                  0x0000048b   Thumb Code     0  libinit2.o(.ARM.Collect$$libinit$$00000019)
    __rt_lib_init_preinit_1                  0x0000048b   Thumb Code     0  libinit2.o(.ARM.Collect$$libinit$$00000004)
    __rt_lib_init_rand_1                     0x0000048b   Thumb Code     0  libinit2.o(.ARM.Collect$$libinit$$0000000E)
    __rt_lib_init_return                     0x0000048b   Thumb Code     0  libinit2.o(.ARM.Collect$$libinit$$00000033)
    __rt_lib_init_signal_1                   0x0000048b   Thumb Code     0  libinit2.o(.ARM.Collect$$libinit$$0000001D)
    __rt_lib_init_stdio_1                    0x0000048b   Thumb Code     0  libinit2.o(.ARM.Collect$$libinit$$00000025)
    __rt_lib_init_user_alloc_1               0x0000048b   Thumb Code     0  libinit2.o(.ARM.Collect$$libinit$$0000000C)
    __rt_lib_shutdown                        0x0000048d   Thumb Code     0  libshutdown.o(.ARM.Collect$$libshutdown$$00000000)
    __rt_lib_shutdown_fp_trap_1              0x0000048f   Thumb Code     0  libshutdown2.o(.ARM.Collect$$libshutdown$$00000006)
    __rt_lib_shutdown_heap_1                 0x0000048f   Thumb Code     0  libshutdown2.o(.ARM.Collect$$libshutdown$$0000000E)
    __rt_lib_shutdown_return                 0x0000048f   Thumb Code     0  libshutdown2.o(.ARM.Collect$$libshutdown$$0000000F)
    __rt_lib_shutdown_signal_1               0x0000048f   Thumb Code     0  libshutdown2.o(.ARM.Collect$$libshutdown$$00000009)
    __rt_lib_shutdown_stdio_1                0x0000048f   Thumb Code     0  libshutdown2.o(.ARM.Collect$$libshutdown$$00000003)
    __rt_lib_shutdown_user_alloc_1           0x0000048f   Thumb Code     0  libshutdown2.o(.ARM.Collect$$libshutdown$$0000000B)
    __rt_entry                               0x00000491   Thumb Code     0  __rtentry.o(.ARM.Collect$$rtentry$$00000000)
    __rt_entry_presh_1                       0x00000491   Thumb Code     0  __rtentry2.o(.ARM.Collect$$rtentry$$00000002)
    __rt_entry_sh                            0x00000491   Thumb Code     0  __rtentry4.o(.ARM.Collect$$rtentry$$00000004)
    __rt_entry_li                            0x00000497   Thumb Code     0  __rtentry2.o(.ARM.Collect$$rtentry$$0000000A)
    __rt_entry_postsh_1                      0x00000497   Thumb Code     0  __rtentry2.o(.ARM.Collect$$rtentry$$00000009)
    __rt_entry_main                          0x0000049b   Thumb Code     0  __rtentry2.o(.ARM.Collect$$rtentry$$0000000D)
    __rt_entry_postli_1                      0x0000049b   Thumb Code     0  __rtentry2.o(.ARM.Collect$$rtentry$$0000000C)
    __rt_exit                                0x000004a3   Thumb Code     0  rtexit.o(.ARM.Collect$$rtexit$$00000000)
    __rt_exit_ls                             0x000004a5   Thumb Code     0  rtexit2.o(.ARM.Collect$$rtexit$$00000003)
    __rt_exit_prels_1                        0x000004a5   Thumb Code     0  rtexit2.o(.ARM.Collect$$rtexit$$00000002)
    __rt_exit_exit                           0x000004a9   Thumb Code     0  rtexit2.o(.ARM.Collect$$rtexit$$00000004)
    SVC_Handler                              0x000004b1   Thumb Code    28  port.o(.emb_text)
    __asm___6_port_c_39a90d8d__prvStartFirstTask 0x000004d1   Thumb Code    36  port.o(.emb_text)
    __asm___6_port_c_39a90d8d__prvEnableVFP  0x000004f9   Thumb Code    16  port.o(.emb_text)
    PendSV_Handler                           0x0000050d   Thumb Code    88  port.o(.emb_text)
    vPortGetIPSR                             0x00000569   Thumb Code     6  port.o(.emb_text)
    Reset_Handler                            0x00000571   Thumb Code     8  arm_startup_nrf52.o(.text)
    NMI_Handler                              0x00000579   Thumb Code     2  arm_startup_nrf52.o(.text)
    HardFault_Handler                        0x0000057b   Thumb Code     2  arm_startup_nrf52.o(.text)
    MemoryManagement_Handler                 0x0000057d   Thumb Code     2  arm_startup_nrf52.o(.text)
    BusFault_Handler                         0x0000057f   Thumb Code     2  arm_startup_nrf52.o(.text)
    UsageFault_Handler                       0x00000581   Thumb Code     2  arm_startup_nrf52.o(.text)
    DebugMonitor_Handler                     0x00000585   Thumb Code     2  arm_startup_nrf52.o(.text)
    CCM_AAR_IRQHandler                       0x0000058b   Thumb Code     0  arm_startup_nrf52.o(.text)
    COMP_LPCOMP_IRQHandler                   0x0000058b   Thumb Code     0  arm_startup_nrf52.o(.text)
    ECB_IRQHandler                           0x0000058b   Thumb Code     0  arm_startup_nrf52.o(.text)
    FPU_IRQHandler                           0x0000058b   Thumb Code     0  arm_startup_nrf52.o(.text)
    GPIOTE_IRQHandler                        0x0000058b   Thumb Code     0  arm_startup_nrf52.o(.text)
    I2S_IRQHandler                           0x0000058b   Thumb Code     0  arm_startup_nrf52.o(.text)
    MWU_IRQHandler                           0x0000058b   Thumb Code     0  arm_startup_nrf52.o(.text)
    NFCT_IRQHandler                          0x0000058b   Thumb Code     0  arm_startup_nrf52.o(.text)
    PDM_IRQHandler                           0x0000058b   Thumb Code     0  arm_startup_nrf52.o(.text)
    POWER_CLOCK_IRQHandler                   0x0000058b   Thumb Code     0  arm_startup_nrf52.o(.text)
    PWM0_IRQHandler                          0x0000058b   Thumb Code     0  arm_startup_nrf52.o(.text)
    PWM1_IRQHandler                          0x0000058b   Thumb Code     0  arm_startup_nrf52.o(.text)
    PWM2_IRQHandler                          0x0000058b   Thumb Code     0  arm_startup_nrf52.o(.text)
    QDEC_IRQHandler                          0x0000058b   Thumb Code     0  arm_startup_nrf52.o(.text)
    RADIO_IRQHandler                         0x0000058b   Thumb Code     0  arm_startup_nrf52.o(.text)
    RNG_IRQHandler                           0x0000058b   Thumb Code     0  arm_startup_nrf52.o(.text)
    RTC0_IRQHandler                          0x0000058b   Thumb Code     0  arm_startup_nrf52.o(.text)
    RTC1_IRQHandler                          0x0000058b   Thumb Code     0  arm_startup_nrf52.o(.text)
    RTC2_IRQHandler                          0x0000058b   Thumb Code     0  arm_startup_nrf52.o(.text)
    SAADC_IRQHandler                         0x0000058b   Thumb Code     0  arm_startup_nrf52.o(.text)
    SPIM1_SPIS1_TWIM1_TWIS1_SPI1_TWI1_IRQHandler 0x0000058b   Thumb Code     0  arm_startup_nrf52.o(.text)
    SWI0_EGU0_IRQHandler                     0x0000058b   Thumb Code     0  arm_startup_nrf52.o(.text)
    SWI1_EGU1_IRQHandler                     0x0000058b   Thumb Code     0  arm_startup_nrf52.o(.text)
    SWI2_EGU2_IRQHandler                     0x0000058b   Thumb Code     0  arm_startup_nrf52.o(.text)
    SWI3_EGU3_IRQHandler                     0x0000058b   Thumb Code     0  arm_startup_nrf52.o(.text)
    SWI4_EGU4_IRQHandler                     0x0000058b   Thumb Code     0  arm_startup_nrf52.o(.text)
    SWI5_EGU5_IRQHandler                     0x0000058b   Thumb Code     0  arm_startup_nrf52.o(.text)
    TEMP_IRQHandler                          0x0000058b   Thumb Code     0  arm_startup_nrf52.o(.text)
    TIMER1_IRQHandler                        0x0000058b   Thumb Code     0  arm_startup_nrf52.o(.text)
    TIMER2_IRQHandler                        0x0000058b   Thumb Code     0  arm_startup_nrf52.o(.text)
    TIMER3_IRQHandler                        0x0000058b   Thumb Code     0  arm_startup_nrf52.o(.text)
    TIMER4_IRQHandler                        0x0000058b   Thumb Code     0  arm_startup_nrf52.o(.text)
    WDT_IRQHandler                           0x0000058b   Thumb Code     0  arm_startup_nrf52.o(.text)
    __user_initial_stackheap                 0x0000058d   Thumb Code    10  arm_startup_nrf52.o(.text)
    __aeabi_llsr                             0x000005b1   Thumb Code     0  llushr.o(.text)
    _ll_ushift_r                             0x000005b1   Thumb Code    38  llushr.o(.text)
    __2printf                                0x000005d9   Thumb Code    20  noretval__2printf.o(.text)
    _printf_pre_padding                      0x000005f1   Thumb Code    44  _printf_pad.o(.text)
    _printf_post_padding                     0x0000061d   Thumb Code    34  _printf_pad.o(.text)
    _printf_int_dec                          0x00000641   Thumb Code   104  _printf_dec.o(.text)
    _printf_longlong_hex                     0x000006b9   Thumb Code    80  _printf_hex_int_ll.o(.text)
    _printf_int_hex                          0x00000709   Thumb Code    28  _printf_hex_int_ll.o(.text)
    _printf_ll_hex                           0x00000725   Thumb Code    12  _printf_hex_int_ll.o(.text)
    __printf                                 0x00000735   Thumb Code   388  __printf_flags_ss_wp.o(.text)
    __aeabi_memcpy4                          0x000008bd   Thumb Code     0  rt_memcpy_w.o(.text)
    __aeabi_memcpy8                          0x000008bd   Thumb Code     0  rt_memcpy_w.o(.text)
    __rt_memcpy_w                            0x000008bd   Thumb Code   100  rt_memcpy_w.o(.text)
    _memcpy_lastbytes_aligned                0x00000905   Thumb Code     0  rt_memcpy_w.o(.text)
    __aeabi_memclr4                          0x00000921   Thumb Code     0  rt_memclr_w.o(.text)
    __aeabi_memclr8                          0x00000921   Thumb Code     0  rt_memclr_w.o(.text)
    __rt_memclr_w                            0x00000921   Thumb Code    78  rt_memclr_w.o(.text)
    _memset_w                                0x00000925   Thumb Code     0  rt_memclr_w.o(.text)
    __use_two_region_memory                  0x0000096f   Thumb Code     2  heapauxi.o(.text)
    __rt_heap_escrow$2region                 0x00000971   Thumb Code     2  heapauxi.o(.text)
    __rt_heap_expand$2region                 0x00000973   Thumb Code     2  heapauxi.o(.text)
    _printf_int_common                       0x00000975   Thumb Code   178  _printf_intcommon.o(.text)
    _printf_char_file                        0x00000a29   Thumb Code    32  _printf_char_file.o(.text)
    _printf_char_common                      0x00000a57   Thumb Code    32  _printf_char_common.o(.text)
    ferror                                   0x00000a7d   Thumb Code     8  ferror.o(.text)
    __user_setup_stackheap                   0x00000a85   Thumb Code    74  sys_stackheap_outer.o(.text)
    exit                                     0x00000acf   Thumb Code    12  exit.o(.text)
    __user_libspace                          0x00000add   Thumb Code     8  libspace.o(.text)
    __user_perproc_libspace                  0x00000add   Thumb Code     0  libspace.o(.text)
    __user_perthread_libspace                0x00000add   Thumb Code     0  libspace.o(.text)
    _sys_exit                                0x00000ae5   Thumb Code     8  sys_exit.o(.text)
    __I$use$semihosting                      0x00000af1   Thumb Code     0  use_no_semi.o(.text)
    __use_no_semihosting_swi                 0x00000af1   Thumb Code     2  use_no_semi.o(.text)
    __semihosting_library_function           0x00000af3   Thumb Code     0  indicate_semi.o(.text)
    ASC_Read_ASC_Calidata_Rt                 0x00000af5   Thumb Code   520  usr_i2c_sensor.o(i.ASC_Read_ASC_Calidata_Rt)
    ASC_Read_ASC_Func_En                     0x00000de9   Thumb Code   276  usr_i2c_sensor.o(i.ASC_Read_ASC_Func_En)
    ASC_Read_ASC_Humi_RateTh                 0x00000fb9   Thumb Code   274  usr_i2c_sensor.o(i.ASC_Read_ASC_Humi_RateTh)
    ASC_Read_ASC_PPM_HighTh                  0x0000118d   Thumb Code   276  usr_i2c_sensor.o(i.ASC_Read_ASC_PPM_HighTh)
    ASC_Read_ASC_PPM_LowTh                   0x0000135d   Thumb Code   276  usr_i2c_sensor.o(i.ASC_Read_ASC_PPM_LowTh)
    ASC_Read_ASC_TmprHumi_Rt                 0x0000152d   Thumb Code   478  usr_i2c_sensor.o(i.ASC_Read_ASC_TmprHumi_Rt)
    ASC_Read_ASC_Tmpr_RateTh                 0x000017cd   Thumb Code   274  usr_i2c_sensor.o(i.ASC_Read_ASC_Tmpr_RateTh)
    ASC_Write_ASC_Func_En                    0x000019a1   Thumb Code   128  usr_i2c_sensor.o(i.ASC_Write_ASC_Func_En)
    ASC_Write_ASC_Humi_RateTh                0x00001a7d   Thumb Code   132  usr_i2c_sensor.o(i.ASC_Write_ASC_Humi_RateTh)
    ASC_Write_ASC_PPM_HighTh                 0x00001b61   Thumb Code   128  usr_i2c_sensor.o(i.ASC_Write_ASC_PPM_HighTh)
    ASC_Write_ASC_PPM_LowTh                  0x00001c3d   Thumb Code   128  usr_i2c_sensor.o(i.ASC_Write_ASC_PPM_LowTh)
    ASC_Write_ASC_Tmpr_RateTh                0x00001d19   Thumb Code   132  usr_i2c_sensor.o(i.ASC_Write_ASC_Tmpr_RateTh)
    PGS7000V1D0_Read_Datas1                  0x00001e21   Thumb Code   322  usr_i2c_sensor.o(i.PGS7000V1D0_Read_Datas1)
    PGS7000V1D0_Read_FW                      0x00002009   Thumb Code   330  usr_i2c_sensor.o(i.PGS7000V1D0_Read_FW)
    PGS7000V1D0_Read_Rawdata                 0x000021fd   Thumb Code   400  usr_i2c_sensor.o(i.PGS7000V1D0_Read_Rawdata)
    SPIM0_SPIS0_TWIM0_TWIS0_SPI0_TWI0_IRQHandler 0x00002459   Thumb Code    12  nrfx_twi.o(i.SPIM0_SPIS0_TWIM0_TWIS0_SPI0_TWI0_IRQHandler)
    SPIM2_SPIS2_SPI2_IRQHandler              0x0000246d   Thumb Code    10  nrfx_prs.o(i.SPIM2_SPIS2_SPI2_IRQHandler)
    SysTick_Handler                          0x0000247d   Thumb Code    46  port.o(i.SysTick_Handler)
    SystemInit                               0x000024b1   Thumb Code   456  system_nrf52.o(i.SystemInit)
    TIMER0_IRQHandler                        0x000026b1   Thumb Code    14  nrfx_timer.o(i.TIMER0_IRQHandler)
    Timer0_Handler                           0x000026c9   Thumb Code   104  usr_timer.o(i.Timer0_Handler)
    UARTE0_UART0_IRQHandler                  0x00002739   Thumb Code    12  nrfx_uarte.o(i.UARTE0_UART0_IRQHandler)
    Usr_GPIO_InitSetup                       0x0000274d   Thumb Code    76  usr_gpio.o(i.Usr_GPIO_InitSetup)
    Usr_I2C_InitSetup                        0x00002799   Thumb Code    50  usr_i2c.o(i.Usr_I2C_InitSetup)
    Usr_I2C_MainLoop                         0x000027d9   Thumb Code     2  usr_i2c.o(i.Usr_I2C_MainLoop)
    Usr_I2C_Read                             0x000027dd   Thumb Code   114  usr_i2c.o(i.Usr_I2C_Read)
    Usr_I2C_Write                            0x00002879   Thumb Code   130  usr_i2c.o(i.Usr_I2C_Write)
    Usr_InitSetup                            0x00002909   Thumb Code    64  usr_code.o(i.Usr_InitSetup)
    Usr_MainLoop                             0x00002999   Thumb Code    16  usr_code.o(i.Usr_MainLoop)
    Usr_Timer_InitSetup                      0x000029a9   Thumb Code   116  usr_timer.o(i.Usr_Timer_InitSetup)
    Usr_Timer_MainLoop                       0x00002a2d   Thumb Code     2  usr_timer.o(i.Usr_Timer_MainLoop)
    Usr_Uart_InitSetup                       0x00002a31   Thumb Code    66  usr_uart.o(i.Usr_Uart_InitSetup)
    Usr_Uart_MainLoop                        0x00002a89   Thumb Code   318  usr_uart.o(i.Usr_Uart_MainLoop)
    _is_digit                                0x00002bc7   Thumb Code    14  __printf_wp.o(i._is_digit)
    app_error_fault_handler                  0x00002bd5   Thumb Code    82  app_error_weak.o(i.app_error_fault_handler)
    app_error_handler_bare                   0x00002c31   Thumb Code    28  app_error.o(i.app_error_handler_bare)
    app_fifo_get                             0x00002c4d   Thumb Code    30  app_fifo.o(i.app_fifo_get)
    app_fifo_init                            0x00002c6b   Thumb Code    36  app_fifo.o(i.app_fifo_init)
    app_fifo_put                             0x00002c8f   Thumb Code    34  app_fifo.o(i.app_fifo_put)
    app_uart_get                             0x00002cb1   Thumb Code    66  app_uart_fifo.o(i.app_uart_get)
    app_uart_init                            0x00002d05   Thumb Code   188  app_uart_fifo.o(i.app_uart_init)
    app_uart_put                             0x00002de1   Thumb Code    62  app_uart_fifo.o(i.app_uart_put)
    app_util_critical_region_enter           0x00002e2d   Thumb Code    10  app_util_platform.o(i.app_util_critical_region_enter)
    app_util_critical_region_exit            0x00002e37   Thumb Code    10  app_util_platform.o(i.app_util_critical_region_exit)
    app_util_disable_irq                     0x00002e41   Thumb Code    14  app_util_platform.o(i.app_util_disable_irq)
    app_util_enable_irq                      0x00002e55   Thumb Code    20  app_util_platform.o(i.app_util_enable_irq)
    fputc                                    0x00002f39   Thumb Code    16  retarget.o(i.fputc)
    main                                     0x00003059   Thumb Code    18  usr_main.o(i.main)
    nrf_drv_twi_init                         0x00003461   Thumb Code    68  nrf_drv_twi.o(i.nrf_drv_twi_init)
    nrf_drv_uart_init                        0x000034b1   Thumb Code    72  nrf_drv_uart.o(i.nrf_drv_uart_init)
    nrfx_prs_acquire                         0x000037d1   Thumb Code    72  nrfx_prs.o(i.nrfx_prs_acquire)
    nrfx_timer_compare                       0x00003819   Thumb Code    72  nrfx_timer.o(i.nrfx_timer_compare)
    nrfx_timer_enable                        0x00003861   Thumb Code    30  nrfx_timer.o(i.nrfx_timer_enable)
    nrfx_timer_extended_compare              0x00003885   Thumb Code    66  nrfx_timer.o(i.nrfx_timer_extended_compare)
    nrfx_timer_init                          0x000038c9   Thumb Code   238  nrfx_timer.o(i.nrfx_timer_init)
    nrfx_twi_enable                          0x000039c5   Thumb Code    32  nrfx_twi.o(i.nrfx_twi_enable)
    nrfx_twi_init                            0x000039e9   Thumb Code   274  nrfx_twi.o(i.nrfx_twi_init)
    nrfx_twi_rx                              0x00003b0d   Thumb Code    44  nrfx_twi.o(i.nrfx_twi_rx)
    nrfx_twi_tx                              0x00003b3d   Thumb Code    62  nrfx_twi.o(i.nrfx_twi_tx)
    nrfx_twi_xfer                            0x00003b7d   Thumb Code    44  nrfx_twi.o(i.nrfx_twi_xfer)
    nrfx_uarte_init                          0x00003bad   Thumb Code   120  nrfx_uarte.o(i.nrfx_uarte_init)
    nrfx_uarte_rx                            0x00003c2d   Thumb Code   306  nrfx_uarte.o(i.nrfx_uarte_rx)
    nrfx_uarte_tx                            0x00003d65   Thumb Code   188  nrfx_uarte.o(i.nrfx_uarte_tx)
    nrfx_uarte_tx_in_progress                0x00003e25   Thumb Code    26  nrfx_uarte.o(i.nrfx_uarte_tx_in_progress)
    twi_handler                              0x00003f89   Thumb Code    34  usr_i2c.o(i.twi_handler)
    uart_error_handler                       0x00004541   Thumb Code    38  usr_uart.o(i.uart_error_handler)
    vTaskSwitchContext                       0x000047b9   Thumb Code   130  tasks.o(i.vTaskSwitchContext)
    xTaskIncrementTick                       0x00004851   Thumb Code   392  tasks.o(i.xTaskIncrementTick)
    _fp_init                                 0x00004a27   Thumb Code    10  fpinit.o(x$fpl$fpinit)
    __fplib_config_fpu_vfp                   0x00004a2f   Thumb Code     0  fpinit.o(x$fpl$fpinit)
    __fplib_config_pureend_doubles           0x00004a2f   Thumb Code     0  fpinit.o(x$fpl$fpinit)
    Usr_Uart0_Params                         0x00004ac8   Data          24  usr_uart.o(.constdata)
    Timer0_St                                0x00004ae0   Data           8  usr_timer.o(.constdata)
    Timer0_Config                            0x00004ae8   Data           8  usr_timer.o(.constdata)
    Region$$Table$$Base                      0x00004cd4   Number         0  anon$$obj.o(Region$$Table)
    Region$$Table$$Limit                     0x00004cf4   Number         0  anon$$obj.o(Region$$Table)
    __stdout                                 0x20000014   Data           4  retarget.o(.data)
    __stdin                                  0x20000018   Data           4  retarget.o(.data)
    nrf_drv_uart_use_easy_dma                0x20000024   Data           1  nrf_drv_uart.o(.data)
    pxCurrentTCB                             0x20000044   Data           4  tasks.o(.data)
    CPU_ResetReas                            0x20000084   Data           4  usr_code.o(.data)
    Timer0_Handler_Ptr                       0x20000088   Data           4  usr_timer.o(.data)
    I2C_Addr_7B                              0x20000090   Data           1  usr_i2c.o(.data)
    I2C_Addr_Wt                              0x20000091   Data           1  usr_i2c.o(.data)
    I2C_Addr_Rd                              0x20000092   Data           1  usr_i2c.o(.data)
    I2C_Timeout_Cnt                          0x20000093   Data           1  usr_i2c.o(.data)
    I2C_WtLen                                0x20000098   Data           1  usr_i2c_sensor.o(.data)
    I2C_RdLen                                0x20000099   Data           1  usr_i2c_sensor.o(.data)
    I2C_WtLen1                               0x2000009a   Data           1  usr_i2c_sensor.o(.data)
    I2C_RdLen1                               0x2000009b   Data           1  usr_i2c_sensor.o(.data)
    I2C_WtLen2                               0x2000009c   Data           1  usr_i2c_sensor.o(.data)
    I2C_RdLen2                               0x2000009d   Data           1  usr_i2c_sensor.o(.data)
    PAV3000_Rawdata                          0x2000009e   Data           2  usr_i2c_sensor.o(.data)
    PAV3000_Calidata                         0x200000a0   Data           2  usr_i2c_sensor.o(.data)
    PGS7000_V1D0_Tmpr                        0x200000a2   Data           2  usr_i2c_sensor.o(.data)
    PGS7000_V1D0_Humi                        0x200000a4   Data           2  usr_i2c_sensor.o(.data)
    PGS7000_V1D0_FW                          0x200000a8   Data           4  usr_i2c_sensor.o(.data)
    PGS7000_ProductNum                       0x200000ac   Data           4  usr_i2c_sensor.o(.data)
    PGS7000_SN                               0x200000b0   Data           8  usr_i2c_sensor.o(.data)
    PGS7000_GasType                          0x200000b8   Data           2  usr_i2c_sensor.o(.data)
    PGS7000_StartMeas                        0x200000ba   Data           2  usr_i2c_sensor.o(.data)
    PGS7000_PPM                              0x200000bc   Data           2  usr_i2c_sensor.o(.data)
    PGS7000_ErrCode                          0x200000be   Data           2  usr_i2c_sensor.o(.data)
    PGS7000_Tmpr                             0x200000c0   Data           2  usr_i2c_sensor.o(.data)
    PGS7000_Humi                             0x200000c2   Data           2  usr_i2c_sensor.o(.data)
    PGS7000_AstValue                         0x200000c4   Data           2  usr_i2c_sensor.o(.data)
    PGS7000_HumiRate                         0x200000c6   Data           2  usr_i2c_sensor.o(.data)
    PGS7000_TmprRaw                          0x200000c8   Data           2  usr_i2c_sensor.o(.data)
    PGS7000_SRaw_Original                    0x200000ca   Data           2  usr_i2c_sensor.o(.data)
    PGS7000_SRaw_Aft_TmprComp                0x200000cc   Data           2  usr_i2c_sensor.o(.data)
    PGS7000_PPM_0                            0x200000ce   Data           2  usr_i2c_sensor.o(.data)
    PGS7000_PPM_1                            0x200000d0   Data           2  usr_i2c_sensor.o(.data)
    PGS7000_PPM_f                            0x200000d4   Data           4  usr_i2c_sensor.o(.data)
    PGS7000_LFL_0                            0x200000d8   Data           2  usr_i2c_sensor.o(.data)
    ASC_Func_En                              0x200000da   Data           2  usr_i2c_sensor.o(.data)
    ASC_Usr_En                               0x200000dc   Data           2  usr_i2c_sensor.o(.data)
    ASC_Param_En                             0x200000de   Data           2  usr_i2c_sensor.o(.data)
    ASC_PPM_HighTh                           0x200000e0   Data           2  usr_i2c_sensor.o(.data)
    ASC_PPM_LowTh                            0x200000e2   Data           2  usr_i2c_sensor.o(.data)
    ASC_Tmpr_RateTh                          0x200000e4   Data           2  usr_i2c_sensor.o(.data)
    ASC_Humi_RateTh                          0x200000e6   Data           2  usr_i2c_sensor.o(.data)
    ASC_Tmpr_Rt                              0x200000e8   Data           2  usr_i2c_sensor.o(.data)
    ASC_Humi_Rt                              0x200000ea   Data           2  usr_i2c_sensor.o(.data)
    ASC_Tmpr_RateMax30M                      0x200000ec   Data           2  usr_i2c_sensor.o(.data)
    ASC_Humi_RateMax30M                      0x200000ee   Data           2  usr_i2c_sensor.o(.data)
    ASC_Tmpr_Rate                            0x200000f0   Data           2  usr_i2c_sensor.o(.data)
    ASC_Humi_Rate                            0x200000f2   Data           2  usr_i2c_sensor.o(.data)
    ASC_Adjust_Cnt                           0x200000f4   Data           2  usr_i2c_sensor.o(.data)
    SystemCoreClock                          0x200000f8   Data           4  system_nrf52.o(.data)
    I2C_WtBuff                               0x200009d4   Data          64  usr_i2c_sensor.o(.bss)
    I2C_RdBuff                               0x20000a14   Data          64  usr_i2c_sensor.o(.bss)
    I2C_WtBuff1                              0x20000a54   Data          64  usr_i2c_sensor.o(.bss)
    I2C_RdBuff1                              0x20000a94   Data          64  usr_i2c_sensor.o(.bss)
    I2C_WtBuff2                              0x20000ad4   Data          64  usr_i2c_sensor.o(.bss)
    I2C_RdBuff2                              0x20000b14   Data          64  usr_i2c_sensor.o(.bss)
    ASC_Adjust_Value                         0x20000b54   Data          12  usr_i2c_sensor.o(.bss)
    __libspace_start                         0x20000b60   Data          96  libspace.o(.bss)
    __temporary_stack_top$libspace           0x20000bc0   Data           0  libspace.o(.bss)



==============================================================================

Memory Map of the image

  Image Entry point : 0x00000401

  Load Region LR_IROM1 (Base: 0x00000000, Size: 0x00004df0, Max: 0x00080000, ABSOLUTE)

    Execution Region ER_IROM1 (Base: 0x00000000, Size: 0x00004cf4, Max: 0x00080000, ABSOLUTE)

    Base Addr    Size         Type   Attr      Idx    E Section Name        Object

    0x00000000   0x00000400   Data   RO         3350    RESET               arm_startup_nrf52.o
    0x00000400   0x00000008   Code   RO         5400  * !!!main             c_w.l(__main.o)
    0x00000408   0x00000034   Code   RO         5572    !!!scatter          c_w.l(__scatter.o)
    0x0000043c   0x0000001a   Code   RO         5574    !!handler_copy      c_w.l(__scatter_copy.o)
    0x00000456   0x00000002   PAD
    0x00000458   0x0000001c   Code   RO         5576    !!handler_zi        c_w.l(__scatter_zi.o)
    0x00000474   0x00000000   Code   RO         5386    .ARM.Collect$$_printf_percent$$00000000  c_w.l(_printf_percent.o)
    0x00000474   0x00000006   Code   RO         5385    .ARM.Collect$$_printf_percent$$00000009  c_w.l(_printf_d.o)
    0x0000047a   0x00000006   Code   RO         5384    .ARM.Collect$$_printf_percent$$0000000C  c_w.l(_printf_x.o)
    0x00000480   0x00000004   Code   RO         5409    .ARM.Collect$$_printf_percent$$00000017  c_w.l(_printf_percent_end.o)
    0x00000484   0x00000002   Code   RO         5443    .ARM.Collect$$libinit$$00000000  c_w.l(libinit.o)
    0x00000486   0x00000004   Code   RO         5449    .ARM.Collect$$libinit$$00000001  c_w.l(libinit2.o)
    0x0000048a   0x00000000   Code   RO         5452    .ARM.Collect$$libinit$$00000004  c_w.l(libinit2.o)
    0x0000048a   0x00000000   Code   RO         5455    .ARM.Collect$$libinit$$0000000A  c_w.l(libinit2.o)
    0x0000048a   0x00000000   Code   RO         5457    .ARM.Collect$$libinit$$0000000C  c_w.l(libinit2.o)
    0x0000048a   0x00000000   Code   RO         5459    .ARM.Collect$$libinit$$0000000E  c_w.l(libinit2.o)
    0x0000048a   0x00000000   Code   RO         5462    .ARM.Collect$$libinit$$00000011  c_w.l(libinit2.o)
    0x0000048a   0x00000000   Code   RO         5464    .ARM.Collect$$libinit$$00000013  c_w.l(libinit2.o)
    0x0000048a   0x00000000   Code   RO         5466    .ARM.Collect$$libinit$$00000015  c_w.l(libinit2.o)
    0x0000048a   0x00000000   Code   RO         5468    .ARM.Collect$$libinit$$00000017  c_w.l(libinit2.o)
    0x0000048a   0x00000000   Code   RO         5470    .ARM.Collect$$libinit$$00000019  c_w.l(libinit2.o)
    0x0000048a   0x00000000   Code   RO         5472    .ARM.Collect$$libinit$$0000001B  c_w.l(libinit2.o)
    0x0000048a   0x00000000   Code   RO         5474    .ARM.Collect$$libinit$$0000001D  c_w.l(libinit2.o)
    0x0000048a   0x00000000   Code   RO         5476    .ARM.Collect$$libinit$$0000001F  c_w.l(libinit2.o)
    0x0000048a   0x00000000   Code   RO         5478    .ARM.Collect$$libinit$$00000021  c_w.l(libinit2.o)
    0x0000048a   0x00000000   Code   RO         5480    .ARM.Collect$$libinit$$00000023  c_w.l(libinit2.o)
    0x0000048a   0x00000000   Code   RO         5482    .ARM.Collect$$libinit$$00000025  c_w.l(libinit2.o)
    0x0000048a   0x00000000   Code   RO         5486    .ARM.Collect$$libinit$$0000002C  c_w.l(libinit2.o)
    0x0000048a   0x00000000   Code   RO         5488    .ARM.Collect$$libinit$$0000002E  c_w.l(libinit2.o)
    0x0000048a   0x00000000   Code   RO         5490    .ARM.Collect$$libinit$$00000030  c_w.l(libinit2.o)
    0x0000048a   0x00000000   Code   RO         5492    .ARM.Collect$$libinit$$00000032  c_w.l(libinit2.o)
    0x0000048a   0x00000002   Code   RO         5493    .ARM.Collect$$libinit$$00000033  c_w.l(libinit2.o)
    0x0000048c   0x00000002   Code   RO         5513    .ARM.Collect$$libshutdown$$00000000  c_w.l(libshutdown.o)
    0x0000048e   0x00000000   Code   RO         5527    .ARM.Collect$$libshutdown$$00000003  c_w.l(libshutdown2.o)
    0x0000048e   0x00000000   Code   RO         5530    .ARM.Collect$$libshutdown$$00000006  c_w.l(libshutdown2.o)
    0x0000048e   0x00000000   Code   RO         5533    .ARM.Collect$$libshutdown$$00000009  c_w.l(libshutdown2.o)
    0x0000048e   0x00000000   Code   RO         5535    .ARM.Collect$$libshutdown$$0000000B  c_w.l(libshutdown2.o)
    0x0000048e   0x00000000   Code   RO         5538    .ARM.Collect$$libshutdown$$0000000E  c_w.l(libshutdown2.o)
    0x0000048e   0x00000002   Code   RO         5539    .ARM.Collect$$libshutdown$$0000000F  c_w.l(libshutdown2.o)
    0x00000490   0x00000000   Code   RO         5402    .ARM.Collect$$rtentry$$00000000  c_w.l(__rtentry.o)
    0x00000490   0x00000000   Code   RO         5412    .ARM.Collect$$rtentry$$00000002  c_w.l(__rtentry2.o)
    0x00000490   0x00000006   Code   RO         5424    .ARM.Collect$$rtentry$$00000004  c_w.l(__rtentry4.o)
    0x00000496   0x00000000   Code   RO         5414    .ARM.Collect$$rtentry$$00000009  c_w.l(__rtentry2.o)
    0x00000496   0x00000004   Code   RO         5415    .ARM.Collect$$rtentry$$0000000A  c_w.l(__rtentry2.o)
    0x0000049a   0x00000000   Code   RO         5417    .ARM.Collect$$rtentry$$0000000C  c_w.l(__rtentry2.o)
    0x0000049a   0x00000008   Code   RO         5418    .ARM.Collect$$rtentry$$0000000D  c_w.l(__rtentry2.o)
    0x000004a2   0x00000002   Code   RO         5447    .ARM.Collect$$rtexit$$00000000  c_w.l(rtexit.o)
    0x000004a4   0x00000000   Code   RO         5495    .ARM.Collect$$rtexit$$00000002  c_w.l(rtexit2.o)
    0x000004a4   0x00000004   Code   RO         5496    .ARM.Collect$$rtexit$$00000003  c_w.l(rtexit2.o)
    0x000004a8   0x00000006   Code   RO         5497    .ARM.Collect$$rtexit$$00000004  c_w.l(rtexit2.o)
    0x000004ae   0x00000002   PAD
    0x000004b0   0x000000be   Code   RO         2665    .emb_text           port.o
    0x0000056e   0x00000002   PAD
    0x00000570   0x00000040   Code   RO         3351    .text               arm_startup_nrf52.o
    0x000005b0   0x00000026   Code   RO         5328    .text               c_w.l(llushr.o)
    0x000005d6   0x00000002   PAD
    0x000005d8   0x00000018   Code   RO         5332    .text               c_w.l(noretval__2printf.o)
    0x000005f0   0x0000004e   Code   RO         5336    .text               c_w.l(_printf_pad.o)
    0x0000063e   0x00000002   PAD
    0x00000640   0x00000078   Code   RO         5340    .text               c_w.l(_printf_dec.o)
    0x000006b8   0x0000007c   Code   RO         5348    .text               c_w.l(_printf_hex_int_ll.o)
    0x00000734   0x00000188   Code   RO         5380    .text               c_w.l(__printf_flags_ss_wp.o)
    0x000008bc   0x00000064   Code   RO         5390    .text               c_w.l(rt_memcpy_w.o)
    0x00000920   0x0000004e   Code   RO         5396    .text               c_w.l(rt_memclr_w.o)
    0x0000096e   0x00000006   Code   RO         5398    .text               c_w.l(heapauxi.o)
    0x00000974   0x000000b2   Code   RO         5403    .text               c_w.l(_printf_intcommon.o)
    0x00000a26   0x00000002   PAD
    0x00000a28   0x00000024   Code   RO         5407    .text               c_w.l(_printf_char_file.o)
    0x00000a4c   0x00000030   Code   RO         5426    .text               c_w.l(_printf_char_common.o)
    0x00000a7c   0x00000008   Code   RO         5428    .text               c_w.l(ferror.o)
    0x00000a84   0x0000004a   Code   RO         5432    .text               c_w.l(sys_stackheap_outer.o)
    0x00000ace   0x0000000c   Code   RO         5436    .text               c_w.l(exit.o)
    0x00000ada   0x00000002   PAD
    0x00000adc   0x00000008   Code   RO         5444    .text               c_w.l(libspace.o)
    0x00000ae4   0x0000000c   Code   RO         5505    .text               c_w.l(sys_exit.o)
    0x00000af0   0x00000002   Code   RO         5516    .text               c_w.l(use_no_semi.o)
    0x00000af2   0x00000000   Code   RO         5518    .text               c_w.l(indicate_semi.o)
    0x00000af2   0x00000002   PAD
    0x00000af4   0x000002f4   Code   RO         3155    i.ASC_Read_ASC_Calidata_Rt  usr_i2c_sensor.o
    0x00000de8   0x000001d0   Code   RO         3156    i.ASC_Read_ASC_Func_En  usr_i2c_sensor.o
    0x00000fb8   0x000001d4   Code   RO         3157    i.ASC_Read_ASC_Humi_RateTh  usr_i2c_sensor.o
    0x0000118c   0x000001d0   Code   RO         3158    i.ASC_Read_ASC_PPM_HighTh  usr_i2c_sensor.o
    0x0000135c   0x000001d0   Code   RO         3159    i.ASC_Read_ASC_PPM_LowTh  usr_i2c_sensor.o
    0x0000152c   0x000002a0   Code   RO         3160    i.ASC_Read_ASC_TmprHumi_Rt  usr_i2c_sensor.o
    0x000017cc   0x000001d4   Code   RO         3161    i.ASC_Read_ASC_Tmpr_RateTh  usr_i2c_sensor.o
    0x000019a0   0x000000dc   Code   RO         3163    i.ASC_Write_ASC_Func_En  usr_i2c_sensor.o
    0x00001a7c   0x000000e4   Code   RO         3164    i.ASC_Write_ASC_Humi_RateTh  usr_i2c_sensor.o
    0x00001b60   0x000000dc   Code   RO         3165    i.ASC_Write_ASC_PPM_HighTh  usr_i2c_sensor.o
    0x00001c3c   0x000000dc   Code   RO         3166    i.ASC_Write_ASC_PPM_LowTh  usr_i2c_sensor.o
    0x00001d18   0x000000e4   Code   RO         3167    i.ASC_Write_ASC_Tmpr_RateTh  usr_i2c_sensor.o
    0x00001dfc   0x00000024   Code   RO         3170    i.PAV7000_CRC8      usr_i2c_sensor.o
    0x00001e20   0x000001e8   Code   RO         3173    i.PGS7000V1D0_Read_Datas1  usr_i2c_sensor.o
    0x00002008   0x000001f4   Code   RO         3174    i.PGS7000V1D0_Read_FW  usr_i2c_sensor.o
    0x000021fc   0x0000025c   Code   RO         3176    i.PGS7000V1D0_Read_Rawdata  usr_i2c_sensor.o
    0x00002458   0x00000014   Code   RO         1167    i.SPIM0_SPIS0_TWIM0_TWIS0_SPI0_TWI0_IRQHandler  nrfx_twi.o
    0x0000246c   0x00000010   Code   RO          800    i.SPIM2_SPIS2_SPI2_IRQHandler  nrfx_prs.o
    0x0000247c   0x00000034   Code   RO         2666    i.SysTick_Handler   port.o
    0x000024b0   0x00000200   Code   RO         3359    i.SystemInit        system_nrf52.o
    0x000026b0   0x00000018   Code   RO          914    i.TIMER0_IRQHandler  nrfx_timer.o
    0x000026c8   0x00000070   Code   RO         2963    i.Timer0_Handler    usr_timer.o
    0x00002738   0x00000014   Code   RO          438    i.UARTE0_UART0_IRQHandler  nrfx_uarte.o
    0x0000274c   0x0000004c   Code   RO         2840    i.Usr_GPIO_InitSetup  usr_gpio.o
    0x00002798   0x00000040   Code   RO         3030    i.Usr_I2C_InitSetup  usr_i2c.o
    0x000027d8   0x00000002   Code   RO         3031    i.Usr_I2C_MainLoop  usr_i2c.o
    0x000027da   0x00000002   PAD
    0x000027dc   0x0000009c   Code   RO         3032    i.Usr_I2C_Read      usr_i2c.o
    0x00002878   0x00000090   Code   RO         3033    i.Usr_I2C_Write     usr_i2c.o
    0x00002908   0x00000090   Code   RO         2776    i.Usr_InitSetup     usr_code.o
    0x00002998   0x00000010   Code   RO         2777    i.Usr_MainLoop      usr_code.o
    0x000029a8   0x00000084   Code   RO         2964    i.Usr_Timer_InitSetup  usr_timer.o
    0x00002a2c   0x00000002   Code   RO         2965    i.Usr_Timer_MainLoop  usr_timer.o
    0x00002a2e   0x00000002   PAD
    0x00002a30   0x00000058   Code   RO         2901    i.Usr_Uart_InitSetup  usr_uart.o
    0x00002a88   0x0000013e   Code   RO         2902    i.Usr_Uart_MainLoop  usr_uart.o
    0x00002bc6   0x0000000e   Code   RO         5373    i._is_digit         c_w.l(__printf_wp.o)
    0x00002bd4   0x0000005c   Code   RO          337    i.app_error_fault_handler  app_error_weak.o
    0x00002c30   0x0000001c   Code   RO          271    i.app_error_handler_bare  app_error.o
    0x00002c4c   0x0000001e   Code   RO          680    i.app_fifo_get      app_fifo.o
    0x00002c6a   0x00000024   Code   RO          681    i.app_fifo_init     app_fifo.o
    0x00002c8e   0x00000022   Code   RO          683    i.app_fifo_put      app_fifo.o
    0x00002cb0   0x00000054   Code   RO            6    i.app_uart_get      app_uart_fifo.o
    0x00002d04   0x000000dc   Code   RO            7    i.app_uart_init     app_uart_fifo.o
    0x00002de0   0x0000004c   Code   RO            8    i.app_uart_put      app_uart_fifo.o
    0x00002e2c   0x0000000a   Code   RO          851    i.app_util_critical_region_enter  app_util_platform.o
    0x00002e36   0x0000000a   Code   RO          852    i.app_util_critical_region_exit  app_util_platform.o
    0x00002e40   0x00000014   Code   RO          853    i.app_util_disable_irq  app_util_platform.o
    0x00002e54   0x00000018   Code   RO          854    i.app_util_enable_irq  app_util_platform.o
    0x00002e6c   0x0000007c   Code   RO          439    i.apply_config      nrfx_uarte.o
    0x00002ee8   0x00000018   Code   RO          686    i.fifo_get          app_fifo.o
    0x00002f00   0x0000000a   Code   RO            9    i.fifo_length       app_uart_fifo.o
    0x00002f0a   0x0000000a   Code   RO          687    i.fifo_length       app_fifo.o
    0x00002f14   0x00000012   Code   RO          688    i.fifo_peek         app_fifo.o
    0x00002f26   0x00000012   Code   RO          689    i.fifo_put          app_fifo.o
    0x00002f38   0x00000010   Code   RO          228    i.fputc             retarget.o
    0x00002f48   0x000000b4   Code   RO          441    i.interrupts_enable  nrfx_uarte.o
    0x00002ffc   0x0000005c   Code   RO          915    i.irq_handler       nrfx_timer.o
    0x00003058   0x00000044   Code   RO         2751    i.main              usr_main.o
    0x0000309c   0x0000005c   Code   RO         3446    i.nrf52_errata_108  system_nrf52.o
    0x000030f8   0x0000005c   Code   RO         3458    i.nrf52_errata_12   system_nrf52.o
    0x00003154   0x0000005c   Code   RO         3469    i.nrf52_errata_136  system_nrf52.o
    0x000031b0   0x00000044   Code   RO         3488    i.nrf52_errata_16   system_nrf52.o
    0x000031f4   0x00000040   Code   RO         3505    i.nrf52_errata_182  system_nrf52.o
    0x00003234   0x00000040   Code   RO         3557    i.nrf52_errata_249  system_nrf52.o
    0x00003274   0x0000005c   Code   RO         3567    i.nrf52_errata_31   system_nrf52.o
    0x000032d0   0x00000044   Code   RO         3568    i.nrf52_errata_32   system_nrf52.o
    0x00003314   0x0000005c   Code   RO         3572    i.nrf52_errata_36   system_nrf52.o
    0x00003370   0x00000044   Code   RO         3573    i.nrf52_errata_37   system_nrf52.o
    0x000033b4   0x00000044   Code   RO         3589    i.nrf52_errata_57   system_nrf52.o
    0x000033f8   0x0000005c   Code   RO         3595    i.nrf52_errata_66   system_nrf52.o
    0x00003454   0x0000000c   Code   RO         3034    i.nrf_drv_twi_enable  usr_i2c.o
    0x00003460   0x00000050   Code   RO         1083    i.nrf_drv_twi_init  nrf_drv_twi.o
    0x000034b0   0x00000054   Code   RO          759    i.nrf_drv_uart_init  nrf_drv_uart.o
    0x00003504   0x0000001e   Code   RO           10    i.nrf_drv_uart_rx   app_uart_fifo.o
    0x00003522   0x0000001e   Code   RO           11    i.nrf_drv_uart_tx   app_uart_fifo.o
    0x00003540   0x00000028   Code   RO          442    i.nrf_gpio_cfg      nrfx_uarte.o
    0x00003568   0x00000028   Code   RO         1168    i.nrf_gpio_cfg      nrfx_twi.o
    0x00003590   0x0000001a   Code   RO          444    i.nrf_gpio_cfg_input  nrfx_uarte.o
    0x000035aa   0x00000018   Code   RO          445    i.nrf_gpio_cfg_output  nrfx_uarte.o
    0x000035c2   0x00000030   Code   RO         2844    i.nrf_gpio_cfg_output  usr_gpio.o
    0x000035f2   0x00000016   Code   RO         1084    i.nrf_gpio_pin_clear  nrf_drv_twi.o
    0x00003608   0x00000016   Code   RO         2845    i.nrf_gpio_pin_clear  usr_gpio.o
    0x0000361e   0x00000016   Code   RO          446    i.nrf_gpio_pin_set  nrfx_uarte.o
    0x00003634   0x00000016   Code   RO         1085    i.nrf_gpio_pin_set  nrf_drv_twi.o
    0x0000364a   0x00000016   Code   RO         2846    i.nrf_gpio_pin_set  usr_gpio.o
    0x00003660   0x00000022   Code   RO         3182    i.nrf_gpio_pin_toggle  usr_i2c_sensor.o
    0x00003682   0x0000000e   Code   RO          916    i.nrf_timer_compare_event_get  nrfx_timer.o
    0x00003690   0x0000000a   Code   RO          917    i.nrf_timer_compare_int_get  nrfx_timer.o
    0x0000369a   0x0000000e   Code   RO          918    i.nrf_timer_event_clear  nrfx_timer.o
    0x000036a8   0x00000006   Code   RO          919    i.nrf_timer_int_disable  nrfx_timer.o
    0x000036ae   0x00000006   Code   RO          920    i.nrf_timer_int_enable  nrfx_timer.o
    0x000036b4   0x0000000c   Code   RO          921    i.nrf_timer_shorts_disable  nrfx_timer.o
    0x000036c0   0x00000006   Code   RO          922    i.nrf_timer_task_trigger  nrfx_timer.o
    0x000036c6   0x00000008   Code   RO         1170    i.nrf_twi_disable   nrfx_twi.o
    0x000036ce   0x00000008   Code   RO         1171    i.nrf_twi_enable    nrfx_twi.o
    0x000036d6   0x0000000c   Code   RO         1172    i.nrf_twi_errorsrc_get_and_clear  nrfx_twi.o
    0x000036e2   0x0000000e   Code   RO         1173    i.nrf_twi_event_check  nrfx_twi.o
    0x000036f0   0x0000000e   Code   RO         1174    i.nrf_twi_event_clear  nrfx_twi.o
    0x000036fe   0x00000006   Code   RO         1175    i.nrf_twi_int_disable  nrfx_twi.o
    0x00003704   0x00000006   Code   RO         1176    i.nrf_twi_int_enable  nrfx_twi.o
    0x0000370a   0x00000006   Code   RO         1177    i.nrf_twi_shorts_set  nrfx_twi.o
    0x00003710   0x00000006   Code   RO         1178    i.nrf_twi_task_trigger  nrfx_twi.o
    0x00003716   0x0000000c   Code   RO          447    i.nrf_uarte_errorsrc_get_and_clear  nrfx_uarte.o
    0x00003722   0x0000000e   Code   RO          448    i.nrf_uarte_event_check  nrfx_uarte.o
    0x00003730   0x0000000e   Code   RO          449    i.nrf_uarte_event_clear  nrfx_uarte.o
    0x0000373e   0x0000000c   Code   RO          450    i.nrf_uarte_hwfc_pins_set  nrfx_uarte.o
    0x0000374a   0x00000006   Code   RO          451    i.nrf_uarte_int_disable  nrfx_uarte.o
    0x00003750   0x00000006   Code   RO          452    i.nrf_uarte_int_enable  nrfx_uarte.o
    0x00003756   0x0000000a   Code   RO          453    i.nrf_uarte_rx_amount_get  nrfx_uarte.o
    0x00003760   0x0000000c   Code   RO          454    i.nrf_uarte_shorts_disable  nrfx_uarte.o
    0x0000376c   0x00000006   Code   RO          455    i.nrf_uarte_task_trigger  nrfx_uarte.o
    0x00003772   0x0000000a   Code   RO          456    i.nrf_uarte_tx_amount_get  nrfx_uarte.o
    0x0000377c   0x0000000e   Code   RO          457    i.nrf_uarte_txrx_pins_set  nrfx_uarte.o
    0x0000378a   0x00000002   PAD
    0x0000378c   0x00000018   Code   RO         1086    i.nrfx_coredep_delay_us  nrf_drv_twi.o
    0x000037a4   0x00000008   Code   RO          458    i.nrfx_get_irq_number  nrfx_uarte.o
    0x000037ac   0x00000008   Code   RO          923    i.nrfx_get_irq_number  nrfx_timer.o
    0x000037b4   0x00000008   Code   RO         1179    i.nrfx_get_irq_number  nrfx_twi.o
    0x000037bc   0x00000014   Code   RO          459    i.nrfx_is_in_ram    nrfx_uarte.o
    0x000037d0   0x00000048   Code   RO          801    i.nrfx_prs_acquire  nrfx_prs.o
    0x00003818   0x00000048   Code   RO          926    i.nrfx_timer_compare  nrfx_timer.o
    0x00003860   0x00000024   Code   RO          930    i.nrfx_timer_enable  nrfx_timer.o
    0x00003884   0x00000042   Code   RO          931    i.nrfx_timer_extended_compare  nrfx_timer.o
    0x000038c6   0x00000002   PAD
    0x000038c8   0x000000fc   Code   RO          933    i.nrfx_timer_init   nrfx_timer.o
    0x000039c4   0x00000024   Code   RO         1182    i.nrfx_twi_enable   nrfx_twi.o
    0x000039e8   0x00000124   Code   RO         1183    i.nrfx_twi_init     nrfx_twi.o
    0x00003b0c   0x00000030   Code   RO         1185    i.nrfx_twi_rx       nrfx_twi.o
    0x00003b3c   0x0000003e   Code   RO         1187    i.nrfx_twi_tx       nrfx_twi.o
    0x00003b7a   0x00000002   PAD
    0x00003b7c   0x00000030   Code   RO         1189    i.nrfx_twi_xfer     nrfx_twi.o
    0x00003bac   0x00000080   Code   RO          461    i.nrfx_uarte_init   nrfx_uarte.o
    0x00003c2c   0x00000138   Code   RO          462    i.nrfx_uarte_rx     nrfx_uarte.o
    0x00003d64   0x000000c0   Code   RO          465    i.nrfx_uarte_tx     nrfx_uarte.o
    0x00003e24   0x00000020   Code   RO          467    i.nrfx_uarte_tx_in_progress  nrfx_uarte.o
    0x00003e44   0x00000018   Code   RO          803    i.prs_box_get       nrfx_prs.o
    0x00003e5c   0x00000030   Code   RO         2001    i.prvResetNextTaskUnblockTime  tasks.o
    0x00003e8c   0x0000001c   Code   RO          470    i.rx_done_event     nrfx_uarte.o
    0x00003ea8   0x00000098   Code   RO         1087    i.twi_clear_bus     nrf_drv_twi.o
    0x00003f40   0x00000048   Code   RO         1088    i.twi_evt_handler   nrf_drv_twi.o
    0x00003f88   0x0000002c   Code   RO         3035    i.twi_handler       usr_i2c.o
    0x00003fb4   0x000000da   Code   RO         1190    i.twi_irq_handler   nrfx_twi.o
    0x0000408e   0x00000024   Code   RO         1191    i.twi_process_error  nrfx_twi.o
    0x000040b2   0x0000007e   Code   RO         1192    i.twi_receive_byte  nrfx_twi.o
    0x00004130   0x000000e0   Code   RO         1193    i.twi_rx_start_transfer  nrfx_twi.o
    0x00004210   0x00000056   Code   RO         1194    i.twi_send_byte     nrfx_twi.o
    0x00004266   0x0000012c   Code   RO         1195    i.twi_transfer      nrfx_twi.o
    0x00004392   0x00000002   PAD
    0x00004394   0x000000cc   Code   RO         1196    i.twi_tx_start_transfer  nrfx_twi.o
    0x00004460   0x000000c0   Code   RO         1197    i.twi_xfer          nrfx_twi.o
    0x00004520   0x00000020   Code   RO          471    i.tx_done_event     nrfx_uarte.o
    0x00004540   0x00000026   Code   RO         2903    i.uart_error_handler  usr_uart.o
    0x00004566   0x00000002   PAD
    0x00004568   0x000000e4   Code   RO           12    i.uart_event_handler  app_uart_fifo.o
    0x0000464c   0x00000038   Code   RO          760    i.uarte_evt_handler  nrf_drv_uart.o
    0x00004684   0x00000134   Code   RO          472    i.uarte_irq_handler  nrfx_uarte.o
    0x000047b8   0x00000098   Code   RO         2032    i.vTaskSwitchContext  tasks.o
    0x00004850   0x000001b4   Code   RO         2048    i.xTaskIncrementTick  tasks.o
    0x00004a04   0x00000022   Code   RO         1198    i.xfer_completeness_check  nrfx_twi.o
    0x00004a26   0x0000000a   Code   RO         5503    x$fpl$fpinit        fz_wm.l(fpinit.o)
    0x00004a30   0x00000020   Data   RO           14    .constdata          app_uart_fifo.o
    0x00004a50   0x00000030   Data   RO          474    .constdata          nrfx_uarte.o
    0x00004a80   0x00000006   Data   RO         1090    .constdata          nrf_drv_twi.o
    0x00004a86   0x00000002   PAD
    0x00004a88   0x00000040   Data   RO         1200    .constdata          nrfx_twi.o
    0x00004ac8   0x00000018   Data   RO         2905    .constdata          usr_uart.o
    0x00004ae0   0x00000010   Data   RO         2966    .constdata          usr_timer.o
    0x00004af0   0x00000030   Data   RO         3037    .constdata          usr_i2c.o
    0x00004b20   0x00000100   Data   RO         3184    .constdata          usr_i2c_sensor.o
    0x00004c20   0x00000028   Data   RO         5349    .constdata          c_w.l(_printf_hex_int_ll.o)
    0x00004c48   0x00000011   Data   RO         5381    .constdata          c_w.l(__printf_flags_ss_wp.o)
    0x00004c59   0x00000003   PAD
    0x00004c5c   0x00000075   Data   RO         3185    .conststring        usr_i2c_sensor.o
    0x00004cd1   0x00000003   PAD
    0x00004cd4   0x00000020   Data   RO         5570    Region$$Table       anon$$obj.o


    Execution Region RW_IRAM1 (Base: 0x20000000, Size: 0x00004bc0, Max: 0x00010000, ABSOLUTE)

    Base Addr    Size         Type   Attr      Idx    E Section Name        Object

    0x20000000   0x00000013   Data   RW           15    .data               app_uart_fifo.o
    0x20000013   0x00000001   PAD
    0x20000014   0x00000008   Data   RW          229    .data               retarget.o
    0x2000001c   0x00000009   Data   RW          761    .data               nrf_drv_uart.o
    0x20000025   0x00000003   PAD
    0x20000028   0x00000008   Data   RW          805    .data               nrfx_prs.o
    0x20000030   0x00000004   Data   RW          857    .data               app_util_platform.o
    0x20000034   0x00000010   Data   RW         1091    .data               nrf_drv_twi.o
    0x20000044   0x00000040   Data   RW         2055    .data               tasks.o
    0x20000084   0x00000004   Data   RW         2778    .data               usr_code.o
    0x20000088   0x00000008   Data   RW         2967    .data               usr_timer.o
    0x20000090   0x00000006   Data   RW         3038    .data               usr_i2c.o
    0x20000096   0x00000002   PAD
    0x20000098   0x0000005e   Data   RW         3186    .data               usr_i2c_sensor.o
    0x200000f6   0x00000002   PAD
    0x200000f8   0x00000004   Data   RW         3743    .data               system_nrf52.o
    0x200000fc   0x00000020   Zero   RW           13    .bss                app_uart_fifo.o
    0x2000011c   0x00000024   Zero   RW          473    .bss                nrfx_uarte.o
    0x20000140   0x0000000c   Zero   RW          938    .bss                nrfx_timer.o
    0x2000014c   0x0000003c   Zero   RW         1199    .bss                nrfx_twi.o
    0x20000188   0x0000064c   Zero   RW         2054    .bss                tasks.o
    0x200007d4   0x00000200   Zero   RW         2904    .bss                usr_uart.o
    0x200009d4   0x0000018c   Zero   RW         3183    .bss                usr_i2c_sensor.o
    0x20000b60   0x00000060   Zero   RW         5445    .bss                c_w.l(libspace.o)
    0x20000bc0   0x00002000   Zero   RW         3349    HEAP                arm_startup_nrf52.o
    0x20002bc0   0x00002000   Zero   RW         3348    STACK               arm_startup_nrf52.o


==============================================================================

Image component sizes


      Code (inc. data)   RO Data    RW Data    ZI Data      Debug   Object Name

        28          0          0          0          0       2425   app_error.o
        92         10          0          0          0      30809   app_error_weak.o
       170          0          0          0          0       5362   app_fifo.o
       678         92         32         19         32      58534   app_uart_fifo.o
        64         10          0          4          0       3306   app_util_platform.o
        64         26       1024          0      16384        952   arm_startup_nrf52.o
         0          0          0          0          0       2572   croutine.o
         0          0          0          0          0      38384   event_groups.o
       372         30          6         16          0      26219   nrf_drv_twi.o
       140         22          0          9          0      13436   nrf_drv_uart.o
       112         14          0          8          0       3605   nrfx_prs.o
       618         30          0          0         12      20553   nrfx_timer.o
      2054         54         64          0         60      31673   nrfx_twi.o
         0          0          0          0          0       5972   nrfx_uart.o
      1612         46         48          0         36      67059   nrfx_uarte.o
       242         22          0          0          0       3922   port.o
        16          0          0          8          0      32294   retarget.o
      1464        208          0          4          0       9911   system_nrf52.o
       636         74          0         64       1612      15594   tasks.o
       160         80          0          4          0       7507   usr_code.o
       168          0          0          0          0       6365   usr_gpio.o
       422         80         48          6          0       9678   usr_i2c.o
      6534       2396        373         94        396      21572   usr_i2c_sensor.o
        68         50          0          0          0        507   usr_main.o
       246         24         16          8          0      15905   usr_timer.o
       444         22         24          0        512       3021   usr_uart.o

    ----------------------------------------------------------------------
     16420       3290       1672        252      19044     437137   Object Totals
         0          0         32          0          0          0   (incl. Generated)
        16          0          5          8          0          0   (incl. Padding)

    ----------------------------------------------------------------------

      Code (inc. data)   RO Data    RW Data    ZI Data      Debug   Library Member Name

         8          0          0          0          0         68   __main.o
       392          4         17          0          0         92   __printf_flags_ss_wp.o
        14          0          0          0          0         68   __printf_wp.o
         0          0          0          0          0          0   __rtentry.o
        12          0          0          0          0          0   __rtentry2.o
         6          0          0          0          0          0   __rtentry4.o
        52          8          0          0          0          0   __scatter.o
        26          0          0          0          0          0   __scatter_copy.o
        28          0          0          0          0          0   __scatter_zi.o
        48          6          0          0          0         96   _printf_char_common.o
        36          4          0          0          0         80   _printf_char_file.o
         6          0          0          0          0          0   _printf_d.o
       120         16          0          0          0         92   _printf_dec.o
       124          4         40          0          0        140   _printf_hex_int_ll.o
       178          0          0          0          0         88   _printf_intcommon.o
        78          0          0          0          0        108   _printf_pad.o
         0          0          0          0          0          0   _printf_percent.o
         4          0          0          0          0          0   _printf_percent_end.o
         6          0          0          0          0          0   _printf_x.o
        12          0          0          0          0         72   exit.o
         8          0          0          0          0         68   ferror.o
         6          0          0          0          0        152   heapauxi.o
         0          0          0          0          0          0   indicate_semi.o
         2          0          0          0          0          0   libinit.o
         6          0          0          0          0          0   libinit2.o
         2          0          0          0          0          0   libshutdown.o
         2          0          0          0          0          0   libshutdown2.o
         8          4          0          0         96         68   libspace.o
        38          0          0          0          0         68   llushr.o
        24          4          0          0          0         84   noretval__2printf.o
        78          0          0          0          0         80   rt_memclr_w.o
       100          0          0          0          0         80   rt_memcpy_w.o
         2          0          0          0          0          0   rtexit.o
        10          0          0          0          0          0   rtexit2.o
        12          4          0          0          0         68   sys_exit.o
        74          0          0          0          0         80   sys_stackheap_outer.o
         2          0          0          0          0         68   use_no_semi.o
        10          0          0          0          0        116   fpinit.o

    ----------------------------------------------------------------------
      1548         54         60          0         96       1836   Library Totals
        14          0          3          0          0          0   (incl. Padding)

    ----------------------------------------------------------------------

      Code (inc. data)   RO Data    RW Data    ZI Data      Debug   Library Name

      1524         54         57          0         96       1720   c_w.l
        10          0          0          0          0        116   fz_wm.l

    ----------------------------------------------------------------------
      1548         54         60          0         96       1836   Library Totals

    ----------------------------------------------------------------------

==============================================================================


      Code (inc. data)   RO Data    RW Data    ZI Data      Debug   

     17968       3344       1732        252      19140     423341   Grand Totals
     17968       3344       1732        252      19140     423341   ELF Image Totals
     17968       3344       1732        252          0          0   ROM Totals

==============================================================================

    Total RO  Size (Code + RO Data)                19700 (  19.24kB)
    Total RW  Size (RW Data + ZI Data)             19392 (  18.94kB)
    Total ROM Size (Code + RO Data + RW Data)      19952 (  19.48kB)

==============================================================================

