<html>
<body>
<pre>
<h1>µVision Build Log</h1>
<h2>Tool Versions:</h2>
IDE-Version: ¦ÌVision V5.15
Copyright (C) 2015 ARM Ltd and ARM Germany GmbH. All rights reserved.
License Information: abc Lilu, HP Inc., LIC=JL28G-V0NXH-WFTI7-EMGTQ-IHFEA-ZV8D3
 
Tool Versions:
Toolchain:       MDK-ARM Standard  Version: 5.15.0
Toolchain Path:  C:\Keil_v5\ARM\ARMCC\Bin
C Compiler:      Armcc.exe V5.05 update 2 (build 169)
Assembler:       Armasm.exe V5.05 update 2 (build 169)
Linker/Locator:  ArmLink.exe V5.05 update 2 (build 169)
Library Manager: ArmAr.exe V5.05 update 2 (build 169)
Hex Converter:   FromElf.exe V5.05 update 2 (build 169)
CPU DLL:         SARMCM3.DLL V5.15.0
Dialog DLL:      DCM.DLL V1.13.2.0
Target DLL:      Segger\JL2CM3.dll V2.99.15.0
Dialog DLL:      TCM.DLL V1.14.5.0
 
<h2>Project:</h2>
D:\M14D\PersonalProject\PicoMCU\Foreign\Nordic\NRF52832_Proj\NRF52_FreeRTOS1\NRF52_FreeRTOS.uvprojx
Project File Date:  05/07/2025

<h2>Output:</h2>
*** Using Compiler 'V5.05 update 2 (build 169)', folder: 'C:\Keil_v5\ARM\ARMCC\Bin'
Rebuild target 'NRF52_FreeRTOS'
compiling app_uart_fifo.c...
compiling retarget.c...
compiling app_error.c...
compiling app_error_handler_keil.c...
compiling app_error_weak.c...
compiling nrfx_uart.c...
compiling nrfx_uarte.c...
compiling app_fifo.c...
compiling nrf_drv_uart.c...
compiling nrfx_prs.c...
compiling app_util_platform.c...
compiling nrfx_timer.c...
compiling nrf_drv_twi.c...
compiling nrfx_twi.c...
compiling croutine.c...
compiling event_groups.c...
compiling list.c...
compiling queue.c...
compiling stream_buffer.c...
compiling tasks.c...
compiling timers.c...
compiling heap_4.c...
compiling port.c...
compiling Usr_Main.c...
compiling Usr_Code.c...
compiling Usr_GPIO.c...
compiling Usr_Uart.c...
compiling Usr_Mcu.c...
compiling Usr_Board.c...
compiling Usr_Timer.c...
compiling Usr_I2C.c...
UsrCode\Usr_I2C.c(67): warning:  #188-D: enumerated type mixed with another type
         .frequency          = NRF_TWI_FREQ_100K,
UsrCode\Usr_I2C.c(87): warning:  #188-D: enumerated type mixed with another type
          .frequency = NRF_TWI_FREQ_400K,
UsrCode\Usr_I2C.c(116): warning:  #177-D: function "read_sensor_data" was declared but never referenced
  static void read_sensor_data()
UsrCode\Usr_I2C.c: 3 warnings, 0 errors
compiling Usr_Task.c...
assembling arm_startup_nrf52.s...
compiling system_nrf52.c...
linking...
Program Size: Code=11600 RO-data=1356 RW-data=156 ZI-data=18764  
".\Objects\NRF52_GPIO.axf" - 0 Error(s), 3 Warning(s).

<h2>Software Packages used:</h2>

Package Vendor: ARM
                http://www.keil.com/pack/ARM.CMSIS.5.6.0.pack
                ARM::CMSIS:CORE:5.3.0
                CMSIS (Cortex Microcontroller Software Interface Standard)
   * Component: CORE Version: 5.3.0

Package Vendor: NordicSemiconductor
                http://developer.nordicsemi.com/nRF5_SDK/pieces/nRF_DeviceFamilyPack/NordicSemiconductor.nRF_DeviceFamilyPack.8.17.0.pack
                NordicSemiconductor::Device:Startup:8.17.0
                Nordic Semiconductor nRF ARM devices Device Family Pack.
   * Component: Startup Version: 8.17.0

<h2>Collection of Component include folders:</h2>
  D:\M14D\PersonalProject\PicoMCU\Foreign\Nordic\NRF52832_Proj\NRF52_FreeRTOS1\RTE
  C:\Keil_v5\ARM\PACK\ARM\CMSIS\5.6.0\CMSIS\Core\Include
  C:\Keil_v5\ARM\PACK\NordicSemiconductor\nRF_DeviceFamilyPack\8.17.0\Device\Include
  C:\Keil_v5\ARM\PACK\NordicSemiconductor\nRF_DeviceFamilyPack\8.59.0\Device\Include

<h2>Collection of Component Files used:</h2>

   * Component: ARM::CMSIS:CORE:5.3.0

   * Component: NordicSemiconductor::Device:Startup:8.17.0
      Source file:   Device\Source\arm\arm_startup_nrf52.s
      Source file:   Device\Source\system_nrf52.c
      Include file:  Device\Include\system_nrf52.h
</pre>
</body>
</html>
