<html>
<body>
<pre>
<h1>µVision Build Log</h1>
<h2>Tool Versions:</h2>
IDE-Version: ¦ÌVision V5.38.0.0
Copyright (C) 2022 ARM Ltd and ARM Germany GmbH. All rights reserved.
License Information: a Lilu, HP Inc., LIC=21E4T-R3SD9-CXIU6-DQ7C6-M43UF-1WSIH
 
Tool Versions:
Toolchain:       MDK-ARM Plus  Version: 5.38.0.0
Toolchain Path:  C:\Keil_v5\ARM\ARMCC\Bin
C Compiler:      Armcc.exe V5.05 update 2 (build 169)
Assembler:       Armasm.exe V5.05 update 2 (build 169)
Linker/Locator:  ArmLink.exe V5.05 update 2 (build 169)
Library Manager: ArmAr.exe V5.05 update 2 (build 169)
Hex Converter:   FromElf.exe V5.05 update 2 (build 169)
CPU DLL:         SARMCM3.DLL V5.38.0.0
Dialog DLL:      DCM.DLL V1.17.5.0
Target DLL:      CMSIS_AGDI.dll V1.33.15.0
Dialog DLL:      TCM.DLL V1.56.4.0
 
<h2>Project:</h2>
D:\M14D\PersonalProject\PicoMCU\Foreign\Nordic\NRF52832_Proj\nRF5_SDK_17.1.0_ddde560\examples\peripheral\uart\pca10040\blank\arm5_no_packs\uart_pca10040.uvprojx
Project File Date:  02/22/2025

<h2>Output:</h2>
*** Using Compiler 'V5.05 update 2 (build 169)', folder: 'C:\Keil_v5\ARM\ARMCC\Bin'
Rebuild target 'nrf52832_xxaa'
compiling nrfx_prs.c...
compiling nrf_assert.c...
compiling app_util_platform.c...
compiling nrf_atomic.c...
compiling app_fifo.c...
compiling app_error.c...
compiling app_error_handler_keil.c...
compiling main.c...
compiling nrfx_atomic.c...
compiling boards.c...
compiling nrf_drv_uart.c...
compiling nrfx_uarte.c...
compiling app_error_weak.c...
compiling nrfx_uart.c...
compiling app_uart_fifo.c...
assembling arm_startup_nrf52.s...
compiling nrf_balloc.c...
compiling nrf_fprintf.c...
compiling nrf_strerror.c...
compiling retarget.c...
compiling nrf_log_str_formatter.c...
compiling nrf_ringbuf.c...
compiling nrf_log_frontend.c...
compiling nrf_fprintf_format.c...
compiling nrf_memobj.c...
compiling system_nrf52.c...
linking...
Program Size: Code=7100 RO-data=704 RW-data=64 ZI-data=8816  
FromELF: creating hex file...
".\_build\nrf52832_xxaa.axf" - 0 Error(s), 0 Warning(s).

<h2>Software Packages used:</h2>

Package Vendor: ARM
                http://www.keil.com/pack/ARM.CMSIS.5.6.0.pack
                ARM.CMSIS.5.6.0
                CMSIS (Cortex Microcontroller Software Interface Standard)
   * Component: CORE Version: 5.3.0

Package Vendor: NordicSemiconductor
                http://developer.nordicsemi.com/nRF5_SDK/pieces/nRF_DeviceFamilyPack/NordicSemiconductor.nRF_DeviceFamilyPack.8.17.0.pack
                NordicSemiconductor.nRF_DeviceFamilyPack.8.17.0
                Nordic Semiconductor nRF ARM devices Device Family Pack.
   * Component: Startup Version: 8.17.0

<h2>Collection of Component include folders:</h2>
  ./RTE/_nrf52832_xxaa
  C:/Keil_v5d38/ARM/PACK/ARM/CMSIS/5.6.0/CMSIS/Core/Include
  C:/Keil_v5d38/ARM/PACK/NordicSemiconductor/nRF_DeviceFamilyPack/8.17.0/Device/Include

<h2>Collection of Component Files used:</h2>

   * Component: ARM::CMSIS:CORE:5.3.0

   * Component: NordicSemiconductor::Device:Startup:8.17.0
      Include file:  Device/Include/system_nrf52.h
      Source file:   Device/Source/system_nrf52.c
      Source file:   Device/Source/arm/arm_startup_nrf52.s
Build Time Elapsed:  00:00:05
</pre>
</body>
</html>
