Component: ARM Compiler 5.05 update 2 (build 169) Tool: armlink [4d0f33]

==============================================================================

Section Cross References

    app_uart_fifo.o(i.app_uart_close) refers to nrfx_uarte.o(i.nrfx_uarte_uninit) for nrfx_uarte_uninit
    app_uart_fifo.o(i.app_uart_close) refers to app_uart_fifo.o(.data) for app_uart_inst
    app_uart_fifo.o(i.app_uart_flush) refers to app_fifo.o(i.app_fifo_flush) for app_fifo_flush
    app_uart_fifo.o(i.app_uart_flush) refers to app_uart_fifo.o(.bss) for m_rx_fifo
    app_uart_fifo.o(i.app_uart_get) refers to app_fifo.o(i.app_fifo_get) for app_fifo_get
    app_uart_fifo.o(i.app_uart_get) refers to app_uart_fifo.o(i.nrf_drv_uart_rx) for nrf_drv_uart_rx
    app_uart_fifo.o(i.app_uart_get) refers to app_error.o(i.app_error_handler_bare) for app_error_handler_bare
    app_uart_fifo.o(i.app_uart_get) refers to app_uart_fifo.o(.data) for m_rx_ovf
    app_uart_fifo.o(i.app_uart_get) refers to app_uart_fifo.o(.bss) for m_rx_fifo
    app_uart_fifo.o(i.app_uart_init) refers to app_fifo.o(i.app_fifo_init) for app_fifo_init
    app_uart_fifo.o(i.app_uart_init) refers to rt_memcpy_w.o(.text) for __aeabi_memcpy4
    app_uart_fifo.o(i.app_uart_init) refers to nrf_drv_uart.o(i.nrf_drv_uart_init) for nrf_drv_uart_init
    app_uart_fifo.o(i.app_uart_init) refers to app_uart_fifo.o(i.nrf_drv_uart_rx) for nrf_drv_uart_rx
    app_uart_fifo.o(i.app_uart_init) refers to app_uart_fifo.o(.data) for m_event_handler
    app_uart_fifo.o(i.app_uart_init) refers to app_uart_fifo.o(.bss) for m_rx_fifo
    app_uart_fifo.o(i.app_uart_init) refers to app_uart_fifo.o(.constdata) for .constdata
    app_uart_fifo.o(i.app_uart_init) refers to app_uart_fifo.o(i.uart_event_handler) for uart_event_handler
    app_uart_fifo.o(i.app_uart_put) refers to app_fifo.o(i.app_fifo_put) for app_fifo_put
    app_uart_fifo.o(i.app_uart_put) refers to nrfx_uarte.o(i.nrfx_uarte_tx_in_progress) for nrfx_uarte_tx_in_progress
    app_uart_fifo.o(i.app_uart_put) refers to app_fifo.o(i.app_fifo_get) for app_fifo_get
    app_uart_fifo.o(i.app_uart_put) refers to app_uart_fifo.o(i.nrf_drv_uart_tx) for nrf_drv_uart_tx
    app_uart_fifo.o(i.app_uart_put) refers to app_uart_fifo.o(.bss) for m_tx_fifo
    app_uart_fifo.o(i.app_uart_put) refers to app_uart_fifo.o(.data) for app_uart_inst
    app_uart_fifo.o(i.nrf_drv_uart_rx) refers to nrfx_uarte.o(i.nrfx_uarte_rx) for nrfx_uarte_rx
    app_uart_fifo.o(i.nrf_drv_uart_tx) refers to nrfx_uarte.o(i.nrfx_uarte_tx) for nrfx_uarte_tx
    app_uart_fifo.o(i.uart_event_handler) refers to app_uart_fifo.o(i.nrf_drv_uart_rx) for nrf_drv_uart_rx
    app_uart_fifo.o(i.uart_event_handler) refers to app_fifo.o(i.app_fifo_put) for app_fifo_put
    app_uart_fifo.o(i.uart_event_handler) refers to app_uart_fifo.o(i.fifo_length) for fifo_length
    app_uart_fifo.o(i.uart_event_handler) refers to app_fifo.o(i.app_fifo_get) for app_fifo_get
    app_uart_fifo.o(i.uart_event_handler) refers to app_uart_fifo.o(i.nrf_drv_uart_tx) for nrf_drv_uart_tx
    app_uart_fifo.o(i.uart_event_handler) refers to app_uart_fifo.o(.data) for rx_buffer
    app_uart_fifo.o(i.uart_event_handler) refers to app_uart_fifo.o(.bss) for m_rx_fifo
    retarget.o(i.fgetc) refers to app_uart_fifo.o(i.app_uart_get) for app_uart_get
    retarget.o(i.fputc) refers to app_uart_fifo.o(i.app_uart_put) for app_uart_put
    app_error.o(i.app_error_handler_bare) refers to app_error_weak.o(i.app_error_fault_handler) for app_error_fault_handler
    app_error.o(i.app_error_save_and_stop) refers to app_error.o(.bss) for m_error_data
    app_error_handler_keil.o(.emb_text) refers to app_error_weak.o(i.app_error_fault_handler) for app_error_fault_handler
    nrfx_uarte.o(i.UARTE0_UART0_IRQHandler) refers to nrfx_uarte.o(i.uarte_irq_handler) for uarte_irq_handler
    nrfx_uarte.o(i.UARTE0_UART0_IRQHandler) refers to nrfx_uarte.o(.bss) for m_cb
    nrfx_uarte.o(i.apply_config) refers to nrfx_uarte.o(i.nrf_gpio_pin_set) for nrf_gpio_pin_set
    nrfx_uarte.o(i.apply_config) refers to nrfx_uarte.o(i.nrf_gpio_cfg_output) for nrf_gpio_cfg_output
    nrfx_uarte.o(i.apply_config) refers to nrfx_uarte.o(i.nrf_gpio_cfg_input) for nrf_gpio_cfg_input
    nrfx_uarte.o(i.apply_config) refers to nrfx_uarte.o(i.nrf_uarte_txrx_pins_set) for nrf_uarte_txrx_pins_set
    nrfx_uarte.o(i.apply_config) refers to nrfx_uarte.o(i.nrf_uarte_hwfc_pins_set) for nrf_uarte_hwfc_pins_set
    nrfx_uarte.o(i.interrupts_disable) refers to nrfx_uarte.o(i.nrf_uarte_int_disable) for nrf_uarte_int_disable
    nrfx_uarte.o(i.interrupts_disable) refers to nrfx_uarte.o(i.nrfx_get_irq_number) for nrfx_get_irq_number
    nrfx_uarte.o(i.interrupts_enable) refers to nrfx_uarte.o(i.nrf_uarte_event_clear) for nrf_uarte_event_clear
    nrfx_uarte.o(i.interrupts_enable) refers to nrfx_uarte.o(i.nrf_uarte_int_enable) for nrf_uarte_int_enable
    nrfx_uarte.o(i.interrupts_enable) refers to nrfx_uarte.o(i.nrfx_get_irq_number) for nrfx_get_irq_number
[...]
    Removing system_nrf52.o(i.nrf51_errata_49), (4 bytes).
    Removing system_nrf52.o(i.nrf51_errata_5), (4 bytes).
    Removing system_nrf52.o(i.nrf51_errata_50), (4 bytes).
    Removing system_nrf52.o(i.nrf51_errata_51), (4 bytes).
    Removing system_nrf52.o(i.nrf51_errata_52), (4 bytes).
    Removing system_nrf52.o(i.nrf51_errata_53), (4 bytes).
    Removing system_nrf52.o(i.nrf51_errata_54), (4 bytes).
    Removing system_nrf52.o(i.nrf51_errata_55), (4 bytes).
    Removing system_nrf52.o(i.nrf51_errata_56), (4 bytes).
    Removing system_nrf52.o(i.nrf51_errata_57), (4 bytes).
    Removing system_nrf52.o(i.nrf51_errata_58), (4 bytes).
    Removing system_nrf52.o(i.nrf51_errata_59), (4 bytes).
    Removing system_nrf52.o(i.nrf51_errata_6), (4 bytes).
    Removing system_nrf52.o(i.nrf51_errata_60), (4 bytes).
    Removing system_nrf52.o(i.nrf51_errata_61), (4 bytes).
    Removing system_nrf52.o(i.nrf51_errata_62), (4 bytes).
    Removing system_nrf52.o(i.nrf51_errata_63), (4 bytes).
    Removing system_nrf52.o(i.nrf51_errata_64), (4 bytes).
    Removing system_nrf52.o(i.nrf51_errata_65), (4 bytes).
    Removing system_nrf52.o(i.nrf51_errata_66), (4 bytes).
    Removing system_nrf52.o(i.nrf51_errata_67), (4 bytes).
    Removing system_nrf52.o(i.nrf51_errata_68), (4 bytes).
    Removing system_nrf52.o(i.nrf51_errata_69), (4 bytes).
    Removing system_nrf52.o(i.nrf51_errata_7), (4 bytes).
    Removing system_nrf52.o(i.nrf51_errata_70), (4 bytes).
    Removing system_nrf52.o(i.nrf51_errata_71), (4 bytes).
    Removing system_nrf52.o(i.nrf51_errata_72), (4 bytes).
    Removing system_nrf52.o(i.nrf51_errata_73), (4 bytes).
    Removing system_nrf52.o(i.nrf51_errata_74), (4 bytes).
    Removing system_nrf52.o(i.nrf51_errata_75), (4 bytes).
    Removing system_nrf52.o(i.nrf51_errata_76), (4 bytes).
    Removing system_nrf52.o(i.nrf51_errata_77), (4 bytes).
    Removing system_nrf52.o(i.nrf51_errata_78), (4 bytes).
    Removing system_nrf52.o(i.nrf51_errata_8), (4 bytes).
    Removing system_nrf52.o(i.nrf51_errata_9), (4 bytes).
    Removing system_nrf52.o(i.nrf52_errata_1), (68 bytes).
    Removing system_nrf52.o(i.nrf52_errata_10), (68 bytes).
    Removing system_nrf52.o(i.nrf52_errata_101), (92 bytes).
    Removing system_nrf52.o(i.nrf52_errata_102), (92 bytes).
    Removing system_nrf52.o(i.nrf52_errata_103), (4 bytes).
    Removing system_nrf52.o(i.nrf52_errata_104), (4 bytes).
    Removing system_nrf52.o(i.nrf52_errata_106), (92 bytes).
    Removing system_nrf52.o(i.nrf52_errata_107), (92 bytes).
    Removing system_nrf52.o(i.nrf52_errata_109), (92 bytes).
    Removing system_nrf52.o(i.nrf52_errata_11), (68 bytes).
    Removing system_nrf52.o(i.nrf52_errata_110), (4 bytes).
    Removing system_nrf52.o(i.nrf52_errata_111), (4 bytes).
    Removing system_nrf52.o(i.nrf52_errata_112), (4 bytes).
    Removing system_nrf52.o(i.nrf52_errata_113), (92 bytes).
    Removing system_nrf52.o(i.nrf52_errata_115), (4 bytes).
    Removing system_nrf52.o(i.nrf52_errata_116), (4 bytes).
    Removing system_nrf52.o(i.nrf52_errata_117), (4 bytes).
    Removing system_nrf52.o(i.nrf52_errata_118), (4 bytes).
    Removing system_nrf52.o(i.nrf52_errata_119), (4 bytes).
    Removing system_nrf52.o(i.nrf52_errata_120), (4 bytes).
    Removing system_nrf52.o(i.nrf52_errata_121), (4 bytes).
    Removing system_nrf52.o(i.nrf52_errata_122), (4 bytes).
    Removing system_nrf52.o(i.nrf52_errata_127), (4 bytes).
    Removing system_nrf52.o(i.nrf52_errata_128), (4 bytes).
    Removing system_nrf52.o(i.nrf52_errata_131), (4 bytes).
    Removing system_nrf52.o(i.nrf52_errata_132), (92 bytes).
    Removing system_nrf52.o(i.nrf52_errata_133), (4 bytes).
    Removing system_nrf52.o(i.nrf52_errata_134), (4 bytes).
    Removing system_nrf52.o(i.nrf52_errata_135), (4 bytes).
    Removing system_nrf52.o(i.nrf52_errata_138), (92 bytes).
    Removing system_nrf52.o(i.nrf52_errata_140), (4 bytes).
    Removing system_nrf52.o(i.nrf52_errata_141), (92 bytes).
    Removing system_nrf52.o(i.nrf52_errata_142), (4 bytes).
    Removing system_nrf52.o(i.nrf52_errata_143), (92 bytes).
    Removing system_nrf52.o(i.nrf52_errata_144), (4 bytes).
    Removing system_nrf52.o(i.nrf52_errata_145), (4 bytes).
    Removing system_nrf52.o(i.nrf52_errata_146), (92 bytes).
    Removing system_nrf52.o(i.nrf52_errata_147), (4 bytes).
    Removing system_nrf52.o(i.nrf52_errata_149), (92 bytes).
    Removing system_nrf52.o(i.nrf52_errata_15), (92 bytes).
    Removing system_nrf52.o(i.nrf52_errata_150), (92 bytes).
    Removing system_nrf52.o(i.nrf52_errata_151), (4 bytes).
    Removing system_nrf52.o(i.nrf52_errata_153), (4 bytes).
    Removing system_nrf52.o(i.nrf52_errata_154), (4 bytes).
    Removing system_nrf52.o(i.nrf52_errata_155), (92 bytes).
    Removing system_nrf52.o(i.nrf52_errata_156), (92 bytes).
    Removing system_nrf52.o(i.nrf52_errata_158), (4 bytes).
    Removing system_nrf52.o(i.nrf52_errata_160), (4 bytes).
    Removing system_nrf52.o(i.nrf52_errata_162), (4 bytes).
    Removing system_nrf52.o(i.nrf52_errata_163), (92 bytes).
    Removing system_nrf52.o(i.nrf52_errata_164), (4 bytes).
    Removing system_nrf52.o(i.nrf52_errata_166), (4 bytes).
    Removing system_nrf52.o(i.nrf52_errata_17), (68 bytes).
    Removing system_nrf52.o(i.nrf52_errata_170), (4 bytes).
    Removing system_nrf52.o(i.nrf52_errata_171), (4 bytes).
    Removing system_nrf52.o(i.nrf52_errata_172), (4 bytes).
    Removing system_nrf52.o(i.nrf52_errata_173), (92 bytes).
    Removing system_nrf52.o(i.nrf52_errata_174), (4 bytes).
    Removing system_nrf52.o(i.nrf52_errata_176), (92 bytes).
    Removing system_nrf52.o(i.nrf52_errata_178), (92 bytes).
    Removing system_nrf52.o(i.nrf52_errata_179), (92 bytes).
    Removing system_nrf52.o(i.nrf52_errata_180), (4 bytes).
    Removing system_nrf52.o(i.nrf52_errata_181), (92 bytes).
    Removing system_nrf52.o(i.nrf52_errata_183), (92 bytes).
    Removing system_nrf52.o(i.nrf52_errata_184), (4 bytes).
    Removing system_nrf52.o(i.nrf52_errata_186), (4 bytes).
    Removing system_nrf52.o(i.nrf52_errata_187), (4 bytes).
    Removing system_nrf52.o(i.nrf52_errata_189), (4 bytes).
    Removing system_nrf52.o(i.nrf52_errata_190), (4 bytes).
    Removing system_nrf52.o(i.nrf52_errata_191), (4 bytes).
    Removing system_nrf52.o(i.nrf52_errata_192), (92 bytes).
    Removing system_nrf52.o(i.nrf52_errata_193), (4 bytes).
    Removing system_nrf52.o(i.nrf52_errata_194), (92 bytes).
    Removing system_nrf52.o(i.nrf52_errata_195), (4 bytes).
    Removing system_nrf52.o(i.nrf52_errata_196), (92 bytes).
    Removing system_nrf52.o(i.nrf52_errata_197), (4 bytes).
    Removing system_nrf52.o(i.nrf52_errata_198), (4 bytes).
    Removing system_nrf52.o(i.nrf52_errata_199), (4 bytes).
    Removing system_nrf52.o(i.nrf52_errata_2), (68 bytes).
    Removing system_nrf52.o(i.nrf52_errata_20), (92 bytes).
    Removing system_nrf52.o(i.nrf52_errata_200), (4 bytes).
    Removing system_nrf52.o(i.nrf52_errata_201), (92 bytes).
    Removing system_nrf52.o(i.nrf52_errata_202), (4 bytes).
    Removing system_nrf52.o(i.nrf52_errata_204), (92 bytes).
    Removing system_nrf52.o(i.nrf52_errata_208), (4 bytes).
    Removing system_nrf52.o(i.nrf52_errata_209), (4 bytes).
    Removing system_nrf52.o(i.nrf52_errata_210), (92 bytes).
    Removing system_nrf52.o(i.nrf52_errata_211), (4 bytes).
    Removing system_nrf52.o(i.nrf52_errata_212), (92 bytes).
    Removing system_nrf52.o(i.nrf52_errata_213), (92 bytes).
    Removing system_nrf52.o(i.nrf52_errata_214), (4 bytes).
    Removing system_nrf52.o(i.nrf52_errata_215), (4 bytes).
    Removing system_nrf52.o(i.nrf52_errata_216), (4 bytes).
    Removing system_nrf52.o(i.nrf52_errata_217), (4 bytes).
    Removing system_nrf52.o(i.nrf52_errata_218), (92 bytes).
    Removing system_nrf52.o(i.nrf52_errata_219), (92 bytes).
    Removing system_nrf52.o(i.nrf52_errata_220), (92 bytes).
    Removing system_nrf52.o(i.nrf52_errata_223), (4 bytes).
    Removing system_nrf52.o(i.nrf52_errata_225), (4 bytes).
    Removing system_nrf52.o(i.nrf52_errata_228), (4 bytes).
    Removing system_nrf52.o(i.nrf52_errata_23), (68 bytes).
    Removing system_nrf52.o(i.nrf52_errata_230), (4 bytes).
    Removing system_nrf52.o(i.nrf52_errata_231), (4 bytes).
    Removing system_nrf52.o(i.nrf52_errata_232), (4 bytes).
    Removing system_nrf52.o(i.nrf52_errata_233), (4 bytes).
    Removing system_nrf52.o(i.nrf52_errata_236), (4 bytes).
    Removing system_nrf52.o(i.nrf52_errata_237), (4 bytes).
    Removing system_nrf52.o(i.nrf52_errata_24), (68 bytes).
    Removing system_nrf52.o(i.nrf52_errata_242), (4 bytes).
    Removing system_nrf52.o(i.nrf52_errata_243), (4 bytes).
    Removing system_nrf52.o(i.nrf52_errata_244), (4 bytes).
    Removing system_nrf52.o(i.nrf52_errata_245), (92 bytes).
    Removing system_nrf52.o(i.nrf52_errata_246), (4 bytes).
    Removing system_nrf52.o(i.nrf52_errata_248), (4 bytes).
    Removing system_nrf52.o(i.nrf52_errata_25), (68 bytes).
    Removing system_nrf52.o(i.nrf52_errata_250), (4 bytes).
    Removing system_nrf52.o(i.nrf52_errata_254), (4 bytes).
    Removing system_nrf52.o(i.nrf52_errata_26), (68 bytes).
    Removing system_nrf52.o(i.nrf52_errata_27), (68 bytes).
    Removing system_nrf52.o(i.nrf52_errata_28), (68 bytes).
    Removing system_nrf52.o(i.nrf52_errata_29), (68 bytes).
    Removing system_nrf52.o(i.nrf52_errata_3), (68 bytes).
    Removing system_nrf52.o(i.nrf52_errata_30), (68 bytes).
    Removing system_nrf52.o(i.nrf52_errata_33), (68 bytes).
    Removing system_nrf52.o(i.nrf52_errata_34), (68 bytes).
    Removing system_nrf52.o(i.nrf52_errata_35), (68 bytes).
    Removing system_nrf52.o(i.nrf52_errata_38), (68 bytes).
    Removing system_nrf52.o(i.nrf52_errata_39), (68 bytes).
    Removing system_nrf52.o(i.nrf52_errata_4), (68 bytes).
    Removing system_nrf52.o(i.nrf52_errata_40), (68 bytes).
    Removing system_nrf52.o(i.nrf52_errata_41), (68 bytes).
    Removing system_nrf52.o(i.nrf52_errata_42), (68 bytes).
    Removing system_nrf52.o(i.nrf52_errata_43), (68 bytes).
    Removing system_nrf52.o(i.nrf52_errata_44), (68 bytes).
    Removing system_nrf52.o(i.nrf52_errata_46), (68 bytes).
    Removing system_nrf52.o(i.nrf52_errata_47), (68 bytes).
    Removing system_nrf52.o(i.nrf52_errata_48), (68 bytes).
    Removing system_nrf52.o(i.nrf52_errata_49), (68 bytes).
    Removing system_nrf52.o(i.nrf52_errata_51), (92 bytes).
    Removing system_nrf52.o(i.nrf52_errata_54), (92 bytes).
    Removing system_nrf52.o(i.nrf52_errata_55), (92 bytes).
    Removing system_nrf52.o(i.nrf52_errata_58), (92 bytes).
    Removing system_nrf52.o(i.nrf52_errata_62), (68 bytes).
    Removing system_nrf52.o(i.nrf52_errata_63), (68 bytes).
    Removing system_nrf52.o(i.nrf52_errata_64), (92 bytes).
    Removing system_nrf52.o(i.nrf52_errata_65), (68 bytes).
    Removing system_nrf52.o(i.nrf52_errata_67), (92 bytes).
    Removing system_nrf52.o(i.nrf52_errata_68), (92 bytes).
    Removing system_nrf52.o(i.nrf52_errata_7), (68 bytes).
    Removing system_nrf52.o(i.nrf52_errata_70), (68 bytes).
    Removing system_nrf52.o(i.nrf52_errata_71), (68 bytes).
    Removing system_nrf52.o(i.nrf52_errata_72), (92 bytes).
    Removing system_nrf52.o(i.nrf52_errata_73), (68 bytes).
    Removing system_nrf52.o(i.nrf52_errata_74), (92 bytes).
    Removing system_nrf52.o(i.nrf52_errata_75), (92 bytes).
    Removing system_nrf52.o(i.nrf52_errata_76), (92 bytes).
    Removing system_nrf52.o(i.nrf52_errata_77), (92 bytes).
    Removing system_nrf52.o(i.nrf52_errata_78), (92 bytes).
    Removing system_nrf52.o(i.nrf52_errata_79), (92 bytes).
    Removing system_nrf52.o(i.nrf52_errata_8), (68 bytes).
    Removing system_nrf52.o(i.nrf52_errata_81), (92 bytes).
    Removing system_nrf52.o(i.nrf52_errata_83), (92 bytes).
    Removing system_nrf52.o(i.nrf52_errata_84), (92 bytes).
    Removing system_nrf52.o(i.nrf52_errata_86), (92 bytes).
    Removing system_nrf52.o(i.nrf52_errata_87), (92 bytes).
    Removing system_nrf52.o(i.nrf52_errata_88), (92 bytes).
    Removing system_nrf52.o(i.nrf52_errata_89), (92 bytes).
    Removing system_nrf52.o(i.nrf52_errata_9), (68 bytes).
    Removing system_nrf52.o(i.nrf52_errata_91), (92 bytes).
    Removing system_nrf52.o(i.nrf52_errata_94), (4 bytes).
    Removing system_nrf52.o(i.nrf52_errata_96), (4 bytes).
    Removing system_nrf52.o(i.nrf52_errata_97), (92 bytes).
    Removing system_nrf52.o(i.nrf52_errata_98), (4 bytes).
    Removing system_nrf52.o(i.nrf53_errata_1), (4 bytes).
    Removing system_nrf52.o(i.nrf53_errata_10), (4 bytes).
    Removing system_nrf52.o(i.nrf53_errata_103), (4 bytes).
    Removing system_nrf52.o(i.nrf53_errata_105), (4 bytes).
    Removing system_nrf52.o(i.nrf53_errata_106), (4 bytes).
    Removing system_nrf52.o(i.nrf53_errata_107), (4 bytes).
    Removing system_nrf52.o(i.nrf53_errata_109), (4 bytes).
    Removing system_nrf52.o(i.nrf53_errata_11), (4 bytes).
    Removing system_nrf52.o(i.nrf53_errata_110), (4 bytes).
    Removing system_nrf52.o(i.nrf53_errata_112), (4 bytes).
    Removing system_nrf52.o(i.nrf53_errata_113), (4 bytes).
    Removing system_nrf52.o(i.nrf53_errata_114), (4 bytes).
    Removing system_nrf52.o(i.nrf53_errata_115), (4 bytes).
    Removing system_nrf52.o(i.nrf53_errata_116), (4 bytes).
    Removing system_nrf52.o(i.nrf53_errata_117), (4 bytes).
    Removing system_nrf52.o(i.nrf53_errata_119), (4 bytes).
    Removing system_nrf52.o(i.nrf53_errata_12), (4 bytes).
    Removing system_nrf52.o(i.nrf53_errata_121), (4 bytes).
    Removing system_nrf52.o(i.nrf53_errata_122), (4 bytes).
    Removing system_nrf52.o(i.nrf53_errata_13), (4 bytes).
    Removing system_nrf52.o(i.nrf53_errata_14), (4 bytes).
    Removing system_nrf52.o(i.nrf53_errata_15), (4 bytes).
    Removing system_nrf52.o(i.nrf53_errata_16), (4 bytes).
    Removing system_nrf52.o(i.nrf53_errata_18), (4 bytes).
    Removing system_nrf52.o(i.nrf53_errata_19), (4 bytes).
    Removing system_nrf52.o(i.nrf53_errata_2), (4 bytes).
    Removing system_nrf52.o(i.nrf53_errata_20), (4 bytes).
    Removing system_nrf52.o(i.nrf53_errata_21), (4 bytes).
    Removing system_nrf52.o(i.nrf53_errata_22), (4 bytes).
    Removing system_nrf52.o(i.nrf53_errata_23), (4 bytes).
    Removing system_nrf52.o(i.nrf53_errata_26), (4 bytes).
    Removing system_nrf52.o(i.nrf53_errata_27), (4 bytes).
    Removing system_nrf52.o(i.nrf53_errata_28), (4 bytes).
    Removing system_nrf52.o(i.nrf53_errata_29), (4 bytes).
    Removing system_nrf52.o(i.nrf53_errata_3), (4 bytes).
    Removing system_nrf52.o(i.nrf53_errata_30), (4 bytes).
    Removing system_nrf52.o(i.nrf53_errata_31), (4 bytes).
    Removing system_nrf52.o(i.nrf53_errata_32), (4 bytes).
    Removing system_nrf52.o(i.nrf53_errata_33), (4 bytes).
    Removing system_nrf52.o(i.nrf53_errata_34), (4 bytes).
    Removing system_nrf52.o(i.nrf53_errata_36), (4 bytes).
    Removing system_nrf52.o(i.nrf53_errata_37), (4 bytes).
    Removing system_nrf52.o(i.nrf53_errata_4), (4 bytes).
    Removing system_nrf52.o(i.nrf53_errata_42), (4 bytes).
    Removing system_nrf52.o(i.nrf53_errata_43), (4 bytes).
    Removing system_nrf52.o(i.nrf53_errata_44), (4 bytes).
    Removing system_nrf52.o(i.nrf53_errata_45), (4 bytes).
    Removing system_nrf52.o(i.nrf53_errata_46), (4 bytes).
    Removing system_nrf52.o(i.nrf53_errata_47), (4 bytes).
    Removing system_nrf52.o(i.nrf53_errata_49), (4 bytes).
    Removing system_nrf52.o(i.nrf53_errata_5), (4 bytes).
    Removing system_nrf52.o(i.nrf53_errata_50), (4 bytes).
    Removing system_nrf52.o(i.nrf53_errata_51), (4 bytes).
    Removing system_nrf52.o(i.nrf53_errata_52), (4 bytes).
    Removing system_nrf52.o(i.nrf53_errata_53), (4 bytes).
    Removing system_nrf52.o(i.nrf53_errata_54), (4 bytes).
    Removing system_nrf52.o(i.nrf53_errata_55), (4 bytes).
    Removing system_nrf52.o(i.nrf53_errata_57), (4 bytes).
    Removing system_nrf52.o(i.nrf53_errata_58), (4 bytes).
    Removing system_nrf52.o(i.nrf53_errata_59), (4 bytes).
    Removing system_nrf52.o(i.nrf53_errata_6), (4 bytes).
    Removing system_nrf52.o(i.nrf53_errata_62), (4 bytes).
    Removing system_nrf52.o(i.nrf53_errata_64), (4 bytes).
    Removing system_nrf52.o(i.nrf53_errata_65), (4 bytes).
    Removing system_nrf52.o(i.nrf53_errata_66), (4 bytes).
    Removing system_nrf52.o(i.nrf53_errata_67), (4 bytes).
    Removing system_nrf52.o(i.nrf53_errata_69), (4 bytes).
    Removing system_nrf52.o(i.nrf53_errata_7), (4 bytes).
    Removing system_nrf52.o(i.nrf53_errata_70), (4 bytes).
    Removing system_nrf52.o(i.nrf53_errata_71), (4 bytes).
    Removing system_nrf52.o(i.nrf53_errata_72), (4 bytes).
    Removing system_nrf52.o(i.nrf53_errata_73), (4 bytes).
    Removing system_nrf52.o(i.nrf53_errata_74), (4 bytes).
    Removing system_nrf52.o(i.nrf53_errata_75), (4 bytes).
    Removing system_nrf52.o(i.nrf53_errata_76), (4 bytes).
    Removing system_nrf52.o(i.nrf53_errata_77), (4 bytes).
    Removing system_nrf52.o(i.nrf53_errata_79), (4 bytes).
    Removing system_nrf52.o(i.nrf53_errata_8), (4 bytes).
    Removing system_nrf52.o(i.nrf53_errata_80), (4 bytes).
    Removing system_nrf52.o(i.nrf53_errata_81), (4 bytes).
    Removing system_nrf52.o(i.nrf53_errata_82), (4 bytes).
    Removing system_nrf52.o(i.nrf53_errata_83), (4 bytes).
    Removing system_nrf52.o(i.nrf53_errata_84), (4 bytes).
    Removing system_nrf52.o(i.nrf53_errata_85), (4 bytes).
    Removing system_nrf52.o(i.nrf53_errata_86), (4 bytes).
    Removing system_nrf52.o(i.nrf53_errata_87), (4 bytes).
    Removing system_nrf52.o(i.nrf53_errata_9), (4 bytes).
    Removing system_nrf52.o(i.nrf53_errata_90), (4 bytes).
    Removing system_nrf52.o(i.nrf53_errata_91), (4 bytes).
    Removing system_nrf52.o(i.nrf53_errata_93), (4 bytes).
    Removing system_nrf52.o(i.nrf53_errata_95), (4 bytes).
    Removing system_nrf52.o(i.nrf53_errata_97), (4 bytes).
    Removing system_nrf52.o(i.nrf53_errata_99), (4 bytes).
    Removing system_nrf52.o(i.nrf91_errata_1), (4 bytes).
    Removing system_nrf52.o(i.nrf91_errata_10), (4 bytes).
    Removing system_nrf52.o(i.nrf91_errata_12), (4 bytes).
    Removing system_nrf52.o(i.nrf91_errata_14), (4 bytes).
    Removing system_nrf52.o(i.nrf91_errata_15), (4 bytes).
    Removing system_nrf52.o(i.nrf91_errata_16), (4 bytes).
    Removing system_nrf52.o(i.nrf91_errata_17), (4 bytes).
    Removing system_nrf52.o(i.nrf91_errata_2), (4 bytes).
    Removing system_nrf52.o(i.nrf91_errata_20), (4 bytes).
    Removing system_nrf52.o(i.nrf91_errata_21), (4 bytes).
    Removing system_nrf52.o(i.nrf91_errata_23), (4 bytes).
    Removing system_nrf52.o(i.nrf91_errata_24), (4 bytes).
    Removing system_nrf52.o(i.nrf91_errata_26), (4 bytes).
    Removing system_nrf52.o(i.nrf91_errata_27), (4 bytes).
    Removing system_nrf52.o(i.nrf91_errata_28), (4 bytes).
    Removing system_nrf52.o(i.nrf91_errata_29), (4 bytes).
    Removing system_nrf52.o(i.nrf91_errata_30), (4 bytes).
    Removing system_nrf52.o(i.nrf91_errata_31), (4 bytes).
    Removing system_nrf52.o(i.nrf91_errata_32), (4 bytes).
    Removing system_nrf52.o(i.nrf91_errata_33), (4 bytes).
    Removing system_nrf52.o(i.nrf91_errata_4), (4 bytes).
    Removing system_nrf52.o(i.nrf91_errata_6), (4 bytes).
    Removing system_nrf52.o(i.nrf91_errata_7), (4 bytes).
    Removing system_nrf52.o(i.nrf91_errata_8), (4 bytes).
    Removing system_nrf52.o(i.nrf91_errata_9), (4 bytes).
    Removing system_nrf52.o(i.nvmc_config), (20 bytes).
    Removing system_nrf52.o(i.nvmc_wait), (16 bytes).

442 unused section(s) (total 10771 bytes) removed from the image.

==============================================================================

Image Symbol Table

    Local Symbols

    Symbol Name                              Value     Ov Type        Size  Object(Section)

    RESET                                    0x00000000   Section     1024  arm_startup_nrf52.o(RESET)
    ../clib/angel/boardlib.s                 0x00000000   Number         0  boardinit1.o ABSOLUTE
    ../clib/angel/boardlib.s                 0x00000000   Number         0  boardinit2.o ABSOLUTE
    ../clib/angel/boardlib.s                 0x00000000   Number         0  boardinit3.o ABSOLUTE
    ../clib/angel/boardlib.s                 0x00000000   Number         0  boardshut.o ABSOLUTE
    ../clib/angel/handlers.s                 0x00000000   Number         0  __scatter_zi.o ABSOLUTE
    ../clib/angel/handlers.s                 0x00000000   Number         0  __scatter_copy.o ABSOLUTE
    ../clib/angel/kernel.s                   0x00000000   Number         0  __rtentry.o ABSOLUTE
    ../clib/angel/kernel.s                   0x00000000   Number         0  __rtentry2.o ABSOLUTE
    ../clib/angel/kernel.s                   0x00000000   Number         0  __rtentry4.o ABSOLUTE
    ../clib/angel/kernel.s                   0x00000000   Number         0  rtexit.o ABSOLUTE
    ../clib/angel/kernel.s                   0x00000000   Number         0  rtexit2.o ABSOLUTE
    ../clib/angel/rt.s                       0x00000000   Number         0  rt_raise.o ABSOLUTE
    ../clib/angel/scatter.s                  0x00000000   Number         0  __scatter.o ABSOLUTE
    ../clib/angel/startup.s                  0x00000000   Number         0  __main.o ABSOLUTE
    ../clib/angel/sys.s                      0x00000000   Number         0  sys_stackheap_outer.o ABSOLUTE
    ../clib/angel/sys.s                      0x00000000   Number         0  indicate_semi.o ABSOLUTE
    ../clib/angel/sys.s                      0x00000000   Number         0  use_no_semi.o ABSOLUTE
    ../clib/angel/sys.s                      0x00000000   Number         0  libspace.o ABSOLUTE
    ../clib/angel/sysapp.c                   0x00000000   Number         0  sys_wrch.o ABSOLUTE
    ../clib/angel/sysapp.c                   0x00000000   Number         0  sys_command.o ABSOLUTE
    ../clib/angel/sysapp.c                   0x00000000   Number         0  sys_exit.o ABSOLUTE
    ../clib/armsys.c                         0x00000000   Number         0  argv_veneer.o ABSOLUTE
    ../clib/armsys.c                         0x00000000   Number         0  no_argv.o ABSOLUTE
    ../clib/armsys.c                         0x00000000   Number         0  _get_argv_nomalloc.o ABSOLUTE
    ../clib/armsys.c                         0x00000000   Number         0  argv_veneer.o ABSOLUTE
    ../clib/heapalloc.c                      0x00000000   Number         0  hrguard.o ABSOLUTE
    ../clib/heapaux.c                        0x00000000   Number         0  heapauxi.o ABSOLUTE
    ../clib/libinit.s                        0x00000000   Number         0  libinit2.o ABSOLUTE
    ../clib/libinit.s                        0x00000000   Number         0  libshutdown2.o ABSOLUTE
    ../clib/libinit.s                        0x00000000   Number         0  libinit.o ABSOLUTE
    ../clib/libinit.s                        0x00000000   Number         0  libshutdown.o ABSOLUTE
    ../clib/memcpset.s                       0x00000000   Number         0  rt_memcpy_w.o ABSOLUTE
    ../clib/printf.c                         0x00000000   Number         0  _printf_char_common.o ABSOLUTE
    ../clib/printf.c                         0x00000000   Number         0  __2printf.o ABSOLUTE
    ../clib/printf.c                         0x00000000   Number         0  __printf_nopercent.o ABSOLUTE
    ../clib/printf.c                         0x00000000   Number         0  noretval__2printf.o ABSOLUTE
    ../clib/printf.c                         0x00000000   Number         0  _printf_char_file.o ABSOLUTE
    ../clib/signal.c                         0x00000000   Number         0  defsig_rtmem_inner.o ABSOLUTE
    ../clib/signal.c                         0x00000000   Number         0  defsig_abrt_inner.o ABSOLUTE
    ../clib/signal.c                         0x00000000   Number         0  defsig_general.o ABSOLUTE
    ../clib/signal.c                         0x00000000   Number         0  __raise.o ABSOLUTE
    ../clib/signal.c                         0x00000000   Number         0  defsig_exit.o ABSOLUTE
    ../clib/signal.c                         0x00000000   Number         0  defsig_rtmem_formal.o ABSOLUTE
    ../clib/signal.c                         0x00000000   Number         0  defsig_rtmem_outer.o ABSOLUTE
    ../clib/signal.c                         0x00000000   Number         0  defsig_rtred_inner.o ABSOLUTE
    ../clib/signal.c                         0x00000000   Number         0  defsig_stak_inner.o ABSOLUTE
    ../clib/signal.c                         0x00000000   Number         0  defsig_pvfn_inner.o ABSOLUTE
    ../clib/signal.c                         0x00000000   Number         0  defsig_cppl_inner.o ABSOLUTE
    ../clib/signal.c                         0x00000000   Number         0  defsig_segv_inner.o ABSOLUTE
    ../clib/signal.c                         0x00000000   Number         0  defsig_other.o ABSOLUTE
    ../clib/signal.c                         0x00000000   Number         0  defsig_fpe_inner.o ABSOLUTE
    ../clib/signal.s                         0x00000000   Number         0  defsig.o ABSOLUTE
    ../clib/stdio.c                          0x00000000   Number         0  ferror_locked.o ABSOLUTE
    ../clib/stdio.c                          0x00000000   Number         0  ferror.o ABSOLUTE
    ../clib/stdlib.c                         0x00000000   Number         0  exit.o ABSOLUTE
    ../fplib/fpinit.s                        0x00000000   Number         0  fpinit.o ABSOLUTE
    ..\\nRF5_SDK_17.1.0_ddde560\\components\\libraries\\fifo\\app_fifo.c 0x00000000   Number         0  app_fifo.o ABSOLUTE
    ..\\nRF5_SDK_17.1.0_ddde560\\components\\libraries\\uart\\app_uart_fifo.c 0x00000000   Number         0  app_uart_fifo.o ABSOLUTE
    ..\\nRF5_SDK_17.1.0_ddde560\\components\\libraries\\uart\\retarget.c 0x00000000   Number         0  retarget.o ABSOLUTE
    ..\\nRF5_SDK_17.1.0_ddde560\\components\\libraries\\util\\app_error.c 0x00000000   Number         0  app_error.o ABSOLUTE
    ..\\nRF5_SDK_17.1.0_ddde560\\components\\libraries\\util\\app_error_handler_keil.c 0x00000000   Number         0  app_error_handler_keil.o ABSOLUTE
    ..\\nRF5_SDK_17.1.0_ddde560\\components\\libraries\\util\\app_error_weak.c 0x00000000   Number         0  app_error_weak.o ABSOLUTE
    ..\\nRF5_SDK_17.1.0_ddde560\\components\\libraries\\util\\app_util_platform.c 0x00000000   Number         0  app_util_platform.o ABSOLUTE
    ..\\nRF5_SDK_17.1.0_ddde560\\integration\\nrfx\\legacy\\nrf_drv_uart.c 0x00000000   Number         0  nrf_drv_uart.o ABSOLUTE
    ..\\nRF5_SDK_17.1.0_ddde560\\modules\\nrfx\\drivers\\src\\nrfx_uart.c 0x00000000   Number         0  nrfx_uart.o ABSOLUTE
    ..\\nRF5_SDK_17.1.0_ddde560\\modules\\nrfx\\drivers\\src\\nrfx_uarte.c 0x00000000   Number         0  nrfx_uarte.o ABSOLUTE
    ..\\nRF5_SDK_17.1.0_ddde560\\modules\\nrfx\\drivers\\src\\prs\\nrfx_prs.c 0x00000000   Number         0  nrfx_prs.o ABSOLUTE
    ..\nRF5_SDK_17.1.0_ddde560\components\libraries\fifo\app_fifo.c 0x00000000   Number         0  app_fifo.o ABSOLUTE
    ..\nRF5_SDK_17.1.0_ddde560\components\libraries\uart\app_uart_fifo.c 0x00000000   Number         0  app_uart_fifo.o ABSOLUTE
    ..\nRF5_SDK_17.1.0_ddde560\components\libraries\uart\retarget.c 0x00000000   Number         0  retarget.o ABSOLUTE
    ..\nRF5_SDK_17.1.0_ddde560\components\libraries\util\app_error.c 0x00000000   Number         0  app_error.o ABSOLUTE
    ..\nRF5_SDK_17.1.0_ddde560\components\libraries\util\app_error_handler_keil.c 0x00000000   Number         0  app_error_handler_keil.o ABSOLUTE
    ..\nRF5_SDK_17.1.0_ddde560\components\libraries\util\app_error_weak.c 0x00000000   Number         0  app_error_weak.o ABSOLUTE
    ..\nRF5_SDK_17.1.0_ddde560\components\libraries\util\app_util_platform.c 0x00000000   Number         0  app_util_platform.o ABSOLUTE
    ..\nRF5_SDK_17.1.0_ddde560\integration\nrfx\legacy\nrf_drv_uart.c 0x00000000   Number         0  nrf_drv_uart.o ABSOLUTE
    ..\nRF5_SDK_17.1.0_ddde560\modules\nrfx\drivers\src\nrfx_uart.c 0x00000000   Number         0  nrfx_uart.o ABSOLUTE
    ..\nRF5_SDK_17.1.0_ddde560\modules\nrfx\drivers\src\nrfx_uarte.c 0x00000000   Number         0  nrfx_uarte.o ABSOLUTE
    ..\nRF5_SDK_17.1.0_ddde560\modules\nrfx\drivers\src\prs\nrfx_prs.c 0x00000000   Number         0  nrfx_prs.o ABSOLUTE
    RTE\Device\nRF52832_xxAA\arm_startup_nrf52.s 0x00000000   Number         0  arm_startup_nrf52.o ABSOLUTE
    RTE\Device\nRF52832_xxAA\system_nrf52.c  0x00000000   Number         0  system_nrf52.o ABSOLUTE
    RTE\\Device\\nRF52832_xxAA\\system_nrf52.c 0x00000000   Number         0  system_nrf52.o ABSOLUTE
    UsrCode\Usr_Board.c                      0x00000000   Number         0  usr_board.o ABSOLUTE
    UsrCode\Usr_Code.c                       0x00000000   Number         0  usr_code.o ABSOLUTE
    UsrCode\Usr_GPIO.c                       0x00000000   Number         0  usr_gpio.o ABSOLUTE
    UsrCode\Usr_Main.c                       0x00000000   Number         0  usr_main.o ABSOLUTE
    UsrCode\Usr_Mcu.c                        0x00000000   Number         0  usr_mcu.o ABSOLUTE
    UsrCode\Usr_Uart.c                       0x00000000   Number         0  usr_uart.o ABSOLUTE
    UsrCode\\Usr_Code.c                      0x00000000   Number         0  usr_code.o ABSOLUTE
    UsrCode\\Usr_GPIO.c                      0x00000000   Number         0  usr_gpio.o ABSOLUTE
    UsrCode\\Usr_Uart.c                      0x00000000   Number         0  usr_uart.o ABSOLUTE
    dc.s                                     0x00000000   Number         0  dc.o ABSOLUTE
    !!!main                                  0x00000400   Section        8  __main.o(!!!main)
    !!!scatter                               0x00000408   Section       52  __scatter.o(!!!scatter)
    !!handler_copy                           0x0000043c   Section       26  __scatter_copy.o(!!handler_copy)
    !!handler_zi                             0x00000458   Section       28  __scatter_zi.o(!!handler_zi)
    .ARM.Collect$$libinit$$00000000          0x00000474   Section        2  libinit.o(.ARM.Collect$$libinit$$00000000)
    .ARM.Collect$$libinit$$00000001          0x00000476   Section        4  libinit2.o(.ARM.Collect$$libinit$$00000001)
    .ARM.Collect$$libinit$$00000004          0x0000047a   Section        0  libinit2.o(.ARM.Collect$$libinit$$00000004)
    .ARM.Collect$$libinit$$0000000A          0x0000047a   Section        0  libinit2.o(.ARM.Collect$$libinit$$0000000A)
    .ARM.Collect$$libinit$$0000000C          0x0000047a   Section        0  libinit2.o(.ARM.Collect$$libinit$$0000000C)
    .ARM.Collect$$libinit$$0000000E          0x0000047a   Section        0  libinit2.o(.ARM.Collect$$libinit$$0000000E)
    .ARM.Collect$$libinit$$00000011          0x0000047a   Section        0  libinit2.o(.ARM.Collect$$libinit$$00000011)
    .ARM.Collect$$libinit$$00000013          0x0000047a   Section        0  libinit2.o(.ARM.Collect$$libinit$$00000013)
    .ARM.Collect$$libinit$$00000015          0x0000047a   Section        0  libinit2.o(.ARM.Collect$$libinit$$00000015)
    .ARM.Collect$$libinit$$00000017          0x0000047a   Section        0  libinit2.o(.ARM.Collect$$libinit$$00000017)
    .ARM.Collect$$libinit$$00000019          0x0000047a   Section        0  libinit2.o(.ARM.Collect$$libinit$$00000019)
    .ARM.Collect$$libinit$$0000001B          0x0000047a   Section        0  libinit2.o(.ARM.Collect$$libinit$$0000001B)
    .ARM.Collect$$libinit$$0000001D          0x0000047a   Section        0  libinit2.o(.ARM.Collect$$libinit$$0000001D)
    .ARM.Collect$$libinit$$0000001F          0x0000047a   Section        0  libinit2.o(.ARM.Collect$$libinit$$0000001F)
    .ARM.Collect$$libinit$$00000021          0x0000047a   Section        0  libinit2.o(.ARM.Collect$$libinit$$00000021)
    .ARM.Collect$$libinit$$00000023          0x0000047a   Section        0  libinit2.o(.ARM.Collect$$libinit$$00000023)
    .ARM.Collect$$libinit$$00000025          0x0000047a   Section        0  libinit2.o(.ARM.Collect$$libinit$$00000025)
    .ARM.Collect$$libinit$$0000002C          0x0000047a   Section        0  libinit2.o(.ARM.Collect$$libinit$$0000002C)
    .ARM.Collect$$libinit$$0000002E          0x0000047a   Section        0  libinit2.o(.ARM.Collect$$libinit$$0000002E)
    .ARM.Collect$$libinit$$00000030          0x0000047a   Section        0  libinit2.o(.ARM.Collect$$libinit$$00000030)
    .ARM.Collect$$libinit$$00000032          0x0000047a   Section        0  libinit2.o(.ARM.Collect$$libinit$$00000032)
    .ARM.Collect$$libinit$$00000033          0x0000047a   Section        2  libinit2.o(.ARM.Collect$$libinit$$00000033)
    .ARM.Collect$$libshutdown$$00000000      0x0000047c   Section        2  libshutdown.o(.ARM.Collect$$libshutdown$$00000000)
    .ARM.Collect$$libshutdown$$00000003      0x0000047e   Section        0  libshutdown2.o(.ARM.Collect$$libshutdown$$00000003)
    .ARM.Collect$$libshutdown$$00000006      0x0000047e   Section        0  libshutdown2.o(.ARM.Collect$$libshutdown$$00000006)
    .ARM.Collect$$libshutdown$$00000009      0x0000047e   Section        0  libshutdown2.o(.ARM.Collect$$libshutdown$$00000009)
    .ARM.Collect$$libshutdown$$0000000B      0x0000047e   Section        0  libshutdown2.o(.ARM.Collect$$libshutdown$$0000000B)
    .ARM.Collect$$libshutdown$$0000000E      0x0000047e   Section        0  libshutdown2.o(.ARM.Collect$$libshutdown$$0000000E)
    .ARM.Collect$$libshutdown$$0000000F      0x0000047e   Section        2  libshutdown2.o(.ARM.Collect$$libshutdown$$0000000F)
    .ARM.Collect$$rtentry$$00000000          0x00000480   Section        0  __rtentry.o(.ARM.Collect$$rtentry$$00000000)
    .ARM.Collect$$rtentry$$00000002          0x00000480   Section        0  __rtentry2.o(.ARM.Collect$$rtentry$$00000002)
    .ARM.Collect$$rtentry$$00000004          0x00000480   Section        6  __rtentry4.o(.ARM.Collect$$rtentry$$00000004)
    .ARM.Collect$$rtentry$$00000009          0x00000486   Section        0  __rtentry2.o(.ARM.Collect$$rtentry$$00000009)
    .ARM.Collect$$rtentry$$0000000A          0x00000486   Section        4  __rtentry2.o(.ARM.Collect$$rtentry$$0000000A)
    .ARM.Collect$$rtentry$$0000000C          0x0000048a   Section        0  __rtentry2.o(.ARM.Collect$$rtentry$$0000000C)
    .ARM.Collect$$rtentry$$0000000D          0x0000048a   Section        8  __rtentry2.o(.ARM.Collect$$rtentry$$0000000D)
    .ARM.Collect$$rtexit$$00000000           0x00000492   Section        2  rtexit.o(.ARM.Collect$$rtexit$$00000000)
    .ARM.Collect$$rtexit$$00000002           0x00000494   Section        0  rtexit2.o(.ARM.Collect$$rtexit$$00000002)
    .ARM.Collect$$rtexit$$00000003           0x00000494   Section        4  rtexit2.o(.ARM.Collect$$rtexit$$00000003)
    .ARM.Collect$$rtexit$$00000004           0x00000498   Section        6  rtexit2.o(.ARM.Collect$$rtexit$$00000004)
    .text                                    0x000004a0   Section       64  arm_startup_nrf52.o(.text)
    $v0                                      0x000004a0   Number         0  arm_startup_nrf52.o(.text)
    .text                                    0x000004e0   Section        0  noretval__2printf.o(.text)
    .text                                    0x000004f8   Section      100  rt_memcpy_w.o(.text)
    .text                                    0x0000055c   Section        0  heapauxi.o(.text)
    .text                                    0x00000564   Section        0  _printf_char_file.o(.text)
    .text                                    0x00000588   Section        0  _printf_char_common.o(.text)
    _printf_input_char                       0x00000589   Thumb Code    10  _printf_char_common.o(.text)
    .text                                    0x000005b8   Section        0  ferror.o(.text)
    .text                                    0x000005c0   Section       74  sys_stackheap_outer.o(.text)
    .text                                    0x0000060a   Section        0  __printf_nopercent.o(.text)
    .text                                    0x00000632   Section        0  exit.o(.text)
    .text                                    0x00000640   Section        8  libspace.o(.text)
    .text                                    0x00000648   Section        0  sys_exit.o(.text)
    .text                                    0x00000654   Section        2  use_no_semi.o(.text)
    .text                                    0x00000656   Section        0  indicate_semi.o(.text)
    i.SPIM2_SPIS2_SPI2_IRQHandler            0x00000658   Section        0  nrfx_prs.o(i.SPIM2_SPIS2_SPI2_IRQHandler)
    i.SystemInit                             0x00000668   Section        0  system_nrf52.o(i.SystemInit)
    i.UARTE0_UART0_IRQHandler                0x00000868   Section        0  nrfx_uarte.o(i.UARTE0_UART0_IRQHandler)
    i.Usr_GPIO_InitSetup                     0x0000087c   Section        0  usr_gpio.o(i.Usr_GPIO_InitSetup)
    i.Usr_InitSetup                          0x000008c8   Section        0  usr_code.o(i.Usr_InitSetup)
    i.Usr_MainLoop                           0x000008d4   Section        0  usr_code.o(i.Usr_MainLoop)
    i.Usr_Uart_InitSetup                     0x000008dc   Section        0  usr_uart.o(i.Usr_Uart_InitSetup)
    i.Usr_Uart_MainLoop                      0x0000094c   Section        0  usr_uart.o(i.Usr_Uart_MainLoop)
    i.app_error_fault_handler                0x0000096c   Section        0  app_error_weak.o(i.app_error_fault_handler)
    i.app_error_handler_bare                 0x000009c8   Section        0  app_error.o(i.app_error_handler_bare)
    i.app_fifo_get                           0x000009e4   Section        0  app_fifo.o(i.app_fifo_get)
    i.app_fifo_init                          0x00000a02   Section        0  app_fifo.o(i.app_fifo_init)
    i.app_fifo_put                           0x00000a26   Section        0  app_fifo.o(i.app_fifo_put)
    i.app_uart_get                           0x00000a48   Section        0  app_uart_fifo.o(i.app_uart_get)
    i.app_uart_init                          0x00000a9c   Section        0  app_uart_fifo.o(i.app_uart_init)
    i.app_uart_put                           0x00000b78   Section        0  app_uart_fifo.o(i.app_uart_put)
    i.app_util_critical_region_enter         0x00000bc4   Section        0  app_util_platform.o(i.app_util_critical_region_enter)
    i.app_util_critical_region_exit          0x00000bce   Section        0  app_util_platform.o(i.app_util_critical_region_exit)
    i.app_util_disable_irq                   0x00000bd8   Section        0  app_util_platform.o(i.app_util_disable_irq)
    i.app_util_enable_irq                    0x00000bec   Section        0  app_util_platform.o(i.app_util_enable_irq)
    i.apply_config                           0x00000c04   Section        0  nrfx_uarte.o(i.apply_config)
    apply_config                             0x00000c05   Thumb Code   124  nrfx_uarte.o(i.apply_config)
    i.fifo_get                               0x00000c80   Section        0  app_fifo.o(i.fifo_get)
    fifo_get                                 0x00000c81   Thumb Code    24  app_fifo.o(i.fifo_get)
    i.fifo_length                            0x00000c98   Section        0  app_uart_fifo.o(i.fifo_length)
    fifo_length                              0x00000c99   Thumb Code    10  app_uart_fifo.o(i.fifo_length)
    i.fifo_length                            0x00000ca2   Section        0  app_fifo.o(i.fifo_length)
    fifo_length                              0x00000ca3   Thumb Code    10  app_fifo.o(i.fifo_length)
    i.fifo_peek                              0x00000cac   Section        0  app_fifo.o(i.fifo_peek)
    fifo_peek                                0x00000cad   Thumb Code    18  app_fifo.o(i.fifo_peek)
    i.fifo_put                               0x00000cbe   Section        0  app_fifo.o(i.fifo_put)
    fifo_put                                 0x00000cbf   Thumb Code    18  app_fifo.o(i.fifo_put)
    i.fputc                                  0x00000cd0   Section        0  retarget.o(i.fputc)
    i.interrupts_enable                      0x00000ce0   Section        0  nrfx_uarte.o(i.interrupts_enable)
    interrupts_enable                        0x00000ce1   Thumb Code   166  nrfx_uarte.o(i.interrupts_enable)
    i.main                                   0x00000d94   Section        0  usr_main.o(i.main)
    i.nrf52_errata_108                       0x00000da0   Section        0  system_nrf52.o(i.nrf52_errata_108)
    nrf52_errata_108                         0x00000da1   Thumb Code    84  system_nrf52.o(i.nrf52_errata_108)
    i.nrf52_errata_12                        0x00000dfc   Section        0  system_nrf52.o(i.nrf52_errata_12)
    nrf52_errata_12                          0x00000dfd   Thumb Code    84  system_nrf52.o(i.nrf52_errata_12)
    i.nrf52_errata_136                       0x00000e58   Section        0  system_nrf52.o(i.nrf52_errata_136)
    nrf52_errata_136                         0x00000e59   Thumb Code    84  system_nrf52.o(i.nrf52_errata_136)
    i.nrf52_errata_16                        0x00000eb4   Section        0  system_nrf52.o(i.nrf52_errata_16)
    nrf52_errata_16                          0x00000eb5   Thumb Code    62  system_nrf52.o(i.nrf52_errata_16)
    i.nrf52_errata_182                       0x00000ef8   Section        0  system_nrf52.o(i.nrf52_errata_182)
    nrf52_errata_182                         0x00000ef9   Thumb Code    60  system_nrf52.o(i.nrf52_errata_182)
    i.nrf52_errata_249                       0x00000f38   Section        0  system_nrf52.o(i.nrf52_errata_249)
    nrf52_errata_249                         0x00000f39   Thumb Code    60  system_nrf52.o(i.nrf52_errata_249)
    i.nrf52_errata_31                        0x00000f78   Section        0  system_nrf52.o(i.nrf52_errata_31)
    nrf52_errata_31                          0x00000f79   Thumb Code    84  system_nrf52.o(i.nrf52_errata_31)
    i.nrf52_errata_32                        0x00000fd4   Section        0  system_nrf52.o(i.nrf52_errata_32)
    nrf52_errata_32                          0x00000fd5   Thumb Code    62  system_nrf52.o(i.nrf52_errata_32)
    i.nrf52_errata_36                        0x00001018   Section        0  system_nrf52.o(i.nrf52_errata_36)
    nrf52_errata_36                          0x00001019   Thumb Code    84  system_nrf52.o(i.nrf52_errata_36)
    i.nrf52_errata_37                        0x00001074   Section        0  system_nrf52.o(i.nrf52_errata_37)
    nrf52_errata_37                          0x00001075   Thumb Code    62  system_nrf52.o(i.nrf52_errata_37)
    i.nrf52_errata_57                        0x000010b8   Section        0  system_nrf52.o(i.nrf52_errata_57)
    nrf52_errata_57                          0x000010b9   Thumb Code    62  system_nrf52.o(i.nrf52_errata_57)
    i.nrf52_errata_66                        0x000010fc   Section        0  system_nrf52.o(i.nrf52_errata_66)
    nrf52_errata_66                          0x000010fd   Thumb Code    84  system_nrf52.o(i.nrf52_errata_66)
    i.nrf_drv_uart_init                      0x00001158   Section        0  nrf_drv_uart.o(i.nrf_drv_uart_init)
    i.nrf_drv_uart_rx                        0x000011ac   Section        0  app_uart_fifo.o(i.nrf_drv_uart_rx)
    nrf_drv_uart_rx                          0x000011ad   Thumb Code    30  app_uart_fifo.o(i.nrf_drv_uart_rx)
    i.nrf_drv_uart_tx                        0x000011ca   Section        0  app_uart_fifo.o(i.nrf_drv_uart_tx)
    nrf_drv_uart_tx                          0x000011cb   Thumb Code    30  app_uart_fifo.o(i.nrf_drv_uart_tx)
    i.nrf_gpio_cfg                           0x000011e8   Section        0  nrfx_uarte.o(i.nrf_gpio_cfg)
    nrf_gpio_cfg                             0x000011e9   Thumb Code    40  nrfx_uarte.o(i.nrf_gpio_cfg)
    i.nrf_gpio_cfg_input                     0x00001210   Section        0  nrfx_uarte.o(i.nrf_gpio_cfg_input)
    nrf_gpio_cfg_input                       0x00001211   Thumb Code    26  nrfx_uarte.o(i.nrf_gpio_cfg_input)
    i.nrf_gpio_cfg_output                    0x0000122a   Section        0  nrfx_uarte.o(i.nrf_gpio_cfg_output)
    nrf_gpio_cfg_output                      0x0000122b   Thumb Code    24  nrfx_uarte.o(i.nrf_gpio_cfg_output)
    i.nrf_gpio_cfg_output                    0x00001242   Section        0  usr_gpio.o(i.nrf_gpio_cfg_output)
    nrf_gpio_cfg_output                      0x00001243   Thumb Code    48  usr_gpio.o(i.nrf_gpio_cfg_output)
    i.nrf_gpio_pin_clear                     0x00001272   Section        0  usr_gpio.o(i.nrf_gpio_pin_clear)
    nrf_gpio_pin_clear                       0x00001273   Thumb Code    22  usr_gpio.o(i.nrf_gpio_pin_clear)
    i.nrf_gpio_pin_set                       0x00001288   Section        0  nrfx_uarte.o(i.nrf_gpio_pin_set)
    nrf_gpio_pin_set                         0x00001289   Thumb Code    22  nrfx_uarte.o(i.nrf_gpio_pin_set)
    i.nrf_gpio_pin_set                       0x0000129e   Section        0  usr_gpio.o(i.nrf_gpio_pin_set)
    nrf_gpio_pin_set                         0x0000129f   Thumb Code    22  usr_gpio.o(i.nrf_gpio_pin_set)
    i.nrf_uarte_errorsrc_get_and_clear       0x000012b4   Section        0  nrfx_uarte.o(i.nrf_uarte_errorsrc_get_and_clear)
    nrf_uarte_errorsrc_get_and_clear         0x000012b5   Thumb Code    12  nrfx_uarte.o(i.nrf_uarte_errorsrc_get_and_clear)
    i.nrf_uarte_event_check                  0x000012c0   Section        0  nrfx_uarte.o(i.nrf_uarte_event_check)
    nrf_uarte_event_check                    0x000012c1   Thumb Code    14  nrfx_uarte.o(i.nrf_uarte_event_check)
    i.nrf_uarte_event_clear                  0x000012ce   Section        0  nrfx_uarte.o(i.nrf_uarte_event_clear)
    nrf_uarte_event_clear                    0x000012cf   Thumb Code    14  nrfx_uarte.o(i.nrf_uarte_event_clear)
    i.nrf_uarte_hwfc_pins_set                0x000012dc   Section        0  nrfx_uarte.o(i.nrf_uarte_hwfc_pins_set)
    nrf_uarte_hwfc_pins_set                  0x000012dd   Thumb Code    12  nrfx_uarte.o(i.nrf_uarte_hwfc_pins_set)
    i.nrf_uarte_int_disable                  0x000012e8   Section        0  nrfx_uarte.o(i.nrf_uarte_int_disable)
    nrf_uarte_int_disable                    0x000012e9   Thumb Code     6  nrfx_uarte.o(i.nrf_uarte_int_disable)
    i.nrf_uarte_int_enable                   0x000012ee   Section        0  nrfx_uarte.o(i.nrf_uarte_int_enable)
    nrf_uarte_int_enable                     0x000012ef   Thumb Code     6  nrfx_uarte.o(i.nrf_uarte_int_enable)
    i.nrf_uarte_rx_amount_get                0x000012f4   Section        0  nrfx_uarte.o(i.nrf_uarte_rx_amount_get)
    nrf_uarte_rx_amount_get                  0x000012f5   Thumb Code    10  nrfx_uarte.o(i.nrf_uarte_rx_amount_get)
    i.nrf_uarte_shorts_disable               0x000012fe   Section        0  nrfx_uarte.o(i.nrf_uarte_shorts_disable)
    nrf_uarte_shorts_disable                 0x000012ff   Thumb Code    12  nrfx_uarte.o(i.nrf_uarte_shorts_disable)
    i.nrf_uarte_task_trigger                 0x0000130a   Section        0  nrfx_uarte.o(i.nrf_uarte_task_trigger)
    nrf_uarte_task_trigger                   0x0000130b   Thumb Code     6  nrfx_uarte.o(i.nrf_uarte_task_trigger)
    i.nrf_uarte_tx_amount_get                0x00001310   Section        0  nrfx_uarte.o(i.nrf_uarte_tx_amount_get)
    nrf_uarte_tx_amount_get                  0x00001311   Thumb Code    10  nrfx_uarte.o(i.nrf_uarte_tx_amount_get)
    i.nrf_uarte_txrx_pins_set                0x0000131a   Section        0  nrfx_uarte.o(i.nrf_uarte_txrx_pins_set)
    nrf_uarte_txrx_pins_set                  0x0000131b   Thumb Code    14  nrfx_uarte.o(i.nrf_uarte_txrx_pins_set)
    i.nrfx_get_irq_number                    0x00001328   Section        0  nrfx_uarte.o(i.nrfx_get_irq_number)
    nrfx_get_irq_number                      0x00001329   Thumb Code     8  nrfx_uarte.o(i.nrfx_get_irq_number)
    i.nrfx_is_in_ram                         0x00001330   Section        0  nrfx_uarte.o(i.nrfx_is_in_ram)
    nrfx_is_in_ram                           0x00001331   Thumb Code    20  nrfx_uarte.o(i.nrfx_is_in_ram)
    i.nrfx_prs_acquire                       0x00001344   Section        0  nrfx_prs.o(i.nrfx_prs_acquire)
    i.nrfx_uarte_init                        0x0000138c   Section        0  nrfx_uarte.o(i.nrfx_uarte_init)
    i.nrfx_uarte_rx                          0x0000140c   Section        0  nrfx_uarte.o(i.nrfx_uarte_rx)
    i.nrfx_uarte_tx                          0x00001544   Section        0  nrfx_uarte.o(i.nrfx_uarte_tx)
    i.nrfx_uarte_tx_in_progress              0x00001604   Section        0  nrfx_uarte.o(i.nrfx_uarte_tx_in_progress)
    i.prs_box_get                            0x00001624   Section        0  nrfx_prs.o(i.prs_box_get)
    prs_box_get                              0x00001625   Thumb Code    16  nrfx_prs.o(i.prs_box_get)
    i.rx_done_event                          0x0000163c   Section        0  nrfx_uarte.o(i.rx_done_event)
    rx_done_event                            0x0000163d   Thumb Code    28  nrfx_uarte.o(i.rx_done_event)
    i.tx_done_event                          0x00001658   Section        0  nrfx_uarte.o(i.tx_done_event)
    tx_done_event                            0x00001659   Thumb Code    32  nrfx_uarte.o(i.tx_done_event)
    i.uart_error_handler                     0x00001678   Section        0  usr_uart.o(i.uart_error_handler)
    i.uart_event_handler                     0x000016a0   Section        0  app_uart_fifo.o(i.uart_event_handler)
    uart_event_handler                       0x000016a1   Thumb Code   200  app_uart_fifo.o(i.uart_event_handler)
    i.uarte_evt_handler                      0x00001784   Section        0  nrf_drv_uart.o(i.uarte_evt_handler)
    uarte_evt_handler                        0x00001785   Thumb Code    46  nrf_drv_uart.o(i.uarte_evt_handler)
    i.uarte_irq_handler                      0x000017bc   Section        0  nrfx_uarte.o(i.uarte_irq_handler)
    uarte_irq_handler                        0x000017bd   Thumb Code   308  nrfx_uarte.o(i.uarte_irq_handler)
    x$fpl$fpinit                             0x000018f0   Section       10  fpinit.o(x$fpl$fpinit)
    $v0                                      0x000018f0   Number         0  fpinit.o(x$fpl$fpinit)
    .constdata                               0x000018fc   Section       32  app_uart_fifo.o(.constdata)
    .constdata                               0x0000191c   Section       48  nrfx_uarte.o(.constdata)
    __func__                                 0x0000191c   Data          16  nrfx_uarte.o(.constdata)
    irq_handlers                             0x0000192c   Data           4  nrfx_uarte.o(.constdata)
    __func__                                 0x00001930   Data          14  nrfx_uarte.o(.constdata)
    __func__                                 0x0000193e   Data          14  nrfx_uarte.o(.constdata)
    .constdata                               0x0000194c   Section       24  usr_uart.o(.constdata)
    .data                                    0x20000000   Section       19  app_uart_fifo.o(.data)
    app_uart_inst                            0x20000000   Data          12  app_uart_fifo.o(.data)
    m_event_handler                          0x2000000c   Data           4  app_uart_fifo.o(.data)
    tx_buffer                                0x20000010   Data           1  app_uart_fifo.o(.data)
    rx_buffer                                0x20000011   Data           1  app_uart_fifo.o(.data)
    m_rx_ovf                                 0x20000012   Data           1  app_uart_fifo.o(.data)
    .data                                    0x20000014   Section        8  retarget.o(.data)
    .data                                    0x2000001c   Section        9  nrf_drv_uart.o(.data)
    m_handlers                               0x2000001c   Data           4  nrf_drv_uart.o(.data)
    m_contexts                               0x20000020   Data           4  nrf_drv_uart.o(.data)
    .data                                    0x20000028   Section        8  nrfx_prs.o(.data)
    m_prs_box_2                              0x20000028   Data           8  nrfx_prs.o(.data)
    .data                                    0x20000030   Section        4  app_util_platform.o(.data)
    m_in_critical_region                     0x20000030   Data           4  app_util_platform.o(.data)
    .data                                    0x20000034   Section        4  system_nrf52.o(.data)
    __tagsym$$used                           0x20000034   Number         0  system_nrf52.o(.data)
    .bss                                     0x20000038   Section       32  app_uart_fifo.o(.bss)
    m_rx_fifo                                0x20000038   Data          16  app_uart_fifo.o(.bss)
    m_tx_fifo                                0x20000048   Data          16  app_uart_fifo.o(.bss)
    .bss                                     0x20000058   Section       36  nrfx_uarte.o(.bss)
    m_cb                                     0x20000058   Data          36  nrfx_uarte.o(.bss)
    .bss                                     0x2000007c   Section      512  usr_uart.o(.bss)
    rx_buf                                   0x2000007c   Data         256  usr_uart.o(.bss)
    tx_buf                                   0x2000017c   Data         256  usr_uart.o(.bss)
    .bss                                     0x2000027c   Section       96  libspace.o(.bss)
    HEAP                                     0x200002e0   Section     8192  arm_startup_nrf52.o(HEAP)
    Heap_Mem                                 0x200002e0   Data        8192  arm_startup_nrf52.o(HEAP)
    STACK                                    0x200022e0   Section     8192  arm_startup_nrf52.o(STACK)
    Stack_Mem                                0x200022e0   Data        8192  arm_startup_nrf52.o(STACK)
    __initial_sp                             0x200042e0   Data           0  arm_startup_nrf52.o(STACK)

    Global Symbols

    Symbol Name                              Value     Ov Type        Size  Object(Section)

    BuildAttributes$$THM_ISAv4$E$P$D$K$B$S$7EM$VFPi3$EXTD16$VFPS$VFMA$PE$A:L22UL41UL21$X:L11$S22US41US21$IEEE1$IW$USESV6$~STKCKD$USESV7$~SHL$OSPACE$ROPI$EBA8$UX$STANDARDLIB$REQ8$PRES8$EABIv2 0x00000000   Number         0  anon$$obj.o ABSOLUTE
    __ARM_use_no_argv                        0x00000000   Number         0  usr_main.o ABSOLUTE
    __Vectors                                0x00000000   Data           4  arm_startup_nrf52.o(RESET)
    __ARM_exceptions_init                     - Undefined Weak Reference
    __alloca_initialize                       - Undefined Weak Reference
    __arm_preinit_                            - Undefined Weak Reference
    __cpp_initialize__aeabi_                  - Undefined Weak Reference
    __cxa_finalize                            - Undefined Weak Reference
    __rt_locale                               - Undefined Weak Reference
    __sigvec_lookup                           - Undefined Weak Reference
    _atexit_init                              - Undefined Weak Reference
    _call_atexit_fns                          - Undefined Weak Reference
    _clock_init                               - Undefined Weak Reference
    _fp_trap_init                             - Undefined Weak Reference
    _fp_trap_shutdown                         - Undefined Weak Reference
    _get_lc_collate                           - Undefined Weak Reference
    _get_lc_ctype                             - Undefined Weak Reference
    _get_lc_monetary                          - Undefined Weak Reference
    _get_lc_numeric                           - Undefined Weak Reference
    _get_lc_time                              - Undefined Weak Reference
    _getenv_init                              - Undefined Weak Reference
    _handle_redirection                       - Undefined Weak Reference
    _init_alloc                               - Undefined Weak Reference
    _init_user_alloc                          - Undefined Weak Reference
    _initio                                   - Undefined Weak Reference
    _mutex_acquire                            - Undefined Weak Reference
    _mutex_release                            - Undefined Weak Reference
    _rand_init                                - Undefined Weak Reference
    _signal_finish                            - Undefined Weak Reference
    _signal_init                              - Undefined Weak Reference
    _terminate_alloc                          - Undefined Weak Reference
    _terminate_user_alloc                     - Undefined Weak Reference
    _terminateio                              - Undefined Weak Reference
    __Vectors_End                            0x00000400   Data           0  arm_startup_nrf52.o(RESET)
    __Vectors_Size                           0x00000400   Number         0  arm_startup_nrf52.o ABSOLUTE
    __main                                   0x00000401   Thumb Code     8  __main.o(!!!main)
    __scatterload                            0x00000409   Thumb Code     0  __scatter.o(!!!scatter)
    __scatterload_rt2                        0x00000409   Thumb Code    44  __scatter.o(!!!scatter)
    __scatterload_rt2_thumb_only             0x00000409   Thumb Code     0  __scatter.o(!!!scatter)
    __scatterload_null                       0x00000417   Thumb Code     0  __scatter.o(!!!scatter)
    __scatterload_copy                       0x0000043d   Thumb Code    26  __scatter_copy.o(!!handler_copy)
    __scatterload_zeroinit                   0x00000459   Thumb Code    28  __scatter_zi.o(!!handler_zi)
    __rt_lib_init                            0x00000475   Thumb Code     0  libinit.o(.ARM.Collect$$libinit$$00000000)
    __rt_lib_init_fp_1                       0x00000477   Thumb Code     0  libinit2.o(.ARM.Collect$$libinit$$00000001)
    __rt_lib_init_alloca_1                   0x0000047b   Thumb Code     0  libinit2.o(.ARM.Collect$$libinit$$0000002E)
    __rt_lib_init_argv_1                     0x0000047b   Thumb Code     0  libinit2.o(.ARM.Collect$$libinit$$0000002C)
    __rt_lib_init_atexit_1                   0x0000047b   Thumb Code     0  libinit2.o(.ARM.Collect$$libinit$$0000001B)
    __rt_lib_init_clock_1                    0x0000047b   Thumb Code     0  libinit2.o(.ARM.Collect$$libinit$$00000021)
    __rt_lib_init_cpp_1                      0x0000047b   Thumb Code     0  libinit2.o(.ARM.Collect$$libinit$$00000032)
    __rt_lib_init_exceptions_1               0x0000047b   Thumb Code     0  libinit2.o(.ARM.Collect$$libinit$$00000030)
    __rt_lib_init_fp_trap_1                  0x0000047b   Thumb Code     0  libinit2.o(.ARM.Collect$$libinit$$0000001F)
    __rt_lib_init_getenv_1                   0x0000047b   Thumb Code     0  libinit2.o(.ARM.Collect$$libinit$$00000023)
    __rt_lib_init_heap_1                     0x0000047b   Thumb Code     0  libinit2.o(.ARM.Collect$$libinit$$0000000A)
    __rt_lib_init_lc_collate_1               0x0000047b   Thumb Code     0  libinit2.o(.ARM.Collect$$libinit$$00000011)
    __rt_lib_init_lc_ctype_1                 0x0000047b   Thumb Code     0  libinit2.o(.ARM.Collect$$libinit$$00000013)
    __rt_lib_init_lc_monetary_1              0x0000047b   Thumb Code     0  libinit2.o(.ARM.Collect$$libinit$$00000015)
    __rt_lib_init_lc_numeric_1               0x0000047b   Thumb Code     0  libinit2.o(.ARM.Collect$$libinit$$00000017)
    __rt_lib_init_lc_time_1                  0x0000047b   Thumb Code     0  libinit2.o(.ARM.Collect$$libinit$$00000019)
    __rt_lib_init_preinit_1                  0x0000047b   Thumb Code     0  libinit2.o(.ARM.Collect$$libinit$$00000004)
    __rt_lib_init_rand_1                     0x0000047b   Thumb Code     0  libinit2.o(.ARM.Collect$$libinit$$0000000E)
    __rt_lib_init_return                     0x0000047b   Thumb Code     0  libinit2.o(.ARM.Collect$$libinit$$00000033)
    __rt_lib_init_signal_1                   0x0000047b   Thumb Code     0  libinit2.o(.ARM.Collect$$libinit$$0000001D)
    __rt_lib_init_stdio_1                    0x0000047b   Thumb Code     0  libinit2.o(.ARM.Collect$$libinit$$00000025)
    __rt_lib_init_user_alloc_1               0x0000047b   Thumb Code     0  libinit2.o(.ARM.Collect$$libinit$$0000000C)
    __rt_lib_shutdown                        0x0000047d   Thumb Code     0  libshutdown.o(.ARM.Collect$$libshutdown$$00000000)
    __rt_lib_shutdown_fp_trap_1              0x0000047f   Thumb Code     0  libshutdown2.o(.ARM.Collect$$libshutdown$$00000006)
    __rt_lib_shutdown_heap_1                 0x0000047f   Thumb Code     0  libshutdown2.o(.ARM.Collect$$libshutdown$$0000000E)
    __rt_lib_shutdown_return                 0x0000047f   Thumb Code     0  libshutdown2.o(.ARM.Collect$$libshutdown$$0000000F)
    __rt_lib_shutdown_signal_1               0x0000047f   Thumb Code     0  libshutdown2.o(.ARM.Collect$$libshutdown$$00000009)
    __rt_lib_shutdown_stdio_1                0x0000047f   Thumb Code     0  libshutdown2.o(.ARM.Collect$$libshutdown$$00000003)
    __rt_lib_shutdown_user_alloc_1           0x0000047f   Thumb Code     0  libshutdown2.o(.ARM.Collect$$libshutdown$$0000000B)
    __rt_entry                               0x00000481   Thumb Code     0  __rtentry.o(.ARM.Collect$$rtentry$$00000000)
    __rt_entry_presh_1                       0x00000481   Thumb Code     0  __rtentry2.o(.ARM.Collect$$rtentry$$00000002)
    __rt_entry_sh                            0x00000481   Thumb Code     0  __rtentry4.o(.ARM.Collect$$rtentry$$00000004)
    __rt_entry_li                            0x00000487   Thumb Code     0  __rtentry2.o(.ARM.Collect$$rtentry$$0000000A)
    __rt_entry_postsh_1                      0x00000487   Thumb Code     0  __rtentry2.o(.ARM.Collect$$rtentry$$00000009)
    __rt_entry_main                          0x0000048b   Thumb Code     0  __rtentry2.o(.ARM.Collect$$rtentry$$0000000D)
    __rt_entry_postli_1                      0x0000048b   Thumb Code     0  __rtentry2.o(.ARM.Collect$$rtentry$$0000000C)
    __rt_exit                                0x00000493   Thumb Code     0  rtexit.o(.ARM.Collect$$rtexit$$00000000)
    __rt_exit_ls                             0x00000495   Thumb Code     0  rtexit2.o(.ARM.Collect$$rtexit$$00000003)
    __rt_exit_prels_1                        0x00000495   Thumb Code     0  rtexit2.o(.ARM.Collect$$rtexit$$00000002)
    __rt_exit_exit                           0x00000499   Thumb Code     0  rtexit2.o(.ARM.Collect$$rtexit$$00000004)
    Reset_Handler                            0x000004a1   Thumb Code     8  arm_startup_nrf52.o(.text)
    NMI_Handler                              0x000004a9   Thumb Code     2  arm_startup_nrf52.o(.text)
    HardFault_Handler                        0x000004ab   Thumb Code     2  arm_startup_nrf52.o(.text)
    MemoryManagement_Handler                 0x000004ad   Thumb Code     2  arm_startup_nrf52.o(.text)
    BusFault_Handler                         0x000004af   Thumb Code     2  arm_startup_nrf52.o(.text)
    UsageFault_Handler                       0x000004b1   Thumb Code     2  arm_startup_nrf52.o(.text)
    SVC_Handler                              0x000004b3   Thumb Code     2  arm_startup_nrf52.o(.text)
    DebugMonitor_Handler                     0x000004b5   Thumb Code     2  arm_startup_nrf52.o(.text)
    PendSV_Handler                           0x000004b7   Thumb Code     2  arm_startup_nrf52.o(.text)
    SysTick_Handler                          0x000004b9   Thumb Code     2  arm_startup_nrf52.o(.text)
    CCM_AAR_IRQHandler                       0x000004bb   Thumb Code     0  arm_startup_nrf52.o(.text)
    COMP_LPCOMP_IRQHandler                   0x000004bb   Thumb Code     0  arm_startup_nrf52.o(.text)
    ECB_IRQHandler                           0x000004bb   Thumb Code     0  arm_startup_nrf52.o(.text)
    FPU_IRQHandler                           0x000004bb   Thumb Code     0  arm_startup_nrf52.o(.text)
    GPIOTE_IRQHandler                        0x000004bb   Thumb Code     0  arm_startup_nrf52.o(.text)
    I2S_IRQHandler                           0x000004bb   Thumb Code     0  arm_startup_nrf52.o(.text)
    MWU_IRQHandler                           0x000004bb   Thumb Code     0  arm_startup_nrf52.o(.text)
    NFCT_IRQHandler                          0x000004bb   Thumb Code     0  arm_startup_nrf52.o(.text)
    PDM_IRQHandler                           0x000004bb   Thumb Code     0  arm_startup_nrf52.o(.text)
    POWER_CLOCK_IRQHandler                   0x000004bb   Thumb Code     0  arm_startup_nrf52.o(.text)
    PWM0_IRQHandler                          0x000004bb   Thumb Code     0  arm_startup_nrf52.o(.text)
    PWM1_IRQHandler                          0x000004bb   Thumb Code     0  arm_startup_nrf52.o(.text)
    PWM2_IRQHandler                          0x000004bb   Thumb Code     0  arm_startup_nrf52.o(.text)
    QDEC_IRQHandler                          0x000004bb   Thumb Code     0  arm_startup_nrf52.o(.text)
    RADIO_IRQHandler                         0x000004bb   Thumb Code     0  arm_startup_nrf52.o(.text)
    RNG_IRQHandler                           0x000004bb   Thumb Code     0  arm_startup_nrf52.o(.text)
    RTC0_IRQHandler                          0x000004bb   Thumb Code     0  arm_startup_nrf52.o(.text)
    RTC1_IRQHandler                          0x000004bb   Thumb Code     0  arm_startup_nrf52.o(.text)
    RTC2_IRQHandler                          0x000004bb   Thumb Code     0  arm_startup_nrf52.o(.text)
    SAADC_IRQHandler                         0x000004bb   Thumb Code     0  arm_startup_nrf52.o(.text)
    SPIM0_SPIS0_TWIM0_TWIS0_SPI0_TWI0_IRQHandler 0x000004bb   Thumb Code     0  arm_startup_nrf52.o(.text)
    SPIM1_SPIS1_TWIM1_TWIS1_SPI1_TWI1_IRQHandler 0x000004bb   Thumb Code     0  arm_startup_nrf52.o(.text)
    SWI0_EGU0_IRQHandler                     0x000004bb   Thumb Code     0  arm_startup_nrf52.o(.text)
    SWI1_EGU1_IRQHandler                     0x000004bb   Thumb Code     0  arm_startup_nrf52.o(.text)
    SWI2_EGU2_IRQHandler                     0x000004bb   Thumb Code     0  arm_startup_nrf52.o(.text)
    SWI3_EGU3_IRQHandler                     0x000004bb   Thumb Code     0  arm_startup_nrf52.o(.text)
    SWI4_EGU4_IRQHandler                     0x000004bb   Thumb Code     0  arm_startup_nrf52.o(.text)
    SWI5_EGU5_IRQHandler                     0x000004bb   Thumb Code     0  arm_startup_nrf52.o(.text)
    TEMP_IRQHandler                          0x000004bb   Thumb Code     0  arm_startup_nrf52.o(.text)
    TIMER0_IRQHandler                        0x000004bb   Thumb Code     0  arm_startup_nrf52.o(.text)
    TIMER1_IRQHandler                        0x000004bb   Thumb Code     0  arm_startup_nrf52.o(.text)
    TIMER2_IRQHandler                        0x000004bb   Thumb Code     0  arm_startup_nrf52.o(.text)
    TIMER3_IRQHandler                        0x000004bb   Thumb Code     0  arm_startup_nrf52.o(.text)
    TIMER4_IRQHandler                        0x000004bb   Thumb Code     0  arm_startup_nrf52.o(.text)
    WDT_IRQHandler                           0x000004bb   Thumb Code     0  arm_startup_nrf52.o(.text)
    __user_initial_stackheap                 0x000004bd   Thumb Code    10  arm_startup_nrf52.o(.text)
    __2printf                                0x000004e1   Thumb Code    20  noretval__2printf.o(.text)
    __aeabi_memcpy4                          0x000004f9   Thumb Code     0  rt_memcpy_w.o(.text)
    __aeabi_memcpy8                          0x000004f9   Thumb Code     0  rt_memcpy_w.o(.text)
    __rt_memcpy_w                            0x000004f9   Thumb Code   100  rt_memcpy_w.o(.text)
    _memcpy_lastbytes_aligned                0x00000541   Thumb Code     0  rt_memcpy_w.o(.text)
    __use_two_region_memory                  0x0000055d   Thumb Code     2  heapauxi.o(.text)
    __rt_heap_escrow$2region                 0x0000055f   Thumb Code     2  heapauxi.o(.text)
    __rt_heap_expand$2region                 0x00000561   Thumb Code     2  heapauxi.o(.text)
    _printf_char_file                        0x00000565   Thumb Code    32  _printf_char_file.o(.text)
    _printf_char_common                      0x00000593   Thumb Code    32  _printf_char_common.o(.text)
    ferror                                   0x000005b9   Thumb Code     8  ferror.o(.text)
    __user_setup_stackheap                   0x000005c1   Thumb Code    74  sys_stackheap_outer.o(.text)
    __printf                                 0x0000060b   Thumb Code    40  __printf_nopercent.o(.text)
    exit                                     0x00000633   Thumb Code    12  exit.o(.text)
    __user_libspace                          0x00000641   Thumb Code     8  libspace.o(.text)
    __user_perproc_libspace                  0x00000641   Thumb Code     0  libspace.o(.text)
    __user_perthread_libspace                0x00000641   Thumb Code     0  libspace.o(.text)
    _sys_exit                                0x00000649   Thumb Code     8  sys_exit.o(.text)
    __I$use$semihosting                      0x00000655   Thumb Code     0  use_no_semi.o(.text)
    __use_no_semihosting_swi                 0x00000655   Thumb Code     2  use_no_semi.o(.text)
    __semihosting_library_function           0x00000657   Thumb Code     0  indicate_semi.o(.text)
    SPIM2_SPIS2_SPI2_IRQHandler              0x00000659   Thumb Code    10  nrfx_prs.o(i.SPIM2_SPIS2_SPI2_IRQHandler)
    SystemInit                               0x00000669   Thumb Code   456  system_nrf52.o(i.SystemInit)
    UARTE0_UART0_IRQHandler                  0x00000869   Thumb Code    12  nrfx_uarte.o(i.UARTE0_UART0_IRQHandler)
    Usr_GPIO_InitSetup                       0x0000087d   Thumb Code    76  usr_gpio.o(i.Usr_GPIO_InitSetup)
    Usr_InitSetup                            0x000008c9   Thumb Code    12  usr_code.o(i.Usr_InitSetup)
    Usr_MainLoop                             0x000008d5   Thumb Code     8  usr_code.o(i.Usr_MainLoop)
    Usr_Uart_InitSetup                       0x000008dd   Thumb Code    66  usr_uart.o(i.Usr_Uart_InitSetup)
    Usr_Uart_MainLoop                        0x0000094d   Thumb Code    30  usr_uart.o(i.Usr_Uart_MainLoop)
    app_error_fault_handler                  0x0000096d   Thumb Code    82  app_error_weak.o(i.app_error_fault_handler)
    app_error_handler_bare                   0x000009c9   Thumb Code    28  app_error.o(i.app_error_handler_bare)
    app_fifo_get                             0x000009e5   Thumb Code    30  app_fifo.o(i.app_fifo_get)
    app_fifo_init                            0x00000a03   Thumb Code    36  app_fifo.o(i.app_fifo_init)
    app_fifo_put                             0x00000a27   Thumb Code    34  app_fifo.o(i.app_fifo_put)
    app_uart_get                             0x00000a49   Thumb Code    66  app_uart_fifo.o(i.app_uart_get)
    app_uart_init                            0x00000a9d   Thumb Code   188  app_uart_fifo.o(i.app_uart_init)
    app_uart_put                             0x00000b79   Thumb Code    62  app_uart_fifo.o(i.app_uart_put)
    app_util_critical_region_enter           0x00000bc5   Thumb Code    10  app_util_platform.o(i.app_util_critical_region_enter)
    app_util_critical_region_exit            0x00000bcf   Thumb Code    10  app_util_platform.o(i.app_util_critical_region_exit)
    app_util_disable_irq                     0x00000bd9   Thumb Code    14  app_util_platform.o(i.app_util_disable_irq)
    app_util_enable_irq                      0x00000bed   Thumb Code    20  app_util_platform.o(i.app_util_enable_irq)
    fputc                                    0x00000cd1   Thumb Code    16  retarget.o(i.fputc)
    main                                     0x00000d95   Thumb Code    12  usr_main.o(i.main)
    nrf_drv_uart_init                        0x00001159   Thumb Code    72  nrf_drv_uart.o(i.nrf_drv_uart_init)
    nrfx_prs_acquire                         0x00001345   Thumb Code    72  nrfx_prs.o(i.nrfx_prs_acquire)
    nrfx_uarte_init                          0x0000138d   Thumb Code   120  nrfx_uarte.o(i.nrfx_uarte_init)
    nrfx_uarte_rx                            0x0000140d   Thumb Code   306  nrfx_uarte.o(i.nrfx_uarte_rx)
    nrfx_uarte_tx                            0x00001545   Thumb Code   188  nrfx_uarte.o(i.nrfx_uarte_tx)
    nrfx_uarte_tx_in_progress                0x00001605   Thumb Code    26  nrfx_uarte.o(i.nrfx_uarte_tx_in_progress)
    uart_error_handler                       0x00001679   Thumb Code    38  usr_uart.o(i.uart_error_handler)
    _fp_init                                 0x000018f1   Thumb Code    10  fpinit.o(x$fpl$fpinit)
    __fplib_config_fpu_vfp                   0x000018f9   Thumb Code     0  fpinit.o(x$fpl$fpinit)
    __fplib_config_pureend_doubles           0x000018f9   Thumb Code     0  fpinit.o(x$fpl$fpinit)
    Usr_Uart0_Params                         0x0000194c   Data          24  usr_uart.o(.constdata)
    Region$$Table$$Base                      0x00001964   Number         0  anon$$obj.o(Region$$Table)
    Region$$Table$$Limit                     0x00001984   Number         0  anon$$obj.o(Region$$Table)
    __stdout                                 0x20000014   Data           4  retarget.o(.data)
    __stdin                                  0x20000018   Data           4  retarget.o(.data)
    nrf_drv_uart_use_easy_dma                0x20000024   Data           1  nrf_drv_uart.o(.data)
    SystemCoreClock                          0x20000034   Data           4  system_nrf52.o(.data)
    __libspace_start                         0x2000027c   Data          96  libspace.o(.bss)
    __temporary_stack_top$libspace           0x200002dc   Data           0  libspace.o(.bss)



==============================================================================

Memory Map of the image

  Image Entry point : 0x00000401

  Load Region LR_IROM1 (Base: 0x00000000, Size: 0x000019bc, Max: 0x00080000, ABSOLUTE)

    Execution Region ER_IROM1 (Base: 0x00000000, Size: 0x00001984, Max: 0x00080000, ABSOLUTE)

    Base Addr    Size         Type   Attr      Idx    E Section Name        Object

    0x00000000   0x00000400   Data   RO         1088    RESET               arm_startup_nrf52.o
    0x00000400   0x00000008   Code   RO         3074  * !!!main             c_w.l(__main.o)
    0x00000408   0x00000034   Code   RO         3240    !!!scatter          c_w.l(__scatter.o)
    0x0000043c   0x0000001a   Code   RO         3242    !!handler_copy      c_w.l(__scatter_copy.o)
    0x00000456   0x00000002   PAD
    0x00000458   0x0000001c   Code   RO         3244    !!handler_zi        c_w.l(__scatter_zi.o)
    0x00000474   0x00000002   Code   RO         3111    .ARM.Collect$$libinit$$00000000  c_w.l(libinit.o)
    0x00000476   0x00000004   Code   RO         3117    .ARM.Collect$$libinit$$00000001  c_w.l(libinit2.o)
    0x0000047a   0x00000000   Code   RO         3120    .ARM.Collect$$libinit$$00000004  c_w.l(libinit2.o)
    0x0000047a   0x00000000   Code   RO         3123    .ARM.Collect$$libinit$$0000000A  c_w.l(libinit2.o)
    0x0000047a   0x00000000   Code   RO         3125    .ARM.Collect$$libinit$$0000000C  c_w.l(libinit2.o)
    0x0000047a   0x00000000   Code   RO         3127    .ARM.Collect$$libinit$$0000000E  c_w.l(libinit2.o)
    0x0000047a   0x00000000   Code   RO         3130    .ARM.Collect$$libinit$$00000011  c_w.l(libinit2.o)
    0x0000047a   0x00000000   Code   RO         3132    .ARM.Collect$$libinit$$00000013  c_w.l(libinit2.o)
    0x0000047a   0x00000000   Code   RO         3134    .ARM.Collect$$libinit$$00000015  c_w.l(libinit2.o)
    0x0000047a   0x00000000   Code   RO         3136    .ARM.Collect$$libinit$$00000017  c_w.l(libinit2.o)
    0x0000047a   0x00000000   Code   RO         3138    .ARM.Collect$$libinit$$00000019  c_w.l(libinit2.o)
    0x0000047a   0x00000000   Code   RO         3140    .ARM.Collect$$libinit$$0000001B  c_w.l(libinit2.o)
    0x0000047a   0x00000000   Code   RO         3142    .ARM.Collect$$libinit$$0000001D  c_w.l(libinit2.o)
    0x0000047a   0x00000000   Code   RO         3144    .ARM.Collect$$libinit$$0000001F  c_w.l(libinit2.o)
    0x0000047a   0x00000000   Code   RO         3146    .ARM.Collect$$libinit$$00000021  c_w.l(libinit2.o)
    0x0000047a   0x00000000   Code   RO         3148    .ARM.Collect$$libinit$$00000023  c_w.l(libinit2.o)
    0x0000047a   0x00000000   Code   RO         3150    .ARM.Collect$$libinit$$00000025  c_w.l(libinit2.o)
    0x0000047a   0x00000000   Code   RO         3154    .ARM.Collect$$libinit$$0000002C  c_w.l(libinit2.o)
    0x0000047a   0x00000000   Code   RO         3156    .ARM.Collect$$libinit$$0000002E  c_w.l(libinit2.o)
    0x0000047a   0x00000000   Code   RO         3158    .ARM.Collect$$libinit$$00000030  c_w.l(libinit2.o)
    0x0000047a   0x00000000   Code   RO         3160    .ARM.Collect$$libinit$$00000032  c_w.l(libinit2.o)
    0x0000047a   0x00000002   Code   RO         3161    .ARM.Collect$$libinit$$00000033  c_w.l(libinit2.o)
    0x0000047c   0x00000002   Code   RO         3181    .ARM.Collect$$libshutdown$$00000000  c_w.l(libshutdown.o)
    0x0000047e   0x00000000   Code   RO         3195    .ARM.Collect$$libshutdown$$00000003  c_w.l(libshutdown2.o)
    0x0000047e   0x00000000   Code   RO         3198    .ARM.Collect$$libshutdown$$00000006  c_w.l(libshutdown2.o)
    0x0000047e   0x00000000   Code   RO         3201    .ARM.Collect$$libshutdown$$00000009  c_w.l(libshutdown2.o)
    0x0000047e   0x00000000   Code   RO         3203    .ARM.Collect$$libshutdown$$0000000B  c_w.l(libshutdown2.o)
    0x0000047e   0x00000000   Code   RO         3206    .ARM.Collect$$libshutdown$$0000000E  c_w.l(libshutdown2.o)
    0x0000047e   0x00000002   Code   RO         3207    .ARM.Collect$$libshutdown$$0000000F  c_w.l(libshutdown2.o)
    0x00000480   0x00000000   Code   RO         3076    .ARM.Collect$$rtentry$$00000000  c_w.l(__rtentry.o)
    0x00000480   0x00000000   Code   RO         3080    .ARM.Collect$$rtentry$$00000002  c_w.l(__rtentry2.o)
    0x00000480   0x00000006   Code   RO         3092    .ARM.Collect$$rtentry$$00000004  c_w.l(__rtentry4.o)
    0x00000486   0x00000000   Code   RO         3082    .ARM.Collect$$rtentry$$00000009  c_w.l(__rtentry2.o)
    0x00000486   0x00000004   Code   RO         3083    .ARM.Collect$$rtentry$$0000000A  c_w.l(__rtentry2.o)
    0x0000048a   0x00000000   Code   RO         3085    .ARM.Collect$$rtentry$$0000000C  c_w.l(__rtentry2.o)
    0x0000048a   0x00000008   Code   RO         3086    .ARM.Collect$$rtentry$$0000000D  c_w.l(__rtentry2.o)
    0x00000492   0x00000002   Code   RO         3115    .ARM.Collect$$rtexit$$00000000  c_w.l(rtexit.o)
    0x00000494   0x00000000   Code   RO         3163    .ARM.Collect$$rtexit$$00000002  c_w.l(rtexit2.o)
    0x00000494   0x00000004   Code   RO         3164    .ARM.Collect$$rtexit$$00000003  c_w.l(rtexit2.o)
    0x00000498   0x00000006   Code   RO         3165    .ARM.Collect$$rtexit$$00000004  c_w.l(rtexit2.o)
    0x0000049e   0x00000002   PAD
    0x000004a0   0x00000040   Code   RO         1089    .text               arm_startup_nrf52.o
    0x000004e0   0x00000018   Code   RO         3068    .text               c_w.l(noretval__2printf.o)
    0x000004f8   0x00000064   Code   RO         3070    .text               c_w.l(rt_memcpy_w.o)
    0x0000055c   0x00000006   Code   RO         3072    .text               c_w.l(heapauxi.o)
    0x00000562   0x00000002   PAD
    0x00000564   0x00000024   Code   RO         3077    .text               c_w.l(_printf_char_file.o)
    0x00000588   0x00000030   Code   RO         3094    .text               c_w.l(_printf_char_common.o)
    0x000005b8   0x00000008   Code   RO         3096    .text               c_w.l(ferror.o)
    0x000005c0   0x0000004a   Code   RO         3100    .text               c_w.l(sys_stackheap_outer.o)
    0x0000060a   0x00000028   Code   RO         3102    .text               c_w.l(__printf_nopercent.o)
    0x00000632   0x0000000c   Code   RO         3104    .text               c_w.l(exit.o)
    0x0000063e   0x00000002   PAD
    0x00000640   0x00000008   Code   RO         3112    .text               c_w.l(libspace.o)
    0x00000648   0x0000000c   Code   RO         3173    .text               c_w.l(sys_exit.o)
    0x00000654   0x00000002   Code   RO         3184    .text               c_w.l(use_no_semi.o)
    0x00000656   0x00000000   Code   RO         3186    .text               c_w.l(indicate_semi.o)
    0x00000656   0x00000002   PAD
    0x00000658   0x00000010   Code   RO          790    i.SPIM2_SPIS2_SPI2_IRQHandler  nrfx_prs.o
    0x00000668   0x00000200   Code   RO         1097    i.SystemInit        system_nrf52.o
    0x00000868   0x00000014   Code   RO          428    i.UARTE0_UART0_IRQHandler  nrfx_uarte.o
    0x0000087c   0x0000004c   Code   RO          961    i.Usr_GPIO_InitSetup  usr_gpio.o
    0x000008c8   0x0000000c   Code   RO          925    i.Usr_InitSetup     usr_code.o
    0x000008d4   0x00000008   Code   RO          926    i.Usr_MainLoop      usr_code.o
    0x000008dc   0x00000070   Code   RO         1031    i.Usr_Uart_InitSetup  usr_uart.o
    0x0000094c   0x0000001e   Code   RO         1032    i.Usr_Uart_MainLoop  usr_uart.o
    0x0000096a   0x00000002   PAD
    0x0000096c   0x0000005c   Code   RO          324    i.app_error_fault_handler  app_error_weak.o
    0x000009c8   0x0000001c   Code   RO          264    i.app_error_handler_bare  app_error.o
    0x000009e4   0x0000001e   Code   RO          670    i.app_fifo_get      app_fifo.o
    0x00000a02   0x00000024   Code   RO          671    i.app_fifo_init     app_fifo.o
    0x00000a26   0x00000022   Code   RO          673    i.app_fifo_put      app_fifo.o
    0x00000a48   0x00000054   Code   RO            6    i.app_uart_get      app_uart_fifo.o
    0x00000a9c   0x000000dc   Code   RO            7    i.app_uart_init     app_uart_fifo.o
    0x00000b78   0x0000004c   Code   RO            8    i.app_uart_put      app_uart_fifo.o
    0x00000bc4   0x0000000a   Code   RO          841    i.app_util_critical_region_enter  app_util_platform.o
    0x00000bce   0x0000000a   Code   RO          842    i.app_util_critical_region_exit  app_util_platform.o
    0x00000bd8   0x00000014   Code   RO          843    i.app_util_disable_irq  app_util_platform.o
    0x00000bec   0x00000018   Code   RO          844    i.app_util_enable_irq  app_util_platform.o
    0x00000c04   0x0000007c   Code   RO          429    i.apply_config      nrfx_uarte.o
    0x00000c80   0x00000018   Code   RO          676    i.fifo_get          app_fifo.o
    0x00000c98   0x0000000a   Code   RO            9    i.fifo_length       app_uart_fifo.o
    0x00000ca2   0x0000000a   Code   RO          677    i.fifo_length       app_fifo.o
    0x00000cac   0x00000012   Code   RO          678    i.fifo_peek         app_fifo.o
    0x00000cbe   0x00000012   Code   RO          679    i.fifo_put          app_fifo.o
    0x00000cd0   0x00000010   Code   RO          228    i.fputc             retarget.o
    0x00000ce0   0x000000b4   Code   RO          431    i.interrupts_enable  nrfx_uarte.o
    0x00000d94   0x0000000c   Code   RO          904    i.main              usr_main.o
    0x00000da0   0x0000005c   Code   RO         1184    i.nrf52_errata_108  system_nrf52.o
    0x00000dfc   0x0000005c   Code   RO         1196    i.nrf52_errata_12   system_nrf52.o
    0x00000e58   0x0000005c   Code   RO         1207    i.nrf52_errata_136  system_nrf52.o
    0x00000eb4   0x00000044   Code   RO         1226    i.nrf52_errata_16   system_nrf52.o
    0x00000ef8   0x00000040   Code   RO         1243    i.nrf52_errata_182  system_nrf52.o
    0x00000f38   0x00000040   Code   RO         1295    i.nrf52_errata_249  system_nrf52.o
    0x00000f78   0x0000005c   Code   RO         1305    i.nrf52_errata_31   system_nrf52.o
    0x00000fd4   0x00000044   Code   RO         1306    i.nrf52_errata_32   system_nrf52.o
    0x00001018   0x0000005c   Code   RO         1310    i.nrf52_errata_36   system_nrf52.o
    0x00001074   0x00000044   Code   RO         1311    i.nrf52_errata_37   system_nrf52.o
    0x000010b8   0x00000044   Code   RO         1327    i.nrf52_errata_57   system_nrf52.o
    0x000010fc   0x0000005c   Code   RO         1333    i.nrf52_errata_66   system_nrf52.o
    0x00001158   0x00000054   Code   RO          749    i.nrf_drv_uart_init  nrf_drv_uart.o
    0x000011ac   0x0000001e   Code   RO           10    i.nrf_drv_uart_rx   app_uart_fifo.o
    0x000011ca   0x0000001e   Code   RO           11    i.nrf_drv_uart_tx   app_uart_fifo.o
    0x000011e8   0x00000028   Code   RO          432    i.nrf_gpio_cfg      nrfx_uarte.o
    0x00001210   0x0000001a   Code   RO          434    i.nrf_gpio_cfg_input  nrfx_uarte.o
    0x0000122a   0x00000018   Code   RO          435    i.nrf_gpio_cfg_output  nrfx_uarte.o
    0x00001242   0x00000030   Code   RO          965    i.nrf_gpio_cfg_output  usr_gpio.o
    0x00001272   0x00000016   Code   RO          966    i.nrf_gpio_pin_clear  usr_gpio.o
    0x00001288   0x00000016   Code   RO          436    i.nrf_gpio_pin_set  nrfx_uarte.o
    0x0000129e   0x00000016   Code   RO          967    i.nrf_gpio_pin_set  usr_gpio.o
    0x000012b4   0x0000000c   Code   RO          437    i.nrf_uarte_errorsrc_get_and_clear  nrfx_uarte.o
    0x000012c0   0x0000000e   Code   RO          438    i.nrf_uarte_event_check  nrfx_uarte.o
    0x000012ce   0x0000000e   Code   RO          439    i.nrf_uarte_event_clear  nrfx_uarte.o
    0x000012dc   0x0000000c   Code   RO          440    i.nrf_uarte_hwfc_pins_set  nrfx_uarte.o
    0x000012e8   0x00000006   Code   RO          441    i.nrf_uarte_int_disable  nrfx_uarte.o
    0x000012ee   0x00000006   Code   RO          442    i.nrf_uarte_int_enable  nrfx_uarte.o
    0x000012f4   0x0000000a   Code   RO          443    i.nrf_uarte_rx_amount_get  nrfx_uarte.o
    0x000012fe   0x0000000c   Code   RO          444    i.nrf_uarte_shorts_disable  nrfx_uarte.o
    0x0000130a   0x00000006   Code   RO          445    i.nrf_uarte_task_trigger  nrfx_uarte.o
    0x00001310   0x0000000a   Code   RO          446    i.nrf_uarte_tx_amount_get  nrfx_uarte.o
    0x0000131a   0x0000000e   Code   RO          447    i.nrf_uarte_txrx_pins_set  nrfx_uarte.o
    0x00001328   0x00000008   Code   RO          448    i.nrfx_get_irq_number  nrfx_uarte.o
    0x00001330   0x00000014   Code   RO          449    i.nrfx_is_in_ram    nrfx_uarte.o
    0x00001344   0x00000048   Code   RO          791    i.nrfx_prs_acquire  nrfx_prs.o
    0x0000138c   0x00000080   Code   RO          451    i.nrfx_uarte_init   nrfx_uarte.o
    0x0000140c   0x00000138   Code   RO          452    i.nrfx_uarte_rx     nrfx_uarte.o
    0x00001544   0x000000c0   Code   RO          455    i.nrfx_uarte_tx     nrfx_uarte.o
    0x00001604   0x00000020   Code   RO          457    i.nrfx_uarte_tx_in_progress  nrfx_uarte.o
    0x00001624   0x00000018   Code   RO          793    i.prs_box_get       nrfx_prs.o
    0x0000163c   0x0000001c   Code   RO          460    i.rx_done_event     nrfx_uarte.o
    0x00001658   0x00000020   Code   RO          461    i.tx_done_event     nrfx_uarte.o
    0x00001678   0x00000026   Code   RO         1033    i.uart_error_handler  usr_uart.o
    0x0000169e   0x00000002   PAD
    0x000016a0   0x000000e4   Code   RO           12    i.uart_event_handler  app_uart_fifo.o
    0x00001784   0x00000038   Code   RO          750    i.uarte_evt_handler  nrf_drv_uart.o
    0x000017bc   0x00000134   Code   RO          462    i.uarte_irq_handler  nrfx_uarte.o
    0x000018f0   0x0000000a   Code   RO         3171    x$fpl$fpinit        fz_wm.l(fpinit.o)
    0x000018fa   0x00000002   PAD
    0x000018fc   0x00000020   Data   RO           14    .constdata          app_uart_fifo.o
    0x0000191c   0x00000030   Data   RO          464    .constdata          nrfx_uarte.o
    0x0000194c   0x00000018   Data   RO         1035    .constdata          usr_uart.o
    0x00001964   0x00000020   Data   RO         3238    Region$$Table       anon$$obj.o


    Execution Region RW_IRAM1 (Base: 0x20000000, Size: 0x000042e0, Max: 0x00010000, ABSOLUTE)

    Base Addr    Size         Type   Attr      Idx    E Section Name        Object

    0x20000000   0x00000013   Data   RW           15    .data               app_uart_fifo.o
    0x20000013   0x00000001   PAD
    0x20000014   0x00000008   Data   RW          229    .data               retarget.o
    0x2000001c   0x00000009   Data   RW          751    .data               nrf_drv_uart.o
    0x20000025   0x00000003   PAD
    0x20000028   0x00000008   Data   RW          795    .data               nrfx_prs.o
    0x20000030   0x00000004   Data   RW          847    .data               app_util_platform.o
    0x20000034   0x00000004   Data   RW         1481    .data               system_nrf52.o
    0x20000038   0x00000020   Zero   RW           13    .bss                app_uart_fifo.o
    0x20000058   0x00000024   Zero   RW          463    .bss                nrfx_uarte.o
    0x2000007c   0x00000200   Zero   RW         1034    .bss                usr_uart.o
    0x2000027c   0x00000060   Zero   RW         3113    .bss                c_w.l(libspace.o)
    0x200002dc   0x00000004   PAD
    0x200002e0   0x00002000   Zero   RW         1087    HEAP                arm_startup_nrf52.o
    0x200022e0   0x00002000   Zero   RW         1086    STACK               arm_startup_nrf52.o


==============================================================================

Image component sizes


      Code (inc. data)   RO Data    RW Data    ZI Data      Debug   Object Name

        28          0          0          0          0       2417   app_error.o
        92         10          0          0          0      60305   app_error_weak.o
       170          0          0          0          0       5330   app_fifo.o
       678         92         32         19         32      64282   app_uart_fifo.o
        64         10          0          4          0       3282   app_util_platform.o
        64         26       1024          0      16384        948   arm_startup_nrf52.o
       140         22          0          9          0      13592   nrf_drv_uart.o
       112         14          0          8          0       3585   nrfx_prs.o
         0          0          0          0          0        488   nrfx_uart.o
      1612         46         48          0         36      66927   nrfx_uarte.o
        16          0          0          8          0       2834   retarget.o
      1464        208          0          4          0       9851   system_nrf52.o
        20          0          0          0          0        995   usr_code.o
       168          0          0          0          0       6345   usr_gpio.o
        12          0          0          0          0        499   usr_main.o
       180         46         24          0        512       2729   usr_uart.o

    ----------------------------------------------------------------------
      4824        474       1160         56      16964     244409   Object Totals
         0          0         32          0          0          0   (incl. Generated)
         4          0          0          4          0          0   (incl. Padding)

    ----------------------------------------------------------------------

      Code (inc. data)   RO Data    RW Data    ZI Data      Debug   Library Member Name

         8          0          0          0          0         68   __main.o
        40          0          0          0          0         84   __printf_nopercent.o
         0          0          0          0          0          0   __rtentry.o
        12          0          0          0          0          0   __rtentry2.o
         6          0          0          0          0          0   __rtentry4.o
        52          8          0          0          0          0   __scatter.o
        26          0          0          0          0          0   __scatter_copy.o
        28          0          0          0          0          0   __scatter_zi.o
        48          6          0          0          0         96   _printf_char_common.o
        36          4          0          0          0         80   _printf_char_file.o
        12          0          0          0          0         72   exit.o
         8          0          0          0          0         68   ferror.o
         6          0          0          0          0        152   heapauxi.o
         0          0          0          0          0          0   indicate_semi.o
         2          0          0          0          0          0   libinit.o
         6          0          0          0          0          0   libinit2.o
         2          0          0          0          0          0   libshutdown.o
         2          0          0          0          0          0   libshutdown2.o
         8          4          0          0         96         68   libspace.o
        24          4          0          0          0         84   noretval__2printf.o
       100          0          0          0          0         80   rt_memcpy_w.o
         2          0          0          0          0          0   rtexit.o
        10          0          0          0          0          0   rtexit2.o
        12          4          0          0          0         68   sys_exit.o
        74          0          0          0          0         80   sys_stackheap_outer.o
         2          0          0          0          0         68   use_no_semi.o
        10          0          0          0          0        116   fpinit.o

    ----------------------------------------------------------------------
       548         30          0          0        100       1184   Library Totals
        12          0          0          0          4          0   (incl. Padding)

    ----------------------------------------------------------------------

      Code (inc. data)   RO Data    RW Data    ZI Data      Debug   Library Name

       526         30          0          0         96       1068   c_w.l
        10          0          0          0          0        116   fz_wm.l

    ----------------------------------------------------------------------
       548         30          0          0        100       1184   Library Totals

    ----------------------------------------------------------------------

==============================================================================


      Code (inc. data)   RO Data    RW Data    ZI Data      Debug   

      5372        504       1160         56      17064     237925   Grand Totals
      5372        504       1160         56      17064     237925   ELF Image Totals
      5372        504       1160         56          0          0   ROM Totals

==============================================================================

    Total RO  Size (Code + RO Data)                 6532 (   6.38kB)
    Total RW  Size (RW Data + ZI Data)             17120 (  16.72kB)
    Total ROM Size (Code + RO Data + RW Data)       6588 (   6.43kB)

==============================================================================

