Component: ARM Compiler 5.05 update 2 (build 169) Tool: armlink [4d0f33]

==============================================================================

Section Cross References

    main.o(i.LM75B_set_mode) refers to main.o(i.nrf_drv_twi_tx) for nrf_drv_twi_tx
    main.o(i.LM75B_set_mode) refers to app_error.o(i.app_error_handler_bare) for app_error_handler_bare
    main.o(i.LM75B_set_mode) refers to main.o(.constdata) for .constdata
    main.o(i.LM75B_set_mode) refers to main.o(.data) for .data
    main.o(i.PAV3000_Read_Rawdata) refers to main.o(i.nrf_drv_twi_tx) for nrf_drv_twi_tx
    main.o(i.PAV3000_Read_Rawdata) refers to app_error.o(i.app_error_handler_bare) for app_error_handler_bare
    main.o(i.PAV3000_Read_Rawdata) refers to main.o(i.nrf_drv_twi_rx) for nrf_drv_twi_rx
    main.o(i.PAV3000_Read_Rawdata) refers to main.o(.data) for .data
    main.o(i.PAV3000_Read_Rawdata) refers to main.o(.bss) for .bss
    main.o(i.PAV3000_Read_Rawdata) refers to main.o(.constdata) for .constdata
    main.o(i.main) refers to nrf_log_frontend.o(i.nrf_log_init) for nrf_log_init
    main.o(i.main) refers to app_error.o(i.app_error_handler_bare) for app_error_handler_bare
    main.o(i.main) refers to nrf_log_default_backends.o(i.nrf_log_default_backends_init) for nrf_log_default_backends_init
    main.o(i.main) refers to nrf_log_frontend.o(i.nrf_log_frontend_std_0) for nrf_log_frontend_std_0
    main.o(i.main) refers to nrf_log_frontend.o(i.nrf_log_frontend_dequeue) for nrf_log_frontend_dequeue
    main.o(i.main) refers to main.o(i.twi_init) for twi_init
    main.o(i.main) refers to main.o(i.nrf_delay_ms) for nrf_delay_ms
    main.o(i.main) refers to main.o(i.nrf_drv_twi_rx) for nrf_drv_twi_rx
    main.o(i.main) refers to main.o(i.PAV3000_Read_Rawdata) for PAV3000_Read_Rawdata
    main.o(i.main) refers to nrf_log_frontend.o(log_const_data) for m_nrf_log_app_logs_data_const
    main.o(i.main) refers to main.o(.data) for .data
    main.o(i.main) refers to main.o(.bss) for .bss
    main.o(i.main) refers to main.o(.constdata) for .constdata
    main.o(i.nrf_delay_ms) refers to main.o(.constdata) for .constdata
    main.o(i.nrf_drv_twi_rx) refers to nrfx_twim.o(i.nrfx_twim_rx) for nrfx_twim_rx
    main.o(i.nrf_drv_twi_rx) refers to printf1.o(i.__0printf$1) for __2printf
    main.o(i.nrf_drv_twi_tx) refers to nrfx_twim.o(i.nrfx_twim_tx) for nrfx_twim_tx
    main.o(i.twi_handler) refers to nrf_log_frontend.o(i.nrf_log_frontend_std_1) for nrf_log_frontend_std_1
    main.o(i.twi_handler) refers to main.o(.data) for .data
    main.o(i.twi_handler) refers to nrf_log_frontend.o(log_const_data) for m_nrf_log_app_logs_data_const
    main.o(i.twi_init) refers to nrf_drv_twi.o(i.nrf_drv_twi_init) for nrf_drv_twi_init
    main.o(i.twi_init) refers to app_error.o(i.app_error_handler_bare) for app_error_handler_bare
    main.o(i.twi_init) refers to nrfx_twim.o(i.nrfx_twim_enable) for nrfx_twim_enable
    main.o(i.twi_init) refers to main.o(.constdata) for .constdata
    main.o(i.twi_init) refers to main.o(i.twi_handler) for twi_handler
    boards.o(i.bsp_board_button_idx_to_pin) refers to boards.o(.constdata) for .constdata
    boards.o(i.bsp_board_button_state_get) refers to boards.o(.constdata) for .constdata
    boards.o(i.bsp_board_init) refers to boards.o(i.nrf_gpio_cfg) for nrf_gpio_cfg
    boards.o(i.bsp_board_init) refers to boards.o(i.bsp_board_leds_off) for bsp_board_leds_off
    boards.o(i.bsp_board_init) refers to boards.o(.constdata) for .constdata
    boards.o(i.bsp_board_led_idx_to_pin) refers to boards.o(.constdata) for .constdata
    boards.o(i.bsp_board_led_invert) refers to boards.o(.constdata) for .constdata
    boards.o(i.bsp_board_led_off) refers to boards.o(i.nrf_gpio_pin_write) for nrf_gpio_pin_write
    boards.o(i.bsp_board_led_off) refers to boards.o(.constdata) for .constdata
    boards.o(i.bsp_board_led_on) refers to boards.o(i.nrf_gpio_pin_write) for nrf_gpio_pin_write
    boards.o(i.bsp_board_led_on) refers to boards.o(.constdata) for .constdata
    boards.o(i.bsp_board_led_state_get) refers to boards.o(.constdata) for .constdata
    boards.o(i.bsp_board_leds_off) refers to boards.o(i.bsp_board_led_off) for bsp_board_led_off
    boards.o(i.bsp_board_leds_on) refers to boards.o(i.bsp_board_led_on) for bsp_board_led_on
    boards.o(i.bsp_board_pin_to_button_idx) refers to boards.o(.constdata) for .constdata
    boards.o(i.bsp_board_pin_to_led_idx) refers to boards.o(.constdata) for .constdata
    nrf_drv_twi.o(i.nrf_drv_twi_init) refers to nrf_drv_twi.o(i.twi_clear_bus) for twi_clear_bus
    nrf_drv_twi.o(i.nrf_drv_twi_init) refers to nrfx_twim.o(i.nrfx_twim_init) for nrfx_twim_init
    nrf_drv_twi.o(i.nrf_drv_twi_init) refers to nrf_drv_twi.o(.data) for .data
    nrf_drv_twi.o(i.nrf_drv_twi_init) refers to nrf_drv_twi.o(i.twim_evt_handler) for twim_evt_handler
    nrf_drv_twi.o(i.nrfx_coredep_delay_us) refers to nrf_drv_twi.o(.constdata) for .constdata
[...]
    ../clib/microlib/printf/printf.c         0x00000000   Number         0  printf1.o ABSOLUTE
    ../clib/microlib/printf/printf.c         0x00000000   Number         0  printfa.o ABSOLUTE
    ../clib/microlib/printf/printf.c         0x00000000   Number         0  printf8.o ABSOLUTE
    ../clib/microlib/printf/printf.c         0x00000000   Number         0  printf4.o ABSOLUTE
    ../clib/microlib/printf/printf.c         0x00000000   Number         0  printf0.o ABSOLUTE
    ../clib/microlib/printf/printf.c         0x00000000   Number         0  printf2.o ABSOLUTE
    ../clib/microlib/printf/printf.c         0x00000000   Number         0  printf3.o ABSOLUTE
    ../clib/microlib/printf/printf.c         0x00000000   Number         0  printf5.o ABSOLUTE
    ../clib/microlib/printf/printf.c         0x00000000   Number         0  printf6.o ABSOLUTE
    ../clib/microlib/printf/printf.c         0x00000000   Number         0  printf7.o ABSOLUTE
    ../clib/microlib/printf/stubs.s          0x00000000   Number         0  stubs.o ABSOLUTE
    ../clib/microlib/stdio/fputc.c           0x00000000   Number         0  fputc.o ABSOLUTE
    ../clib/microlib/stdio/semi.s            0x00000000   Number         0  semi.o ABSOLUTE
    ../clib/microlib/stdio/streams.c         0x00000000   Number         0  stdout.o ABSOLUTE
    ../clib/microlib/string/memcpy.c         0x00000000   Number         0  memcpyb.o ABSOLUTE
    ../clib/microlib/string/memcpy.c         0x00000000   Number         0  memcpya.o ABSOLUTE
    ../clib/microlib/string/memset.c         0x00000000   Number         0  memseta.o ABSOLUTE
    ../clib/microlib/string/strcpy.c         0x00000000   Number         0  strcpy.o ABSOLUTE
    ../clib/microlib/string/strlen.c         0x00000000   Number         0  strlen.o ABSOLUTE
    ../clib/microlib/stubs.s                 0x00000000   Number         0  iusesemip.o ABSOLUTE
    ../clib/microlib/stubs.s                 0x00000000   Number         0  iusefp.o ABSOLUTE
    ../fplib/microlib/fpadd.c                0x00000000   Number         0  dadd.o ABSOLUTE
    ../fplib/microlib/fpdiv.c                0x00000000   Number         0  ddiv.o ABSOLUTE
    ../fplib/microlib/fpepilogue.c           0x00000000   Number         0  depilogue.o ABSOLUTE
    ../fplib/microlib/fpfix.c                0x00000000   Number         0  dfixul.o ABSOLUTE
    ../fplib/microlib/fpmul.c                0x00000000   Number         0  dmul.o ABSOLUTE
    ..\..\..\..\..\..\components\boards\boards.c 0x00000000   Number         0  boards.o ABSOLUTE
    ..\..\..\..\..\..\components\libraries\atomic\nrf_atomic.c 0x00000000   Number         0  nrf_atomic.o ABSOLUTE
    ..\..\..\..\..\..\components\libraries\balloc\nrf_balloc.c 0x00000000   Number         0  nrf_balloc.o ABSOLUTE
    ..\..\..\..\..\..\components\libraries\log\src\nrf_log_backend_rtt.c 0x00000000   Number         0  nrf_log_backend_rtt.o ABSOLUTE
    ..\..\..\..\..\..\components\libraries\log\src\nrf_log_backend_serial.c 0x00000000   Number         0  nrf_log_backend_serial.o ABSOLUTE
    ..\..\..\..\..\..\components\libraries\log\src\nrf_log_backend_uart.c 0x00000000   Number         0  nrf_log_backend_uart.o ABSOLUTE
    ..\..\..\..\..\..\components\libraries\log\src\nrf_log_default_backends.c 0x00000000   Number         0  nrf_log_default_backends.o ABSOLUTE
    ..\..\..\..\..\..\components\libraries\log\src\nrf_log_frontend.c 0x00000000   Number         0  nrf_log_frontend.o ABSOLUTE
    ..\..\..\..\..\..\components\libraries\log\src\nrf_log_str_formatter.c 0x00000000   Number         0  nrf_log_str_formatter.o ABSOLUTE
    ..\..\..\..\..\..\components\libraries\memobj\nrf_memobj.c 0x00000000   Number         0  nrf_memobj.o ABSOLUTE
    ..\..\..\..\..\..\components\libraries\ringbuf\nrf_ringbuf.c 0x00000000   Number         0  nrf_ringbuf.o ABSOLUTE
    ..\..\..\..\..\..\components\libraries\strerror\nrf_strerror.c 0x00000000   Number         0  nrf_strerror.o ABSOLUTE
    ..\..\..\..\..\..\components\libraries\util\app_error.c 0x00000000   Number         0  app_error.o ABSOLUTE
    ..\..\..\..\..\..\components\libraries\util\app_error_handler_keil.c 0x00000000   Number         0  app_error_handler_keil.o ABSOLUTE
    ..\..\..\..\..\..\components\libraries\util\app_error_weak.c 0x00000000   Number         0  app_error_weak.o ABSOLUTE
    ..\..\..\..\..\..\components\libraries\util\app_util_platform.c 0x00000000   Number         0  app_util_platform.o ABSOLUTE
    ..\..\..\..\..\..\components\libraries\util\nrf_assert.c 0x00000000   Number         0  nrf_assert.o ABSOLUTE
    ..\..\..\..\..\..\external\fprintf\nrf_fprintf.c 0x00000000   Number         0  nrf_fprintf.o ABSOLUTE
    ..\..\..\..\..\..\external\fprintf\nrf_fprintf_format.c 0x00000000   Number         0  nrf_fprintf_format.o ABSOLUTE
    ..\..\..\..\..\..\external\segger_rtt\SEGGER_RTT.c 0x00000000   Number         0  segger_rtt.o ABSOLUTE
    ..\..\..\..\..\..\external\segger_rtt\SEGGER_RTT_Syscalls_KEIL.c 0x00000000   Number         0  segger_rtt_syscalls_keil.o ABSOLUTE
    ..\..\..\..\..\..\external\segger_rtt\SEGGER_RTT_printf.c 0x00000000   Number         0  segger_rtt_printf.o ABSOLUTE
    ..\..\..\..\..\..\integration\nrfx\legacy\nrf_drv_twi.c 0x00000000   Number         0  nrf_drv_twi.o ABSOLUTE
    ..\..\..\..\..\..\integration\nrfx\legacy\nrf_drv_uart.c 0x00000000   Number         0  nrf_drv_uart.o ABSOLUTE
    ..\..\..\..\..\..\modules\nrfx\drivers\src\nrfx_twi.c 0x00000000   Number         0  nrfx_twi.o ABSOLUTE
    ..\..\..\..\..\..\modules\nrfx\drivers\src\nrfx_twim.c 0x00000000   Number         0  nrfx_twim.o ABSOLUTE
    ..\..\..\..\..\..\modules\nrfx\drivers\src\nrfx_uart.c 0x00000000   Number         0  nrfx_uart.o ABSOLUTE
    ..\..\..\..\..\..\modules\nrfx\drivers\src\nrfx_uarte.c 0x00000000   Number         0  nrfx_uarte.o ABSOLUTE
    ..\..\..\..\..\..\modules\nrfx\drivers\src\prs\nrfx_prs.c 0x00000000   Number         0  nrfx_prs.o ABSOLUTE
    ..\..\..\..\..\..\modules\nrfx\soc\nrfx_atomic.c 0x00000000   Number         0  nrfx_atomic.o ABSOLUTE
    ..\..\..\main.c                          0x00000000   Number         0  main.o ABSOLUTE
    ..\\..\\..\\..\\..\\..\\components\\boards\\boards.c 0x00000000   Number         0  boards.o ABSOLUTE
    ..\\..\\..\\..\\..\\..\\components\\libraries\\atomic\\nrf_atomic.c 0x00000000   Number         0  nrf_atomic.o ABSOLUTE
    ..\\..\\..\\..\\..\\..\\components\\libraries\\balloc\\nrf_balloc.c 0x00000000   Number         0  nrf_balloc.o ABSOLUTE
    ..\\..\\..\\..\\..\\..\\components\\libraries\\log\\src\\nrf_log_backend_rtt.c 0x00000000   Number         0  nrf_log_backend_rtt.o ABSOLUTE
    ..\\..\\..\\..\\..\\..\\components\\libraries\\log\\src\\nrf_log_backend_serial.c 0x00000000   Number         0  nrf_log_backend_serial.o ABSOLUTE
    ..\\..\\..\\..\\..\\..\\components\\libraries\\log\\src\\nrf_log_backend_uart.c 0x00000000   Number         0  nrf_log_backend_uart.o ABSOLUTE
    ..\\..\\..\\..\\..\\..\\components\\libraries\\log\\src\\nrf_log_default_backends.c 0x00000000   Number         0  nrf_log_default_backends.o ABSOLUTE
    ..\\..\\..\\..\\..\\..\\components\\libraries\\log\\src\\nrf_log_frontend.c 0x00000000   Number         0  nrf_log_frontend.o ABSOLUTE
    ..\\..\\..\\..\\..\\..\\components\\libraries\\log\\src\\nrf_log_str_formatter.c 0x00000000   Number         0  nrf_log_str_formatter.o ABSOLUTE
    ..\\..\\..\\..\\..\\..\\components\\libraries\\memobj\\nrf_memobj.c 0x00000000   Number         0  nrf_memobj.o ABSOLUTE
    ..\\..\\..\\..\\..\\..\\components\\libraries\\ringbuf\\nrf_ringbuf.c 0x00000000   Number         0  nrf_ringbuf.o ABSOLUTE
    ..\\..\\..\\..\\..\\..\\components\\libraries\\strerror\\nrf_strerror.c 0x00000000   Number         0  nrf_strerror.o ABSOLUTE
    ..\\..\\..\\..\\..\\..\\components\\libraries\\util\\app_error.c 0x00000000   Number         0  app_error.o ABSOLUTE
    ..\\..\\..\\..\\..\\..\\components\\libraries\\util\\app_error_handler_keil.c 0x00000000   Number         0  app_error_handler_keil.o ABSOLUTE
    ..\\..\\..\\..\\..\\..\\components\\libraries\\util\\app_error_weak.c 0x00000000   Number         0  app_error_weak.o ABSOLUTE
    ..\\..\\..\\..\\..\\..\\components\\libraries\\util\\app_util_platform.c 0x00000000   Number         0  app_util_platform.o ABSOLUTE
    ..\\..\\..\\..\\..\\..\\components\\libraries\\util\\nrf_assert.c 0x00000000   Number         0  nrf_assert.o ABSOLUTE
    ..\\..\\..\\..\\..\\..\\external\\fprintf\\nrf_fprintf.c 0x00000000   Number         0  nrf_fprintf.o ABSOLUTE
    ..\\..\\..\\..\\..\\..\\external\\fprintf\\nrf_fprintf_format.c 0x00000000   Number         0  nrf_fprintf_format.o ABSOLUTE
    ..\\..\\..\\..\\..\\..\\external\\segger_rtt\\SEGGER_RTT.c 0x00000000   Number         0  segger_rtt.o ABSOLUTE
    ..\\..\\..\\..\\..\\..\\external\\segger_rtt\\SEGGER_RTT_printf.c 0x00000000   Number         0  segger_rtt_printf.o ABSOLUTE
    ..\\..\\..\\..\\..\\..\\integration\\nrfx\\legacy\\nrf_drv_twi.c 0x00000000   Number         0  nrf_drv_twi.o ABSOLUTE
    ..\\..\\..\\..\\..\\..\\integration\\nrfx\\legacy\\nrf_drv_uart.c 0x00000000   Number         0  nrf_drv_uart.o ABSOLUTE
    ..\\..\\..\\..\\..\\..\\modules\\nrfx\\drivers\\src\\nrfx_twi.c 0x00000000   Number         0  nrfx_twi.o ABSOLUTE
    ..\\..\\..\\..\\..\\..\\modules\\nrfx\\drivers\\src\\nrfx_twim.c 0x00000000   Number         0  nrfx_twim.o ABSOLUTE
    ..\\..\\..\\..\\..\\..\\modules\\nrfx\\drivers\\src\\nrfx_uart.c 0x00000000   Number         0  nrfx_uart.o ABSOLUTE
    ..\\..\\..\\..\\..\\..\\modules\\nrfx\\drivers\\src\\nrfx_uarte.c 0x00000000   Number         0  nrfx_uarte.o ABSOLUTE
    ..\\..\\..\\..\\..\\..\\modules\\nrfx\\drivers\\src\\prs\\nrfx_prs.c 0x00000000   Number         0  nrfx_prs.o ABSOLUTE
    ..\\..\\..\\..\\..\\..\\modules\\nrfx\\soc\\nrfx_atomic.c 0x00000000   Number         0  nrfx_atomic.o ABSOLUTE
    ..\\..\\..\\main.c                       0x00000000   Number         0  main.o ABSOLUTE
    RTE\Device\nRF52832_xxAA\arm_startup_nrf52.s 0x00000000   Number         0  arm_startup_nrf52.o ABSOLUTE
    RTE\Device\nRF52832_xxAA\system_nrf52.c  0x00000000   Number         0  system_nrf52.o ABSOLUTE
    RTE\\Device\\nRF52832_xxAA\\system_nrf52.c 0x00000000   Number         0  system_nrf52.o ABSOLUTE
    cdrcmple.s                               0x00000000   Number         0  cdrcmple.o ABSOLUTE
    dc.s                                     0x00000000   Number         0  dc.o ABSOLUTE
    handlers.s                               0x00000000   Number         0  handlers.o ABSOLUTE
    init.s                                   0x00000000   Number         0  init.o ABSOLUTE
    .ARM.Collect$$$$00000000                 0x00000200   Section        0  entry.o(.ARM.Collect$$$$00000000)
    .ARM.Collect$$$$00000001                 0x00000200   Section        4  entry2.o(.ARM.Collect$$$$00000001)
    .ARM.Collect$$$$00000004                 0x00000204   Section        4  entry5.o(.ARM.Collect$$$$00000004)
    .ARM.Collect$$$$00000008                 0x00000208   Section        0  entry7b.o(.ARM.Collect$$$$00000008)
    .ARM.Collect$$$$0000000A                 0x00000208   Section        0  entry8b.o(.ARM.Collect$$$$0000000A)
    .ARM.Collect$$$$0000000B                 0x00000208   Section        8  entry9a.o(.ARM.Collect$$$$0000000B)
    .ARM.Collect$$$$0000000D                 0x00000210   Section        0  entry10a.o(.ARM.Collect$$$$0000000D)
    .ARM.Collect$$$$0000000F                 0x00000210   Section        0  entry11a.o(.ARM.Collect$$$$0000000F)
    .ARM.Collect$$$$00002712                 0x00000210   Section        4  entry2.o(.ARM.Collect$$$$00002712)
    __lit__00000000                          0x00000210   Data           4  entry2.o(.ARM.Collect$$$$00002712)
    .emb_text                                0x00000214   Section      226  nrf_atomic.o(.emb_text)
    $v0                                      0x00000214   Number         0  nrf_atomic.o(.emb_text)
    .text                                    0x000002f8   Section       36  arm_startup_nrf52.o(.text)
    $v0                                      0x000002f8   Number         0  arm_startup_nrf52.o(.text)
    .text                                    0x0000031c   Section        0  ctype_o.o(.text)
    .text                                    0x00000324   Section        0  memcpya.o(.text)
    .text                                    0x00000348   Section        0  memseta.o(.text)
    .text                                    0x0000036c   Section        0  strlen.o(.text)
    .text                                    0x0000037a   Section        0  uidiv.o(.text)
    .text                                    0x000003a8   Section       36  init.o(.text)
    .text                                    0x000003cc   Section        0  semi.o(.text)
    .text                                    0x000003cc   Section        0  iusesemip.o(.text)
    i.PAV3000_Read_Rawdata                   0x000003cc   Section        0  main.o(i.PAV3000_Read_Rawdata)
    i.SPIM0_SPIS0_TWIM0_TWIS0_SPI0_TWI0_IRQHandler 0x00000420   Section        0  nrfx_twim.o(i.SPIM0_SPIS0_TWIM0_TWIS0_SPI0_TWI0_IRQHandler)
    i.SystemInit                             0x00000430   Section        0  system_nrf52.o(i.SystemInit)
    i.UARTE0_UART0_IRQHandler                0x00000758   Section        0  nrfx_prs.o(i.UARTE0_UART0_IRQHandler)
    i._NRFX_IRQ_PENDING_CLEAR                0x00000764   Section        0  nrfx_twim.o(i._NRFX_IRQ_PENDING_CLEAR)
    _NRFX_IRQ_PENDING_CLEAR                  0x00000765   Thumb Code    26  nrfx_twim.o(i._NRFX_IRQ_PENDING_CLEAR)
    i.__0printf$1                            0x00000780   Section        0  printf1.o(i.__0printf$1)
    i.__scatterload_copy                     0x000007a0   Section       14  handlers.o(i.__scatterload_copy)
    i.__scatterload_null                     0x000007ae   Section        2  handlers.o(i.__scatterload_null)
    i.__scatterload_zeroinit                 0x000007b0   Section       14  handlers.o(i.__scatterload_zeroinit)
    i._printf_core                           0x000007c0   Section        0  printf1.o(i._printf_core)
    _printf_core                             0x000007c1   Thumb Code   336  printf1.o(i._printf_core)
    i.app_error_fault_handler                0x00000914   Section        0  app_error_weak.o(i.app_error_fault_handler)
    i.app_error_handler_bare                 0x00000998   Section        0  app_error.o(i.app_error_handler_bare)
    i.app_util_critical_region_enter         0x000009ae   Section        0  app_util_platform.o(i.app_util_critical_region_enter)
    i.app_util_critical_region_exit          0x000009b2   Section        0  app_util_platform.o(i.app_util_critical_region_exit)
    i.app_util_disable_irq                   0x000009b8   Section        0  app_util_platform.o(i.app_util_disable_irq)
    i.app_util_enable_irq                    0x000009c8   Section        0  app_util_platform.o(i.app_util_enable_irq)
    i.apply_config                           0x000009dc   Section        0  nrfx_uart.o(i.apply_config)
    apply_config                             0x000009dd   Thumb Code   136  nrfx_uart.o(i.apply_config)
    i.apply_config                           0x00000a64   Section        0  nrfx_uarte.o(i.apply_config)
    apply_config                             0x00000a65   Thumb Code   136  nrfx_uarte.o(i.apply_config)
    i.buf_prealloc                           0x00000aec   Section        0  nrf_log_frontend.o(i.buf_prealloc)
    buf_prealloc                             0x00000aed   Thumb Code   132  nrf_log_frontend.o(i.buf_prealloc)
    i.buffer_add                             0x00000b78   Section        0  nrf_fprintf_format.o(i.buffer_add)
    buffer_add                               0x00000b79   Thumb Code    46  nrf_fprintf_format.o(i.buffer_add)
    i.buffer_is_empty                        0x00000ba8   Section        0  nrf_log_frontend.o(i.buffer_is_empty)
    i.dropped_sat16_get                      0x00000bc0   Section        0  nrf_log_frontend.o(i.dropped_sat16_get)
    dropped_sat16_get                        0x00000bc1   Thumb Code    16  nrf_log_frontend.o(i.dropped_sat16_get)
    i.fputc                                  0x00000bd4   Section        0  fputc.o(i.fputc)
    i.int_print                              0x00000be8   Section        0  nrf_fprintf_format.o(i.int_print)
    int_print                                0x00000be9   Thumb Code   166  nrf_fprintf_format.o(i.int_print)
    i.interrupts_enable                      0x00000c90   Section        0  nrfx_uarte.o(i.interrupts_enable)
    interrupts_enable                        0x00000c91   Thumb Code   132  nrfx_uarte.o(i.interrupts_enable)
    i.invalid_packets_omit                   0x00000d18   Section        0  nrf_log_frontend.o(i.invalid_packets_omit)
    invalid_packets_omit                     0x00000d19   Thumb Code    52  nrf_log_frontend.o(i.invalid_packets_omit)
    i.log_pending_hook                       0x00000d4c   Section        0  nrf_log_frontend.o(i.log_pending_hook)
    i.log_skip                               0x00000d50   Section        0  nrf_log_frontend.o(i.log_skip)
    log_skip                                 0x00000d51   Thumb Code   150  nrf_log_frontend.o(i.log_skip)
    i.main                                   0x00000df4   Section        0  main.o(i.main)
    i.memobj_op                              0x00000e8c   Section        0  nrf_memobj.o(i.memobj_op)
    memobj_op                                0x00000e8d   Thumb Code   126  nrf_memobj.o(i.memobj_op)
    i.module_idx_get                         0x00000f0c   Section        0  nrf_log_frontend.o(i.module_idx_get)
    module_idx_get                           0x00000f0d   Thumb Code    42  nrf_log_frontend.o(i.module_idx_get)
    i.nrf_atomic_flag_clear_fetch            0x00000f3c   Section        0  nrf_atomic.o(i.nrf_atomic_flag_clear_fetch)
    i.nrf_atomic_flag_set                    0x00000f42   Section        0  nrf_atomic.o(i.nrf_atomic_flag_set)
    i.nrf_atomic_u32_add                     0x00000f48   Section        0  nrf_atomic.o(i.nrf_atomic_u32_add)
    i.nrf_atomic_u32_fetch_and               0x00000f54   Section        0  nrf_atomic.o(i.nrf_atomic_u32_fetch_and)
    i.nrf_atomic_u32_fetch_store             0x00000f5e   Section        0  nrf_atomic.o(i.nrf_atomic_u32_fetch_store)
    i.nrf_atomic_u32_or                      0x00000f68   Section        0  nrf_atomic.o(i.nrf_atomic_u32_or)
    i.nrf_atomic_u32_sub                     0x00000f74   Section        0  nrf_atomic.o(i.nrf_atomic_u32_sub)
    i.nrf_balloc_alloc                       0x00000f80   Section        0  nrf_balloc.o(i.nrf_balloc_alloc)
    i.nrf_balloc_free                        0x00000fbe   Section        0  nrf_balloc.o(i.nrf_balloc_free)
    i.nrf_balloc_init                        0x00000fe8   Section        0  nrf_balloc.o(i.nrf_balloc_init)
    i.nrf_delay_ms                           0x00001018   Section        0  main.o(i.nrf_delay_ms)
    nrf_delay_ms                             0x00001019   Thumb Code    28  main.o(i.nrf_delay_ms)
    i.nrf_drv_twi_init                       0x00001038   Section        0  nrf_drv_twi.o(i.nrf_drv_twi_init)
    i.nrf_drv_twi_rx                         0x00001078   Section        0  main.o(i.nrf_drv_twi_rx)
    nrf_drv_twi_rx                           0x00001079   Thumb Code    28  main.o(i.nrf_drv_twi_rx)
    i.nrf_drv_twi_tx                         0x000010c0   Section        0  main.o(i.nrf_drv_twi_tx)
    nrf_drv_twi_tx                           0x000010c1   Thumb Code    14  main.o(i.nrf_drv_twi_tx)
    i.nrf_drv_uart_init                      0x000010d0   Section        0  nrf_drv_uart.o(i.nrf_drv_uart_init)
    i.nrf_fprintf                            0x00001138   Section        0  nrf_fprintf.o(i.nrf_fprintf)
    i.nrf_fprintf_buffer_flush               0x00001152   Section        0  nrf_fprintf.o(i.nrf_fprintf_buffer_flush)
    i.nrf_fprintf_fmt                        0x0000116a   Section        0  nrf_fprintf_format.o(i.nrf_fprintf_fmt)
    i.nrf_gpio_cfg                           0x00001344   Section        0  nrfx_twim.o(i.nrf_gpio_cfg)
    nrf_gpio_cfg                             0x00001345   Thumb Code    36  nrfx_twim.o(i.nrf_gpio_cfg)
    i.nrf_gpio_cfg                           0x00001368   Section        0  nrfx_uart.o(i.nrf_gpio_cfg)
    nrf_gpio_cfg                             0x00001369   Thumb Code    36  nrfx_uart.o(i.nrf_gpio_cfg)
    i.nrf_gpio_cfg                           0x0000138c   Section        0  nrfx_uarte.o(i.nrf_gpio_cfg)
    nrf_gpio_cfg                             0x0000138d   Thumb Code    36  nrfx_uarte.o(i.nrf_gpio_cfg)
    i.nrf_gpio_cfg_default                   0x000013b0   Section        0  nrfx_uart.o(i.nrf_gpio_cfg_default)
    nrf_gpio_cfg_default                     0x000013b1   Thumb Code    18  nrfx_uart.o(i.nrf_gpio_cfg_default)
    i.nrf_gpio_cfg_default                   0x000013c2   Section        0  nrfx_uarte.o(i.nrf_gpio_cfg_default)
    nrf_gpio_cfg_default                     0x000013c3   Thumb Code    18  nrfx_uarte.o(i.nrf_gpio_cfg_default)
    i.nrf_gpio_cfg_input                     0x000013d4   Section        0  nrfx_uart.o(i.nrf_gpio_cfg_input)
    nrf_gpio_cfg_input                       0x000013d5   Thumb Code    18  nrfx_uart.o(i.nrf_gpio_cfg_input)
    i.nrf_gpio_cfg_input                     0x000013e6   Section        0  nrfx_uarte.o(i.nrf_gpio_cfg_input)
    nrf_gpio_cfg_input                       0x000013e7   Thumb Code    18  nrfx_uarte.o(i.nrf_gpio_cfg_input)
    i.nrf_gpio_cfg_output                    0x000013f8   Section        0  nrfx_uart.o(i.nrf_gpio_cfg_output)
    nrf_gpio_cfg_output                      0x000013f9   Thumb Code    20  nrfx_uart.o(i.nrf_gpio_cfg_output)
    i.nrf_gpio_cfg_output                    0x0000140c   Section        0  nrfx_uarte.o(i.nrf_gpio_cfg_output)
    nrf_gpio_cfg_output                      0x0000140d   Thumb Code    20  nrfx_uarte.o(i.nrf_gpio_cfg_output)
    i.nrf_gpio_pin_set                       0x00001420   Section        0  nrf_drv_twi.o(i.nrf_gpio_pin_set)
    nrf_gpio_pin_set                         0x00001421   Thumb Code    14  nrf_drv_twi.o(i.nrf_gpio_pin_set)
    i.nrf_log_backend_add                    0x00001430   Section        0  nrf_log_frontend.o(i.nrf_log_backend_add)
    i.nrf_log_backend_serial_put             0x0000148c   Section        0  nrf_log_backend_serial.o(i.nrf_log_backend_serial_put)
    i.nrf_log_backend_uart_flush             0x00001554   Section        0  nrf_log_backend_uart.o(i.nrf_log_backend_uart_flush)
    nrf_log_backend_uart_flush               0x00001555   Thumb Code     2  nrf_log_backend_uart.o(i.nrf_log_backend_uart_flush)
    i.nrf_log_backend_uart_init              0x00001556   Section        0  nrf_log_backend_uart.o(i.nrf_log_backend_uart_init)
    i.nrf_log_backend_uart_panic_set         0x0000155c   Section        0  nrf_log_backend_uart.o(i.nrf_log_backend_uart_panic_set)
    nrf_log_backend_uart_panic_set           0x0000155d   Thumb Code    36  nrf_log_backend_uart.o(i.nrf_log_backend_uart_panic_set)
    i.nrf_log_backend_uart_put               0x00001588   Section        0  nrf_log_backend_uart.o(i.nrf_log_backend_uart_put)
    nrf_log_backend_uart_put                 0x00001589   Thumb Code    16  nrf_log_backend_uart.o(i.nrf_log_backend_uart_put)
    i.nrf_log_color_id_get                   0x000015a0   Section        0  nrf_log_frontend.o(i.nrf_log_color_id_get)
    i.nrf_log_default_backends_init          0x000015d0   Section        0  nrf_log_default_backends.o(i.nrf_log_default_backends_init)
    i.nrf_log_frontend_dequeue               0x000015ec   Section        0  nrf_log_frontend.o(i.nrf_log_frontend_dequeue)
    i.nrf_log_frontend_std_0                 0x00001820   Section        0  nrf_log_frontend.o(i.nrf_log_frontend_std_0)
    i.nrf_log_frontend_std_1                 0x00001828   Section        0  nrf_log_frontend.o(i.nrf_log_frontend_std_1)
    i.nrf_log_hexdump_entry_process          0x00001838   Section        0  nrf_log_str_formatter.o(i.nrf_log_hexdump_entry_process)
    i.nrf_log_init                           0x000018e8   Section        0  nrf_log_frontend.o(i.nrf_log_init)
    i.nrf_log_module_cnt_get                 0x00001910   Section        0  nrf_log_frontend.o(i.nrf_log_module_cnt_get)
    i.nrf_log_module_name_get                0x00001924   Section        0  nrf_log_frontend.o(i.nrf_log_module_name_get)
    i.nrf_log_panic                          0x00001940   Section        0  nrf_log_frontend.o(i.nrf_log_panic)
    i.nrf_log_std_entry_process              0x00001968   Section        0  nrf_log_str_formatter.o(i.nrf_log_std_entry_process)
    i.nrf_memobj_alloc                       0x00001a1e   Section        0  nrf_memobj.o(i.nrf_memobj_alloc)
    i.nrf_memobj_free                        0x00001a7e   Section        0  nrf_memobj.o(i.nrf_memobj_free)
    i.nrf_memobj_get                         0x00001ab0   Section        0  nrf_memobj.o(i.nrf_memobj_get)
    i.nrf_memobj_pool_init                   0x00001ab8   Section        0  nrf_memobj.o(i.nrf_memobj_pool_init)
    i.nrf_memobj_put                         0x00001abc   Section        0  nrf_memobj.o(i.nrf_memobj_put)
    i.nrf_memobj_read                        0x00001ada   Section        0  nrf_memobj.o(i.nrf_memobj_read)
    i.nrf_memobj_write                       0x00001aea   Section        0  nrf_memobj.o(i.nrf_memobj_write)
    i.nrf_ringbuf_init                       0x00001afa   Section        0  nrf_ringbuf.o(i.nrf_ringbuf_init)
    i.nrf_twim_event_check                   0x00001b16   Section        0  nrfx_twim.o(i.nrf_twim_event_check)
    nrf_twim_event_check                     0x00001b17   Thumb Code    10  nrfx_twim.o(i.nrf_twim_event_check)
    i.nrf_twim_event_clear                   0x00001b20   Section        0  nrfx_twim.o(i.nrf_twim_event_clear)
    nrf_twim_event_clear                     0x00001b21   Thumb Code    12  nrfx_twim.o(i.nrf_twim_event_clear)
    i.nrf_uart_event_check                   0x00001b2c   Section        0  nrfx_uart.o(i.nrf_uart_event_check)
    nrf_uart_event_check                     0x00001b2d   Thumb Code    10  nrfx_uart.o(i.nrf_uart_event_check)
    i.nrf_uart_event_clear                   0x00001b36   Section        0  nrfx_uart.o(i.nrf_uart_event_clear)
    nrf_uart_event_clear                     0x00001b37   Thumb Code    12  nrfx_uart.o(i.nrf_uart_event_clear)
    i.nrf_uart_int_enable_check              0x00001b42   Section        0  nrfx_uart.o(i.nrf_uart_int_enable_check)
    nrf_uart_int_enable_check                0x00001b43   Thumb Code    12  nrfx_uart.o(i.nrf_uart_int_enable_check)
    i.nrf_uarte_event_check                  0x00001b4e   Section        0  nrfx_uarte.o(i.nrf_uarte_event_check)
    nrf_uarte_event_check                    0x00001b4f   Thumb Code    10  nrfx_uarte.o(i.nrf_uarte_event_check)
    i.nrf_uarte_event_clear                  0x00001b58   Section        0  nrfx_uarte.o(i.nrf_uarte_event_clear)
    nrf_uarte_event_clear                    0x00001b59   Thumb Code    12  nrfx_uarte.o(i.nrf_uarte_event_clear)
    i.nrfx_coredep_delay_us                  0x00001b64   Section        0  nrf_drv_twi.o(i.nrfx_coredep_delay_us)
    nrfx_coredep_delay_us                    0x00001b65   Thumb Code    12  nrf_drv_twi.o(i.nrfx_coredep_delay_us)
    i.nrfx_is_in_ram                         0x00001b74   Section        0  nrfx_twim.o(i.nrfx_is_in_ram)
    nrfx_is_in_ram                           0x00001b75   Thumb Code    16  nrfx_twim.o(i.nrfx_is_in_ram)
    i.nrfx_is_in_ram                         0x00001b84   Section        0  nrfx_uarte.o(i.nrfx_is_in_ram)
    nrfx_is_in_ram                           0x00001b85   Thumb Code    16  nrfx_uarte.o(i.nrfx_is_in_ram)
    i.nrfx_prs_acquire                       0x00001b94   Section        0  nrfx_prs.o(i.nrfx_prs_acquire)
    i.nrfx_prs_release                       0x00001bc4   Section        0  nrfx_prs.o(i.nrfx_prs_release)
    i.nrfx_twim_enable                       0x00001bd8   Section        0  nrfx_twim.o(i.nrfx_twim_enable)
    i.nrfx_twim_init                         0x00001bfc   Section        0  nrfx_twim.o(i.nrfx_twim_init)
    i.nrfx_twim_rx                           0x00001ce0   Section        0  nrfx_twim.o(i.nrfx_twim_rx)
    i.nrfx_twim_tx                           0x00001d10   Section        0  nrfx_twim.o(i.nrfx_twim_tx)
    i.nrfx_twim_xfer                         0x00001d48   Section        0  nrfx_twim.o(i.nrfx_twim_xfer)
    i.nrfx_uart_0_irq_handler                0x00001d70   Section        0  nrfx_uart.o(i.nrfx_uart_0_irq_handler)
    i.nrfx_uart_init                         0x00001d80   Section        0  nrfx_uart.o(i.nrfx_uart_init)
    i.nrfx_uart_tx                           0x00001e54   Section        0  nrfx_uart.o(i.nrfx_uart_tx)
    i.nrfx_uart_tx_in_progress               0x00001efc   Section        0  nrfx_uart.o(i.nrfx_uart_tx_in_progress)
    i.nrfx_uart_uninit                       0x00001f1c   Section        0  nrfx_uart.o(i.nrfx_uart_uninit)
    i.nrfx_uarte_0_irq_handler               0x00001fdc   Section        0  nrfx_uarte.o(i.nrfx_uarte_0_irq_handler)
    i.nrfx_uarte_init                        0x00001fec   Section        0  nrfx_uarte.o(i.nrfx_uarte_init)
    i.nrfx_uarte_tx                          0x00002058   Section        0  nrfx_uarte.o(i.nrfx_uarte_tx)
    i.nrfx_uarte_tx_in_progress              0x00002104   Section        0  nrfx_uarte.o(i.nrfx_uarte_tx_in_progress)
    i.nrfx_uarte_uninit                      0x00002120   Section        0  nrfx_uarte.o(i.nrfx_uarte_uninit)
    i.postfix_process                        0x00002228   Section        0  nrf_log_str_formatter.o(i.postfix_process)
    postfix_process                          0x00002229   Thumb Code    48  nrf_log_str_formatter.o(i.postfix_process)
    i.prefix_process                         0x00002264   Section        0  nrf_log_str_formatter.o(i.prefix_process)
    prefix_process                           0x00002265   Thumb Code    90  nrf_log_str_formatter.o(i.prefix_process)
    i.prs_box_get                            0x000022fc   Section        0  nrfx_prs.o(i.prs_box_get)
    prs_box_get                              0x000022fd   Thumb Code    14  nrfx_prs.o(i.prs_box_get)
    i.rx_byte                                0x00002314   Section        0  nrfx_uart.o(i.rx_byte)
    rx_byte                                  0x00002315   Thumb Code    50  nrfx_uart.o(i.rx_byte)
    i.rx_done_event                          0x00002346   Section        0  nrfx_uart.o(i.rx_done_event)
    rx_done_event                            0x00002347   Thumb Code    22  nrfx_uart.o(i.rx_done_event)
    i.rx_done_event                          0x0000235c   Section        0  nrfx_uarte.o(i.rx_done_event)
    rx_done_event                            0x0000235d   Thumb Code    22  nrfx_uarte.o(i.rx_done_event)
    i.serial_tx                              0x00002374   Section        0  nrf_log_backend_uart.o(i.serial_tx)
    serial_tx                                0x00002375   Thumb Code    54  nrf_log_backend_uart.o(i.serial_tx)
    i.std_n                                  0x000023b4   Section        0  nrf_log_frontend.o(i.std_n)
    std_n                                    0x000023b5   Thumb Code   144  nrf_log_frontend.o(i.std_n)
    i.twi_clear_bus                          0x0000244c   Section        0  nrf_drv_twi.o(i.twi_clear_bus)
    twi_clear_bus                            0x0000244d   Thumb Code   170  nrf_drv_twi.o(i.twi_clear_bus)
    i.twi_handler                            0x000024f8   Section        0  main.o(i.twi_handler)
    i.twi_init                               0x00002554   Section        0  main.o(i.twi_init)
    i.twim_evt_handler                       0x00002584   Section        0  nrf_drv_twi.o(i.twim_evt_handler)
    twim_evt_handler                         0x00002585   Thumb Code    60  nrf_drv_twi.o(i.twim_evt_handler)
    i.twim_irq_handler                       0x000025c4   Section        0  nrfx_twim.o(i.twim_irq_handler)
    twim_irq_handler                         0x000025c5   Thumb Code   400  nrfx_twim.o(i.twim_irq_handler)
    i.twim_xfer                              0x00002758   Section        0  nrfx_twim.o(i.twim_xfer)
    twim_xfer                                0x00002759   Thumb Code   658  nrfx_twim.o(i.twim_xfer)
    i.tx_byte                                0x000029f0   Section        0  nrfx_uart.o(i.tx_byte)
    tx_byte                                  0x000029f1   Thumb Code    32  nrfx_uart.o(i.tx_byte)
    i.tx_done_event                          0x00002a10   Section        0  nrfx_uart.o(i.tx_done_event)
    tx_done_event                            0x00002a11   Thumb Code    26  nrfx_uart.o(i.tx_done_event)
    i.tx_done_event                          0x00002a2a   Section        0  nrfx_uarte.o(i.tx_done_event)
    tx_done_event                            0x00002a2b   Thumb Code    26  nrfx_uarte.o(i.tx_done_event)
    i.uart_evt_handler                       0x00002a44   Section        0  nrf_drv_uart.o(i.uart_evt_handler)
    uart_evt_handler                         0x00002a45   Thumb Code    42  nrf_drv_uart.o(i.uart_evt_handler)
    i.uart_evt_handler                       0x00002a74   Section        0  nrf_log_backend_uart.o(i.uart_evt_handler)
    uart_evt_handler                         0x00002a75   Thumb Code     8  nrf_log_backend_uart.o(i.uart_evt_handler)
    i.uart_init                              0x00002a80   Section        0  nrf_log_backend_uart.o(i.uart_init)
    uart_init                                0x00002a81   Thumb Code    66  nrf_log_backend_uart.o(i.uart_init)
    i.uart_irq_handler                       0x00002ad0   Section        0  nrfx_uart.o(i.uart_irq_handler)
    uart_irq_handler                         0x00002ad1   Thumb Code   298  nrfx_uart.o(i.uart_irq_handler)
    i.uarte_evt_handler                      0x00002bfc   Section        0  nrf_drv_uart.o(i.uarte_evt_handler)
    uarte_evt_handler                        0x00002bfd   Thumb Code    42  nrf_drv_uart.o(i.uarte_evt_handler)
    i.uarte_irq_handler                      0x00002c2c   Section        0  nrfx_uarte.o(i.uarte_irq_handler)
    uarte_irq_handler                        0x00002c2d   Thumb Code   274  nrfx_uarte.o(i.uarte_irq_handler)
    i.unsigned_print                         0x00002d40   Section        0  nrf_fprintf_format.o(i.unsigned_print)
    unsigned_print                           0x00002d41   Thumb Code   176  nrf_fprintf_format.o(i.unsigned_print)
    i.xfer_completeness_check                0x00002df4   Section        0  nrfx_twim.o(i.xfer_completeness_check)
    xfer_completeness_check                  0x00002df5   Thumb Code    98  nrfx_twim.o(i.xfer_completeness_check)
    .constdata                               0x00002e60   Section       40  main.o(.constdata)
    delay_machine_code                       0x00002e60   Data           6  main.o(.constdata)
    m_twi                                    0x00002e68   Data          16  main.o(.constdata)
    .constdata                               0x00002e90   Section        6  nrf_drv_twi.o(.constdata)
    delay_machine_code                       0x00002e90   Data           6  nrf_drv_twi.o(.constdata)
    .constdata                               0x00002e98   Section       24  nrfx_twim.o(.constdata)
    irq_handlers                             0x00002e98   Data           4  nrfx_twim.o(.constdata)
    .constdata                               0x00002eb0   Section        4  nrfx_uart.o(.constdata)
    irq_handlers                             0x00002eb0   Data           4  nrfx_uart.o(.constdata)
    .constdata                               0x00002eb4   Section        4  nrfx_uarte.o(.constdata)
    irq_handlers                             0x00002eb4   Data           4  nrfx_uarte.o(.constdata)
    .constdata                               0x00002eb8   Section       16  nrf_fprintf_format.o(.constdata)
    _aV2C                                    0x00002eb8   Data          16  nrf_fprintf_format.o(.constdata)
    .constdata                               0x00002ec8   Section       12  nrf_log_backend_uart.o(.constdata)
    .constdata                               0x00002ed4   Section       32  nrf_log_backend_uart.o(.constdata)
    .constdata                               0x00002ef4   Section       12  nrf_log_frontend.o(.constdata)
    m_log_push_ringbuf                       0x00002ef4   Data          12  nrf_log_frontend.o(.constdata)
    .constdata                               0x00002f00   Section      129  ctype_o.o(.constdata)
    .constdata                               0x00002f84   Section        4  ctype_o.o(.constdata)
    table                                    0x00002f84   Data           4  ctype_o.o(.constdata)
    .conststring                             0x00002f88   Section      102  nrf_log_str_formatter.o(.conststring)
    .conststrlit                             0x00002ff0   Section        4  nrfx_prs.o(.conststrlit)
    .conststrlit                             0x00002ff4   Section        5  nrfx_twim.o(.conststrlit)
    .conststrlit                             0x00002ffc   Section        5  nrfx_uart.o(.conststrlit)
    .conststrlit                             0x00003004   Section        6  nrfx_uarte.o(.conststrlit)
    .conststrlit                             0x0000300c   Section       17  nrf_log_default_backends.o(.conststrlit)
    .conststrlit                             0x00003020   Section        4  nrf_log_frontend.o(.conststrlit)
    log_backends                             0x00003044   Section       16  nrf_log_default_backends.o(log_backends)
    __tagsym$$used                           0x00003044   Number         0  nrf_log_default_backends.o(log_backends)
    uart_log_backend                         0x00003044   Data          16  nrf_log_default_backends.o(log_backends)
    log_const_data                           0x00003054   Section        8  nrfx_prs.o(log_const_data)
    __tagsym$$used                           0x00003054   Number         0  nrfx_prs.o(log_const_data)
    log_const_data                           0x0000305c   Section        8  nrfx_twim.o(log_const_data)
    __tagsym$$used                           0x0000305c   Number         0  nrfx_twim.o(log_const_data)
    log_const_data                           0x00003064   Section        8  nrfx_uart.o(log_const_data)
    __tagsym$$used                           0x00003064   Number         0  nrfx_uart.o(log_const_data)
    log_const_data                           0x0000306c   Section        8  nrfx_uarte.o(log_const_data)
    __tagsym$$used                           0x0000306c   Number         0  nrfx_uarte.o(log_const_data)
    log_const_data                           0x00003074   Section        8  nrf_log_frontend.o(log_const_data)
    __tagsym$$used                           0x00003074   Number         0  nrf_log_frontend.o(log_const_data)
    nrf_balloc                               0x0000307c   Section       20  nrf_log_frontend.o(nrf_balloc)
    __tagsym$$used                           0x0000307c   Number         0  nrf_log_frontend.o(nrf_balloc)
    .data                                    0x20000000   Section        4  main.o(.data)
    m_xfer_done                              0x20000000   Data           1  main.o(.data)
    m_sample                                 0x20000002   Data           1  main.o(.data)
    .data                                    0x20000004   Section       16  nrf_drv_twi.o(.data)
    m_handlers                               0x20000004   Data           8  nrf_drv_twi.o(.data)
    m_contexts                               0x2000000c   Data           8  nrf_drv_twi.o(.data)
    .data                                    0x20000014   Section       12  nrf_drv_uart.o(.data)
    m_handlers                               0x20000018   Data           4  nrf_drv_uart.o(.data)
    m_contexts                               0x2000001c   Data           4  nrf_drv_uart.o(.data)
    .data                                    0x20000020   Section        8  nrfx_prs.o(.data)
    m_prs_box_4                              0x20000020   Data           8  nrfx_prs.o(.data)
    .data                                    0x20000028   Section        4  app_util_platform.o(.data)
    m_in_critical_region                     0x20000028   Data           4  app_util_platform.o(.data)
    .data                                    0x2000002c   Section       24  nrf_log_backend_uart.o(.data)
    m_xfer_done                              0x2000002c   Data           1  nrf_log_backend_uart.o(.data)
    m_async_mode                             0x2000002d   Data           1  nrf_log_backend_uart.o(.data)
    .data                                    0x20000044   Section        8  nrf_log_default_backends.o(.data)
    log_backend_cb_uart_log_backend          0x20000044   Data           8  nrf_log_default_backends.o(.data)
    .data                                    0x2000004c   Section        4  nrf_log_frontend.o(.data)
    m_buffer_mask                            0x2000004c   Data           4  nrf_log_frontend.o(.data)
    .data                                    0x20000050   Section        8  nrf_log_frontend.o(.data)
    log_mempool_nrf_balloc_pool_stack        0x20000050   Data           8  nrf_log_frontend.o(.data)
    .data                                    0x20000058   Section        8  nrf_log_frontend.o(.data)
    log_mempool_nrf_balloc_cb                0x20000058   Data           8  nrf_log_frontend.o(.data)
    .data                                    0x20000060   Section       64  nrf_log_str_formatter.o(.data)
    m_freq                                   0x20000060   Data           4  nrf_log_str_formatter.o(.data)
    m_timestamp_div                          0x20000064   Data           4  nrf_log_str_formatter.o(.data)
    severity_names                           0x20000068   Data          20  nrf_log_str_formatter.o(.data)
    m_colors                                 0x2000007c   Data          36  nrf_log_str_formatter.o(.data)
    .data                                    0x200000a0   Section        4  system_nrf52.o(.data)
    __tagsym$$used                           0x200000a0   Number         0  system_nrf52.o(.data)
    .data                                    0x200000a4   Section        4  stdout.o(.data)
    .bss                                     0x200000a8   Section       32  main.o(.bss)
    .bss                                     0x200000c8   Section       52  nrfx_twim.o(.bss)
    m_cb                                     0x200000c8   Data          52  nrfx_twim.o(.bss)
    .bss                                     0x200000fc   Section       44  nrfx_uart.o(.bss)
    m_cb                                     0x200000fc   Data          44  nrfx_uart.o(.bss)
    .bss                                     0x20000128   Section       36  nrfx_uarte.o(.bss)
    m_cb                                     0x20000128   Data          36  nrfx_uarte.o(.bss)
    .bss                                     0x2000014c   Section       64  nrf_log_backend_uart.o(.bss)
    m_string_buff                            0x2000014c   Data          64  nrf_log_backend_uart.o(.bss)
    .bss                                     0x2000018c   Section      192  nrf_log_frontend.o(.bss)
    log_mempool_nrf_balloc_pool_mem          0x2000018c   Data         192  nrf_log_frontend.o(.bss)
    .bss                                     0x2000024c   Section      128  nrf_log_frontend.o(.bss)
    m_log_push_ringbuf_buf                   0x2000024c   Data         128  nrf_log_frontend.o(.bss)
    .bss                                     0x200002cc   Section       24  nrf_log_frontend.o(.bss)
    m_log_push_ringbuf_cb                    0x200002cc   Data          24  nrf_log_frontend.o(.bss)
    .bss                                     0x200002e4   Section     1056  nrf_log_frontend.o(.bss)
    m_log_data                               0x200002e4   Data        1056  nrf_log_frontend.o(.bss)
    STACK                                    0x20000708   Section     8192  arm_startup_nrf52.o(STACK)

    Global Symbols

    Symbol Name                              Value     Ov Type        Size  Object(Section)

    BuildAttributes$$THM_ISAv4$E$P$D$K$B$S$7EM$VFPi3$EXTD16$VFPS$VFMA$PE$A:L22UL41UL21$X:L11$S22US41US21$IEEE1$IW$USESV6$~STKCKD$USESV7$~SHL$OSPACE$ROPI$EBA8$MICROLIB$REQ8$EABIv2 0x00000000   Number         0  anon$$obj.o ABSOLUTE
    __ARM_use_no_argv                        0x00000000   Number         0  main.o ABSOLUTE
    __Vectors                                0x00000000   Data           4  arm_startup_nrf52.o(RESET)
    _printf_a                                0x00000000   Number         0  stubs.o ABSOLUTE
    _printf_c                                0x00000000   Number         0  stubs.o ABSOLUTE
    _printf_charcount                        0x00000000   Number         0  stubs.o ABSOLUTE
    _printf_d                                0x00000000   Number         0  stubs.o ABSOLUTE
    _printf_e                                0x00000000   Number         0  stubs.o ABSOLUTE
    _printf_f                                0x00000000   Number         0  stubs.o ABSOLUTE
    _printf_flags                            0x00000000   Number         0  stubs.o ABSOLUTE
    _printf_fp_dec                           0x00000000   Number         0  stubs.o ABSOLUTE
    _printf_fp_hex                           0x00000000   Number         0  stubs.o ABSOLUTE
    _printf_g                                0x00000000   Number         0  stubs.o ABSOLUTE
    _printf_i                                0x00000000   Number         0  stubs.o ABSOLUTE
    _printf_int_dec                          0x00000000   Number         0  stubs.o ABSOLUTE
    _printf_l                                0x00000000   Number         0  stubs.o ABSOLUTE
    _printf_lc                               0x00000000   Number         0  stubs.o ABSOLUTE
    _printf_ll                               0x00000000   Number         0  stubs.o ABSOLUTE
    _printf_lld                              0x00000000   Number         0  stubs.o ABSOLUTE
    _printf_lli                              0x00000000   Number         0  stubs.o ABSOLUTE
    _printf_llo                              0x00000000   Number         0  stubs.o ABSOLUTE
    _printf_llu                              0x00000000   Number         0  stubs.o ABSOLUTE
    _printf_llx                              0x00000000   Number         0  stubs.o ABSOLUTE
    _printf_longlong_dec                     0x00000000   Number         0  stubs.o ABSOLUTE
    _printf_longlong_hex                     0x00000000   Number         0  stubs.o ABSOLUTE
    _printf_longlong_oct                     0x00000000   Number         0  stubs.o ABSOLUTE
    _printf_ls                               0x00000000   Number         0  stubs.o ABSOLUTE
    _printf_mbtowc                           0x00000000   Number         0  stubs.o ABSOLUTE
    _printf_n                                0x00000000   Number         0  stubs.o ABSOLUTE
    _printf_o                                0x00000000   Number         0  stubs.o ABSOLUTE
    _printf_p                                0x00000000   Number         0  stubs.o ABSOLUTE
    _printf_percent                          0x00000000   Number         0  stubs.o ABSOLUTE
    _printf_pre_padding                      0x00000000   Number         0  stubs.o ABSOLUTE
    _printf_return_value                     0x00000000   Number         0  stubs.o ABSOLUTE
    _printf_s                                0x00000000   Number         0  stubs.o ABSOLUTE
    _printf_sizespec                         0x00000000   Number         0  stubs.o ABSOLUTE
    _printf_str                              0x00000000   Number         0  stubs.o ABSOLUTE
    _printf_truncate_signed                  0x00000000   Number         0  stubs.o ABSOLUTE
    _printf_truncate_unsigned                0x00000000   Number         0  stubs.o ABSOLUTE
    _printf_u                                0x00000000   Number         0  stubs.o ABSOLUTE
    _printf_wc                               0x00000000   Number         0  stubs.o ABSOLUTE
    _printf_wctomb                           0x00000000   Number         0  stubs.o ABSOLUTE
    _printf_widthprec                        0x00000000   Number         0  stubs.o ABSOLUTE
    _printf_x                                0x00000000   Number         0  stubs.o ABSOLUTE
    __cpp_initialize__aeabi_                  - Undefined Weak Reference
    __cxa_finalize                            - Undefined Weak Reference
    __decompress                              - Undefined Weak Reference
    _clock_init                               - Undefined Weak Reference
    _microlib_exit                            - Undefined Weak Reference
    log_dynamic_data$$Base                    - Undefined Reference
    __Vectors_End                            0x00000200   Data           0  arm_startup_nrf52.o(RESET)
    __Vectors_Size                           0x00000200   Number         0  arm_startup_nrf52.o ABSOLUTE
    __main                                   0x00000201   Thumb Code     0  entry.o(.ARM.Collect$$$$00000000)
    _main_stk                                0x00000201   Thumb Code     0  entry2.o(.ARM.Collect$$$$00000001)
    _main_scatterload                        0x00000205   Thumb Code     0  entry5.o(.ARM.Collect$$$$00000004)
    __main_after_scatterload                 0x00000209   Thumb Code     0  entry5.o(.ARM.Collect$$$$00000004)
    _main_clock                              0x00000209   Thumb Code     0  entry7b.o(.ARM.Collect$$$$00000008)
    _main_cpp_init                           0x00000209   Thumb Code     0  entry8b.o(.ARM.Collect$$$$0000000A)
    _main_init                               0x00000209   Thumb Code     0  entry9a.o(.ARM.Collect$$$$0000000B)
    __rt_final_cpp                           0x00000211   Thumb Code     0  entry10a.o(.ARM.Collect$$$$0000000D)
    __rt_final_exit                          0x00000211   Thumb Code     0  entry11a.o(.ARM.Collect$$$$0000000F)
    __asm___12_nrf_atomic_c_85ca2469__nrf_atomic_internal_mov 0x00000215   Thumb Code    24  nrf_atomic.o(.emb_text)
    __asm___12_nrf_atomic_c_85ca2469__nrf_atomic_internal_orr 0x0000022d   Thumb Code    26  nrf_atomic.o(.emb_text)
    __asm___12_nrf_atomic_c_85ca2469__nrf_atomic_internal_and 0x00000247   Thumb Code    26  nrf_atomic.o(.emb_text)
    __asm___12_nrf_atomic_c_85ca2469__nrf_atomic_internal_eor 0x00000261   Thumb Code    26  nrf_atomic.o(.emb_text)
    __asm___12_nrf_atomic_c_85ca2469__nrf_atomic_internal_add 0x0000027b   Thumb Code    26  nrf_atomic.o(.emb_text)
    __asm___12_nrf_atomic_c_85ca2469__nrf_atomic_internal_sub 0x00000295   Thumb Code    26  nrf_atomic.o(.emb_text)
    __asm___12_nrf_atomic_c_85ca2469__nrf_atomic_internal_cmp_exch 0x000002af   Thumb Code    42  nrf_atomic.o(.emb_text)
    __asm___12_nrf_atomic_c_85ca2469__nrf_atomic_internal_sub_hs 0x000002d9   Thumb Code    30  nrf_atomic.o(.emb_text)
    Reset_Handler                            0x000002f9   Thumb Code     8  arm_startup_nrf52.o(.text)
    NMI_Handler                              0x00000301   Thumb Code     2  arm_startup_nrf52.o(.text)
    HardFault_Handler                        0x00000303   Thumb Code     2  arm_startup_nrf52.o(.text)
    MemoryManagement_Handler                 0x00000305   Thumb Code     2  arm_startup_nrf52.o(.text)
    BusFault_Handler                         0x00000307   Thumb Code     2  arm_startup_nrf52.o(.text)
    UsageFault_Handler                       0x00000309   Thumb Code     2  arm_startup_nrf52.o(.text)
    SVC_Handler                              0x0000030b   Thumb Code     2  arm_startup_nrf52.o(.text)
    DebugMon_Handler                         0x0000030d   Thumb Code     2  arm_startup_nrf52.o(.text)
    PendSV_Handler                           0x0000030f   Thumb Code     2  arm_startup_nrf52.o(.text)
    SysTick_Handler                          0x00000311   Thumb Code     2  arm_startup_nrf52.o(.text)
    CCM_AAR_IRQHandler                       0x00000313   Thumb Code     0  arm_startup_nrf52.o(.text)
    COMP_LPCOMP_IRQHandler                   0x00000313   Thumb Code     0  arm_startup_nrf52.o(.text)
    ECB_IRQHandler                           0x00000313   Thumb Code     0  arm_startup_nrf52.o(.text)
    FPU_IRQHandler                           0x00000313   Thumb Code     0  arm_startup_nrf52.o(.text)
    GPIOTE_IRQHandler                        0x00000313   Thumb Code     0  arm_startup_nrf52.o(.text)
    I2S_IRQHandler                           0x00000313   Thumb Code     0  arm_startup_nrf52.o(.text)
    MWU_IRQHandler                           0x00000313   Thumb Code     0  arm_startup_nrf52.o(.text)
    NFCT_IRQHandler                          0x00000313   Thumb Code     0  arm_startup_nrf52.o(.text)
    PDM_IRQHandler                           0x00000313   Thumb Code     0  arm_startup_nrf52.o(.text)
    POWER_CLOCK_IRQHandler                   0x00000313   Thumb Code     0  arm_startup_nrf52.o(.text)
    PWM0_IRQHandler                          0x00000313   Thumb Code     0  arm_startup_nrf52.o(.text)
    PWM1_IRQHandler                          0x00000313   Thumb Code     0  arm_startup_nrf52.o(.text)
    PWM2_IRQHandler                          0x00000313   Thumb Code     0  arm_startup_nrf52.o(.text)
    QDEC_IRQHandler                          0x00000313   Thumb Code     0  arm_startup_nrf52.o(.text)
    RADIO_IRQHandler                         0x00000313   Thumb Code     0  arm_startup_nrf52.o(.text)
    RNG_IRQHandler                           0x00000313   Thumb Code     0  arm_startup_nrf52.o(.text)
    RTC0_IRQHandler                          0x00000313   Thumb Code     0  arm_startup_nrf52.o(.text)
    RTC1_IRQHandler                          0x00000313   Thumb Code     0  arm_startup_nrf52.o(.text)
    RTC2_IRQHandler                          0x00000313   Thumb Code     0  arm_startup_nrf52.o(.text)
    SAADC_IRQHandler                         0x00000313   Thumb Code     0  arm_startup_nrf52.o(.text)
    SPIM1_SPIS1_TWIM1_TWIS1_SPI1_TWI1_IRQHandler 0x00000313   Thumb Code     0  arm_startup_nrf52.o(.text)
    SPIM2_SPIS2_SPI2_IRQHandler              0x00000313   Thumb Code     0  arm_startup_nrf52.o(.text)
    SWI0_EGU0_IRQHandler                     0x00000313   Thumb Code     0  arm_startup_nrf52.o(.text)
    SWI1_EGU1_IRQHandler                     0x00000313   Thumb Code     0  arm_startup_nrf52.o(.text)
    SWI2_EGU2_IRQHandler                     0x00000313   Thumb Code     0  arm_startup_nrf52.o(.text)
    SWI3_EGU3_IRQHandler                     0x00000313   Thumb Code     0  arm_startup_nrf52.o(.text)
    SWI4_EGU4_IRQHandler                     0x00000313   Thumb Code     0  arm_startup_nrf52.o(.text)
    SWI5_EGU5_IRQHandler                     0x00000313   Thumb Code     0  arm_startup_nrf52.o(.text)
    TEMP_IRQHandler                          0x00000313   Thumb Code     0  arm_startup_nrf52.o(.text)
    TIMER0_IRQHandler                        0x00000313   Thumb Code     0  arm_startup_nrf52.o(.text)
    TIMER1_IRQHandler                        0x00000313   Thumb Code     0  arm_startup_nrf52.o(.text)
    TIMER2_IRQHandler                        0x00000313   Thumb Code     0  arm_startup_nrf52.o(.text)
    TIMER3_IRQHandler                        0x00000313   Thumb Code     0  arm_startup_nrf52.o(.text)
    TIMER4_IRQHandler                        0x00000313   Thumb Code     0  arm_startup_nrf52.o(.text)
    WDT_IRQHandler                           0x00000313   Thumb Code     0  arm_startup_nrf52.o(.text)
    __rt_ctype_table                         0x0000031d   Thumb Code     4  ctype_o.o(.text)
    __aeabi_memcpy                           0x00000325   Thumb Code    36  memcpya.o(.text)
    __aeabi_memcpy4                          0x00000325   Thumb Code     0  memcpya.o(.text)
    __aeabi_memcpy8                          0x00000325   Thumb Code     0  memcpya.o(.text)
    __aeabi_memset                           0x00000349   Thumb Code    14  memseta.o(.text)
    __aeabi_memset4                          0x00000349   Thumb Code     0  memseta.o(.text)
    __aeabi_memset8                          0x00000349   Thumb Code     0  memseta.o(.text)
    __aeabi_memclr                           0x00000357   Thumb Code     4  memseta.o(.text)
    __aeabi_memclr4                          0x00000357   Thumb Code     0  memseta.o(.text)
    __aeabi_memclr8                          0x00000357   Thumb Code     0  memseta.o(.text)
    _memset$wrapper                          0x0000035b   Thumb Code    18  memseta.o(.text)
    strlen                                   0x0000036d   Thumb Code    14  strlen.o(.text)
    __aeabi_uidiv                            0x0000037b   Thumb Code     0  uidiv.o(.text)
    __aeabi_uidivmod                         0x0000037b   Thumb Code    44  uidiv.o(.text)
    __scatterload                            0x000003a9   Thumb Code    28  init.o(.text)
    __scatterload_rt2                        0x000003a9   Thumb Code     0  init.o(.text)
    PAV3000_Read_Rawdata                     0x000003cd   Thumb Code    72  main.o(i.PAV3000_Read_Rawdata)
    __I$use$semihosting$fputc                0x000003cd   Thumb Code     0  iusesemip.o(.text)
    __semihosting_library_function           0x000003cd   Thumb Code     0  semi.o(.text)
    SPIM0_SPIS0_TWIM0_TWIS0_SPI0_TWI0_IRQHandler 0x00000421   Thumb Code     8  nrfx_twim.o(i.SPIM0_SPIS0_TWIM0_TWIS0_SPI0_TWI0_IRQHandler)
    SystemInit                               0x00000431   Thumb Code   736  system_nrf52.o(i.SystemInit)
    UARTE0_UART0_IRQHandler                  0x00000759   Thumb Code     6  nrfx_prs.o(i.UARTE0_UART0_IRQHandler)
    __0printf$1                              0x00000781   Thumb Code    22  printf1.o(i.__0printf$1)
    __1printf$1                              0x00000781   Thumb Code     0  printf1.o(i.__0printf$1)
    __2printf                                0x00000781   Thumb Code     0  printf1.o(i.__0printf$1)
    __scatterload_copy                       0x000007a1   Thumb Code    14  handlers.o(i.__scatterload_copy)
    __scatterload_null                       0x000007af   Thumb Code     2  handlers.o(i.__scatterload_null)
    __scatterload_zeroinit                   0x000007b1   Thumb Code    14  handlers.o(i.__scatterload_zeroinit)
    app_error_fault_handler                  0x00000915   Thumb Code    86  app_error_weak.o(i.app_error_fault_handler)
    app_error_handler_bare                   0x00000999   Thumb Code    22  app_error.o(i.app_error_handler_bare)
    app_util_critical_region_enter           0x000009af   Thumb Code     4  app_util_platform.o(i.app_util_critical_region_enter)
    app_util_critical_region_exit            0x000009b3   Thumb Code     4  app_util_platform.o(i.app_util_critical_region_exit)
    app_util_disable_irq                     0x000009b9   Thumb Code    12  app_util_platform.o(i.app_util_disable_irq)
    app_util_enable_irq                      0x000009c9   Thumb Code    14  app_util_platform.o(i.app_util_enable_irq)
    buffer_is_empty                          0x00000ba9   Thumb Code    18  nrf_log_frontend.o(i.buffer_is_empty)
    fputc                                    0x00000bd5   Thumb Code    18  fputc.o(i.fputc)
    log_pending_hook                         0x00000d4d   Thumb Code     2  nrf_log_frontend.o(i.log_pending_hook)
    main                                     0x00000df5   Thumb Code   100  main.o(i.main)
    nrf_atomic_flag_clear_fetch              0x00000f3d   Thumb Code     6  nrf_atomic.o(i.nrf_atomic_flag_clear_fetch)
    nrf_atomic_flag_set                      0x00000f43   Thumb Code     6  nrf_atomic.o(i.nrf_atomic_flag_set)
    nrf_atomic_u32_add                       0x00000f49   Thumb Code    12  nrf_atomic.o(i.nrf_atomic_u32_add)
    nrf_atomic_u32_fetch_and                 0x00000f55   Thumb Code    10  nrf_atomic.o(i.nrf_atomic_u32_fetch_and)
    nrf_atomic_u32_fetch_store               0x00000f5f   Thumb Code    10  nrf_atomic.o(i.nrf_atomic_u32_fetch_store)
    nrf_atomic_u32_or                        0x00000f69   Thumb Code    12  nrf_atomic.o(i.nrf_atomic_u32_or)
    nrf_atomic_u32_sub                       0x00000f75   Thumb Code    12  nrf_atomic.o(i.nrf_atomic_u32_sub)
    nrf_balloc_alloc                         0x00000f81   Thumb Code    62  nrf_balloc.o(i.nrf_balloc_alloc)
    nrf_balloc_free                          0x00000fbf   Thumb Code    42  nrf_balloc.o(i.nrf_balloc_free)
    nrf_balloc_init                          0x00000fe9   Thumb Code    48  nrf_balloc.o(i.nrf_balloc_init)
    nrf_drv_twi_init                         0x00001039   Thumb Code    56  nrf_drv_twi.o(i.nrf_drv_twi_init)
    nrf_drv_uart_init                        0x000010d1   Thumb Code    90  nrf_drv_uart.o(i.nrf_drv_uart_init)
    nrf_fprintf                              0x00001139   Thumb Code    26  nrf_fprintf.o(i.nrf_fprintf)
    nrf_fprintf_buffer_flush                 0x00001153   Thumb Code    24  nrf_fprintf.o(i.nrf_fprintf_buffer_flush)
    nrf_fprintf_fmt                          0x0000116b   Thumb Code   474  nrf_fprintf_format.o(i.nrf_fprintf_fmt)
    nrf_log_backend_add                      0x00001431   Thumb Code    86  nrf_log_frontend.o(i.nrf_log_backend_add)
    nrf_log_backend_serial_put               0x0000148d   Thumb Code   200  nrf_log_backend_serial.o(i.nrf_log_backend_serial_put)
    nrf_log_backend_uart_init                0x00001557   Thumb Code     6  nrf_log_backend_uart.o(i.nrf_log_backend_uart_init)
    nrf_log_color_id_get                     0x000015a1   Thumb Code    42  nrf_log_frontend.o(i.nrf_log_color_id_get)
    nrf_log_default_backends_init            0x000015d1   Thumb Code    24  nrf_log_default_backends.o(i.nrf_log_default_backends_init)
    nrf_log_frontend_dequeue                 0x000015ed   Thumb Code   522  nrf_log_frontend.o(i.nrf_log_frontend_dequeue)
    nrf_log_frontend_std_0                   0x00001821   Thumb Code     8  nrf_log_frontend.o(i.nrf_log_frontend_std_0)
    nrf_log_frontend_std_1                   0x00001829   Thumb Code    14  nrf_log_frontend.o(i.nrf_log_frontend_std_1)
    nrf_log_hexdump_entry_process            0x00001839   Thumb Code   150  nrf_log_str_formatter.o(i.nrf_log_hexdump_entry_process)
    nrf_log_init                             0x000018e9   Thumb Code    28  nrf_log_frontend.o(i.nrf_log_init)
    nrf_log_module_cnt_get                   0x00001911   Thumb Code    10  nrf_log_frontend.o(i.nrf_log_module_cnt_get)
    nrf_log_module_name_get                  0x00001925   Thumb Code    24  nrf_log_frontend.o(i.nrf_log_module_name_get)
    nrf_log_panic                            0x00001941   Thumb Code    36  nrf_log_frontend.o(i.nrf_log_panic)
    nrf_log_std_entry_process                0x00001969   Thumb Code   182  nrf_log_str_formatter.o(i.nrf_log_std_entry_process)
    nrf_memobj_alloc                         0x00001a1f   Thumb Code    96  nrf_memobj.o(i.nrf_memobj_alloc)
    nrf_memobj_free                          0x00001a7f   Thumb Code    50  nrf_memobj.o(i.nrf_memobj_free)
    nrf_memobj_get                           0x00001ab1   Thumb Code     8  nrf_memobj.o(i.nrf_memobj_get)
    nrf_memobj_pool_init                     0x00001ab9   Thumb Code     4  nrf_memobj.o(i.nrf_memobj_pool_init)
    nrf_memobj_put                           0x00001abd   Thumb Code    30  nrf_memobj.o(i.nrf_memobj_put)
    nrf_memobj_read                          0x00001adb   Thumb Code    16  nrf_memobj.o(i.nrf_memobj_read)
    nrf_memobj_write                         0x00001aeb   Thumb Code    16  nrf_memobj.o(i.nrf_memobj_write)
    nrf_ringbuf_init                         0x00001afb   Thumb Code    28  nrf_ringbuf.o(i.nrf_ringbuf_init)
    nrfx_prs_acquire                         0x00001b95   Thumb Code    48  nrfx_prs.o(i.nrfx_prs_acquire)
    nrfx_prs_release                         0x00001bc5   Thumb Code    18  nrfx_prs.o(i.nrfx_prs_release)
    nrfx_twim_enable                         0x00001bd9   Thumb Code    32  nrfx_twim.o(i.nrfx_twim_enable)
    nrfx_twim_init                           0x00001bfd   Thumb Code   218  nrfx_twim.o(i.nrfx_twim_init)
    nrfx_twim_rx                             0x00001ce1   Thumb Code    44  nrfx_twim.o(i.nrfx_twim_rx)
    nrfx_twim_tx                             0x00001d11   Thumb Code    54  nrfx_twim.o(i.nrfx_twim_tx)
    nrfx_twim_xfer                           0x00001d49   Thumb Code    34  nrfx_twim.o(i.nrfx_twim_xfer)
    nrfx_uart_0_irq_handler                  0x00001d71   Thumb Code     8  nrfx_uart.o(i.nrfx_uart_0_irq_handler)
    nrfx_uart_init                           0x00001d81   Thumb Code   200  nrfx_uart.o(i.nrfx_uart_init)
    nrfx_uart_tx                             0x00001e55   Thumb Code   162  nrfx_uart.o(i.nrfx_uart_tx)
    nrfx_uart_tx_in_progress                 0x00001efd   Thumb Code    26  nrfx_uart.o(i.nrfx_uart_tx_in_progress)
    nrfx_uart_uninit                         0x00001f1d   Thumb Code   182  nrfx_uart.o(i.nrfx_uart_uninit)
    nrfx_uarte_0_irq_handler                 0x00001fdd   Thumb Code     8  nrfx_uarte.o(i.nrfx_uarte_0_irq_handler)
    nrfx_uarte_init                          0x00001fed   Thumb Code   100  nrfx_uarte.o(i.nrfx_uarte_init)
    nrfx_uarte_tx                            0x00002059   Thumb Code   166  nrfx_uarte.o(i.nrfx_uarte_tx)
    nrfx_uarte_tx_in_progress                0x00002105   Thumb Code    22  nrfx_uarte.o(i.nrfx_uarte_tx_in_progress)
    nrfx_uarte_uninit                        0x00002121   Thumb Code   254  nrfx_uarte.o(i.nrfx_uarte_uninit)
    twi_handler                              0x000024f9   Thumb Code    44  main.o(i.twi_handler)
    twi_init                                 0x00002555   Thumb Code    40  main.o(i.twi_init)
    nrf_log_backend_uart_api                 0x00002ec8   Data          12  nrf_log_backend_uart.o(.constdata)
    __ctype_table                            0x00002f00   Data         129  ctype_o.o(.constdata)
    Region$$Table$$Base                      0x00003024   Number         0  anon$$obj.o(Region$$Table)
    Region$$Table$$Limit                     0x00003044   Number         0  anon$$obj.o(Region$$Table)
    log_const_data$$Base                     0x00003054   Number         0  nrfx_prs.o(log_const_data)
    m_nrf_log_PRS_logs_data_const            0x00003054   Data           8  nrfx_prs.o(log_const_data)
    m_nrf_log_TWIM_logs_data_const           0x0000305c   Data           8  nrfx_twim.o(log_const_data)
    m_nrf_log_UART_logs_data_const           0x00003064   Data           8  nrfx_uart.o(log_const_data)
    m_nrf_log_UARTE_logs_data_const          0x0000306c   Data           8  nrfx_uarte.o(log_const_data)
    m_nrf_log_app_logs_data_const            0x00003074   Data           8  nrf_log_frontend.o(log_const_data)
    log_const_data$$Limit                    0x0000307c   Number         0  nrf_log_frontend.o(log_const_data)
    log_mempool                              0x0000307c   Data          20  nrf_log_frontend.o(nrf_balloc)
    I2C_ADDR7B                               0x20000001   Data           1  main.o(.data)
    I2C_WtLen                                0x20000003   Data           1  main.o(.data)
    nrf_drv_uart_use_easy_dma                0x20000014   Data           1  nrf_drv_uart.o(.data)
    m_uart                                   0x20000030   Data          20  nrf_log_backend_uart.o(.data)
    SystemCoreClock                          0x200000a0   Data           4  system_nrf52.o(.data)
    __stdout                                 0x200000a4   Data           4  stdout.o(.data)
    I2C_WtBuff                               0x200000a8   Data          16  main.o(.bss)
    I2C_RdBuff                               0x200000b8   Data          16  main.o(.bss)
    __initial_sp                             0x20002708   Data           0  arm_startup_nrf52.o(STACK)



==============================================================================

Memory Map of the image

  Image Entry point : 0x00000201

  Load Region LR_IROM1 (Base: 0x00000000, Size: 0x00003138, Max: 0x00080000, ABSOLUTE)

    Execution Region ER_IROM1 (Base: 0x00000000, Size: 0x00003090, Max: 0x00080000, ABSOLUTE)

    Base Addr    Size         Type   Attr      Idx    E Section Name        Object

    0x00000000   0x00000200   Data   RO         2543    RESET               arm_startup_nrf52.o
    0x00000200   0x00000000   Code   RO         2599  * .ARM.Collect$$$$00000000  mc_w.l(entry.o)
    0x00000200   0x00000004   Code   RO         2901    .ARM.Collect$$$$00000001  mc_w.l(entry2.o)
    0x00000204   0x00000004   Code   RO         2904    .ARM.Collect$$$$00000004  mc_w.l(entry5.o)
    0x00000208   0x00000000   Code   RO         2906    .ARM.Collect$$$$00000008  mc_w.l(entry7b.o)
    0x00000208   0x00000000   Code   RO         2908    .ARM.Collect$$$$0000000A  mc_w.l(entry8b.o)
    0x00000208   0x00000008   Code   RO         2909    .ARM.Collect$$$$0000000B  mc_w.l(entry9a.o)
    0x00000210   0x00000000   Code   RO         2911    .ARM.Collect$$$$0000000D  mc_w.l(entry10a.o)
    0x00000210   0x00000000   Code   RO         2913    .ARM.Collect$$$$0000000F  mc_w.l(entry11a.o)
    0x00000210   0x00000004   Code   RO         2902    .ARM.Collect$$$$00002712  mc_w.l(entry2.o)
    0x00000214   0x000000e2   Code   RO         1429    .emb_text           nrf_atomic.o
    0x000002f6   0x00000002   PAD
    0x000002f8   0x00000024   Code   RO         2544    .text               arm_startup_nrf52.o
    0x0000031c   0x00000008   Code   RO         2602    .text               mc_w.l(ctype_o.o)
    0x00000324   0x00000024   Code   RO         2630    .text               mc_w.l(memcpya.o)
    0x00000348   0x00000024   Code   RO         2632    .text               mc_w.l(memseta.o)
    0x0000036c   0x0000000e   Code   RO         2634    .text               mc_w.l(strlen.o)
    0x0000037a   0x0000002c   Code   RO         2918    .text               mc_w.l(uidiv.o)
    0x000003a6   0x00000002   PAD
    0x000003a8   0x00000024   Code   RO         2933    .text               mc_w.l(init.o)
    0x000003cc   0x00000000   Code   RO         2935    .text               mc_w.l(semi.o)
    0x000003cc   0x00000000   Code   RO         2942    .text               mc_w.l(iusesemip.o)
    0x000003cc   0x00000054   Code   RO            5    i.PAV3000_Read_Rawdata  main.o
    0x00000420   0x00000010   Code   RO          731    i.SPIM0_SPIS0_TWIM0_TWIS0_SPI0_TWI0_IRQHandler  nrfx_twim.o
    0x00000430   0x00000328   Code   RO         2552    i.SystemInit        system_nrf52.o
    0x00000758   0x0000000c   Code   RO          650    i.UARTE0_UART0_IRQHandler  nrfx_prs.o
    0x00000764   0x0000001a   Code   RO          732    i._NRFX_IRQ_PENDING_CLEAR  nrfx_twim.o
    0x0000077e   0x00000002   PAD
    0x00000780   0x00000020   Code   RO         2685    i.__0printf$1       mc_w.l(printf1.o)
    0x000007a0   0x0000000e   Code   RO         2947    i.__scatterload_copy  mc_w.l(handlers.o)
    0x000007ae   0x00000002   Code   RO         2948    i.__scatterload_null  mc_w.l(handlers.o)
    0x000007b0   0x0000000e   Code   RO         2949    i.__scatterload_zeroinit  mc_w.l(handlers.o)
    0x000007be   0x00000002   PAD
    0x000007c0   0x00000154   Code   RO         2692    i._printf_core      mc_w.l(printf1.o)
    0x00000914   0x00000084   Code   RO         1309    i.app_error_fault_handler  app_error_weak.o
    0x00000998   0x00000016   Code   RO         1243    i.app_error_handler_bare  app_error.o
    0x000009ae   0x00000004   Code   RO         1337    i.app_util_critical_region_enter  app_util_platform.o
    0x000009b2   0x00000004   Code   RO         1338    i.app_util_critical_region_exit  app_util_platform.o
    0x000009b6   0x00000002   PAD
    0x000009b8   0x00000010   Code   RO         1339    i.app_util_disable_irq  app_util_platform.o
    0x000009c8   0x00000014   Code   RO         1340    i.app_util_enable_irq  app_util_platform.o
    0x000009dc   0x00000088   Code   RO          894    i.apply_config      nrfx_uart.o
    0x00000a64   0x00000088   Code   RO         1086    i.apply_config      nrfx_uarte.o
    0x00000aec   0x0000008c   Code   RO         2035    i.buf_prealloc      nrf_log_frontend.o
    0x00000b78   0x0000002e   Code   RO         1648    i.buffer_add        nrf_fprintf_format.o
    0x00000ba6   0x00000002   PAD
    0x00000ba8   0x00000018   Code   RO         2036    i.buffer_is_empty   nrf_log_frontend.o
    0x00000bc0   0x00000014   Code   RO         2037    i.dropped_sat16_get  nrf_log_frontend.o
    0x00000bd4   0x00000012   Code   RO         2915    i.fputc             mc_w.l(fputc.o)
    0x00000be6   0x00000002   PAD
    0x00000be8   0x000000a6   Code   RO         1649    i.int_print         nrf_fprintf_format.o
    0x00000c8e   0x00000002   PAD
    0x00000c90   0x00000088   Code   RO         1087    i.interrupts_enable  nrfx_uarte.o
    0x00000d18   0x00000034   Code   RO         2038    i.invalid_packets_omit  nrf_log_frontend.o
    0x00000d4c   0x00000002   Code   RO         2039    i.log_pending_hook  nrf_log_frontend.o
    0x00000d4e   0x00000002   PAD
    0x00000d50   0x000000a4   Code   RO         2040    i.log_skip          nrf_log_frontend.o
    0x00000df4   0x00000098   Code   RO            6    i.main              main.o
    0x00000e8c   0x0000007e   Code   RO         1688    i.memobj_op         nrf_memobj.o
    0x00000f0a   0x00000002   PAD
    0x00000f0c   0x00000030   Code   RO         2041    i.module_idx_get    nrf_log_frontend.o
    0x00000f3c   0x00000006   Code   RO         1431    i.nrf_atomic_flag_clear_fetch  nrf_atomic.o
    0x00000f42   0x00000006   Code   RO         1432    i.nrf_atomic_flag_set  nrf_atomic.o
    0x00000f48   0x0000000c   Code   RO         1434    i.nrf_atomic_u32_add  nrf_atomic.o
    0x00000f54   0x0000000a   Code   RO         1438    i.nrf_atomic_u32_fetch_and  nrf_atomic.o
    0x00000f5e   0x0000000a   Code   RO         1440    i.nrf_atomic_u32_fetch_store  nrf_atomic.o
    0x00000f68   0x0000000c   Code   RO         1444    i.nrf_atomic_u32_or  nrf_atomic.o
    0x00000f74   0x0000000c   Code   RO         1446    i.nrf_atomic_u32_sub  nrf_atomic.o
    0x00000f80   0x0000003e   Code   RO         1568    i.nrf_balloc_alloc  nrf_balloc.o
    0x00000fbe   0x0000002a   Code   RO         1569    i.nrf_balloc_free   nrf_balloc.o
    0x00000fe8   0x00000030   Code   RO         1570    i.nrf_balloc_init   nrf_balloc.o
    0x00001018   0x00000020   Code   RO            7    i.nrf_delay_ms      main.o
    0x00001038   0x00000040   Code   RO          391    i.nrf_drv_twi_init  nrf_drv_twi.o
    0x00001078   0x00000048   Code   RO            8    i.nrf_drv_twi_rx    main.o
    0x000010c0   0x0000000e   Code   RO            9    i.nrf_drv_twi_tx    main.o
    0x000010ce   0x00000002   PAD
    0x000010d0   0x00000068   Code   RO          459    i.nrf_drv_uart_init  nrf_drv_uart.o
    0x00001138   0x0000001a   Code   RO         1605    i.nrf_fprintf       nrf_fprintf.o
    0x00001152   0x00000018   Code   RO         1606    i.nrf_fprintf_buffer_flush  nrf_fprintf.o
    0x0000116a   0x000001da   Code   RO         1650    i.nrf_fprintf_fmt   nrf_fprintf_format.o
    0x00001344   0x00000024   Code   RO          733    i.nrf_gpio_cfg      nrfx_twim.o
    0x00001368   0x00000024   Code   RO          895    i.nrf_gpio_cfg      nrfx_uart.o
    0x0000138c   0x00000024   Code   RO         1088    i.nrf_gpio_cfg      nrfx_uarte.o
    0x000013b0   0x00000012   Code   RO          896    i.nrf_gpio_cfg_default  nrfx_uart.o
    0x000013c2   0x00000012   Code   RO         1089    i.nrf_gpio_cfg_default  nrfx_uarte.o
    0x000013d4   0x00000012   Code   RO          897    i.nrf_gpio_cfg_input  nrfx_uart.o
    0x000013e6   0x00000012   Code   RO         1090    i.nrf_gpio_cfg_input  nrfx_uarte.o
    0x000013f8   0x00000014   Code   RO          898    i.nrf_gpio_cfg_output  nrfx_uart.o
    0x0000140c   0x00000014   Code   RO         1091    i.nrf_gpio_cfg_output  nrfx_uarte.o
    0x00001420   0x0000000e   Code   RO          392    i.nrf_gpio_pin_set  nrf_drv_twi.o
    0x0000142e   0x00000002   PAD
    0x00001430   0x0000005c   Code   RO         2042    i.nrf_log_backend_add  nrf_log_frontend.o
    0x0000148c   0x000000c8   Code   RO         1883    i.nrf_log_backend_serial_put  nrf_log_backend_serial.o
    0x00001554   0x00000002   Code   RO         1926    i.nrf_log_backend_uart_flush  nrf_log_backend_uart.o
    0x00001556   0x00000006   Code   RO         1927    i.nrf_log_backend_uart_init  nrf_log_backend_uart.o
    0x0000155c   0x0000002c   Code   RO         1928    i.nrf_log_backend_uart_panic_set  nrf_log_backend_uart.o
    0x00001588   0x00000018   Code   RO         1929    i.nrf_log_backend_uart_put  nrf_log_backend_uart.o
    0x000015a0   0x00000030   Code   RO         2044    i.nrf_log_color_id_get  nrf_log_frontend.o
    0x000015d0   0x0000001c   Code   RO         1999    i.nrf_log_default_backends_init  nrf_log_default_backends.o
    0x000015ec   0x00000234   Code   RO         2045    i.nrf_log_frontend_dequeue  nrf_log_frontend.o
    0x00001820   0x00000008   Code   RO         2047    i.nrf_log_frontend_std_0  nrf_log_frontend.o
    0x00001828   0x0000000e   Code   RO         2048    i.nrf_log_frontend_std_1  nrf_log_frontend.o
    0x00001836   0x00000002   PAD
    0x00001838   0x000000b0   Code   RO         2228    i.nrf_log_hexdump_entry_process  nrf_log_str_formatter.o
    0x000018e8   0x00000028   Code   RO         2054    i.nrf_log_init      nrf_log_frontend.o
    0x00001910   0x00000014   Code   RO         2055    i.nrf_log_module_cnt_get  nrf_log_frontend.o
    0x00001924   0x0000001c   Code   RO         2058    i.nrf_log_module_name_get  nrf_log_frontend.o
    0x00001940   0x00000028   Code   RO         2059    i.nrf_log_panic     nrf_log_frontend.o
    0x00001968   0x000000b6   Code   RO         2229    i.nrf_log_std_entry_process  nrf_log_str_formatter.o
    0x00001a1e   0x00000060   Code   RO         1689    i.nrf_memobj_alloc  nrf_memobj.o
    0x00001a7e   0x00000032   Code   RO         1690    i.nrf_memobj_free   nrf_memobj.o
    0x00001ab0   0x00000008   Code   RO         1691    i.nrf_memobj_get    nrf_memobj.o
    0x00001ab8   0x00000004   Code   RO         1692    i.nrf_memobj_pool_init  nrf_memobj.o
    0x00001abc   0x0000001e   Code   RO         1693    i.nrf_memobj_put    nrf_memobj.o
    0x00001ada   0x00000010   Code   RO         1694    i.nrf_memobj_read   nrf_memobj.o
    0x00001aea   0x00000010   Code   RO         1695    i.nrf_memobj_write  nrf_memobj.o
    0x00001afa   0x0000001c   Code   RO         1774    i.nrf_ringbuf_init  nrf_ringbuf.o
    0x00001b16   0x0000000a   Code   RO          735    i.nrf_twim_event_check  nrfx_twim.o
    0x00001b20   0x0000000c   Code   RO          736    i.nrf_twim_event_clear  nrfx_twim.o
    0x00001b2c   0x0000000a   Code   RO          899    i.nrf_uart_event_check  nrfx_uart.o
    0x00001b36   0x0000000c   Code   RO          900    i.nrf_uart_event_clear  nrfx_uart.o
    0x00001b42   0x0000000c   Code   RO          901    i.nrf_uart_int_enable_check  nrfx_uart.o
    0x00001b4e   0x0000000a   Code   RO         1092    i.nrf_uarte_event_check  nrfx_uarte.o
    0x00001b58   0x0000000c   Code   RO         1093    i.nrf_uarte_event_clear  nrfx_uarte.o
    0x00001b64   0x00000010   Code   RO          393    i.nrfx_coredep_delay_us  nrf_drv_twi.o
    0x00001b74   0x00000010   Code   RO          737    i.nrfx_is_in_ram    nrfx_twim.o
    0x00001b84   0x00000010   Code   RO         1094    i.nrfx_is_in_ram    nrfx_uarte.o
    0x00001b94   0x00000030   Code   RO          651    i.nrfx_prs_acquire  nrfx_prs.o
    0x00001bc4   0x00000012   Code   RO          652    i.nrfx_prs_release  nrfx_prs.o
    0x00001bd6   0x00000002   PAD
    0x00001bd8   0x00000024   Code   RO          739    i.nrfx_twim_enable  nrfx_twim.o
    0x00001bfc   0x000000e4   Code   RO          740    i.nrfx_twim_init    nrfx_twim.o
    0x00001ce0   0x00000030   Code   RO          742    i.nrfx_twim_rx      nrfx_twim.o
    0x00001d10   0x00000036   Code   RO          745    i.nrfx_twim_tx      nrfx_twim.o
    0x00001d46   0x00000002   PAD
    0x00001d48   0x00000028   Code   RO          747    i.nrfx_twim_xfer    nrfx_twim.o
    0x00001d70   0x00000010   Code   RO          902    i.nrfx_uart_0_irq_handler  nrfx_uart.o
    0x00001d80   0x000000d4   Code   RO          904    i.nrfx_uart_init    nrfx_uart.o
    0x00001e54   0x000000a8   Code   RO          910    i.nrfx_uart_tx      nrfx_uart.o
    0x00001efc   0x00000020   Code   RO          912    i.nrfx_uart_tx_in_progress  nrfx_uart.o
    0x00001f1c   0x000000c0   Code   RO          913    i.nrfx_uart_uninit  nrfx_uart.o
    0x00001fdc   0x00000010   Code   RO         1095    i.nrfx_uarte_0_irq_handler  nrfx_uarte.o
    0x00001fec   0x0000006c   Code   RO         1097    i.nrfx_uarte_init   nrfx_uarte.o
    0x00002058   0x000000ac   Code   RO         1101    i.nrfx_uarte_tx     nrfx_uarte.o
    0x00002104   0x0000001c   Code   RO         1103    i.nrfx_uarte_tx_in_progress  nrfx_uarte.o
    0x00002120   0x00000108   Code   RO         1104    i.nrfx_uarte_uninit  nrfx_uarte.o
    0x00002228   0x0000003c   Code   RO         2231    i.postfix_process   nrf_log_str_formatter.o
    0x00002264   0x00000098   Code   RO         2232    i.prefix_process    nrf_log_str_formatter.o
    0x000022fc   0x00000018   Code   RO          653    i.prs_box_get       nrfx_prs.o
    0x00002314   0x00000032   Code   RO          914    i.rx_byte           nrfx_uart.o
    0x00002346   0x00000016   Code   RO          915    i.rx_done_event     nrfx_uart.o
    0x0000235c   0x00000016   Code   RO         1105    i.rx_done_event     nrfx_uarte.o
    0x00002372   0x00000002   PAD
    0x00002374   0x00000040   Code   RO         1930    i.serial_tx         nrf_log_backend_uart.o
    0x000023b4   0x00000098   Code   RO         2061    i.std_n             nrf_log_frontend.o
    0x0000244c   0x000000aa   Code   RO          394    i.twi_clear_bus     nrf_drv_twi.o
    0x000024f6   0x00000002   PAD
    0x000024f8   0x0000005c   Code   RO           10    i.twi_handler       main.o
    0x00002554   0x00000030   Code   RO           11    i.twi_init          main.o
    0x00002584   0x00000040   Code   RO          395    i.twim_evt_handler  nrf_drv_twi.o
    0x000025c4   0x00000194   Code   RO          748    i.twim_irq_handler  nrfx_twim.o
    0x00002758   0x00000298   Code   RO          749    i.twim_xfer         nrfx_twim.o
    0x000029f0   0x00000020   Code   RO          917    i.tx_byte           nrfx_uart.o
    0x00002a10   0x0000001a   Code   RO          918    i.tx_done_event     nrfx_uart.o
    0x00002a2a   0x0000001a   Code   RO         1106    i.tx_done_event     nrfx_uarte.o
    0x00002a44   0x00000030   Code   RO          460    i.uart_evt_handler  nrf_drv_uart.o
    0x00002a74   0x0000000c   Code   RO         1931    i.uart_evt_handler  nrf_log_backend_uart.o
    0x00002a80   0x00000050   Code   RO         1932    i.uart_init         nrf_log_backend_uart.o
    0x00002ad0   0x0000012a   Code   RO          919    i.uart_irq_handler  nrfx_uart.o
    0x00002bfa   0x00000002   PAD
    0x00002bfc   0x00000030   Code   RO          461    i.uarte_evt_handler  nrf_drv_uart.o
    0x00002c2c   0x00000112   Code   RO         1107    i.uarte_irq_handler  nrfx_uarte.o
    0x00002d3e   0x00000002   PAD
    0x00002d40   0x000000b4   Code   RO         1651    i.unsigned_print    nrf_fprintf_format.o
    0x00002df4   0x00000062   Code   RO          750    i.xfer_completeness_check  nrfx_twim.o
    0x00002e56   0x0000000a   PAD
    0x00002e60   0x00000028   Data   RO           13    .constdata          main.o
    0x00002e88   0x00000008   PAD
    0x00002e90   0x00000006   Data   RO          396    .constdata          nrf_drv_twi.o
    0x00002e96   0x00000002   PAD
    0x00002e98   0x00000018   Data   RO          753    .constdata          nrfx_twim.o
    0x00002eb0   0x00000004   Data   RO          922    .constdata          nrfx_uart.o
    0x00002eb4   0x00000004   Data   RO         1110    .constdata          nrfx_uarte.o
    0x00002eb8   0x00000010   Data   RO         1652    .constdata          nrf_fprintf_format.o
    0x00002ec8   0x0000000c   Data   RO         1934    .constdata          nrf_log_backend_uart.o
    0x00002ed4   0x00000020   Data   RO         1935    .constdata          nrf_log_backend_uart.o
    0x00002ef4   0x0000000c   Data   RO         2066    .constdata          nrf_log_frontend.o
    0x00002f00   0x00000081   Data   RO         2603    .constdata          mc_w.l(ctype_o.o)
    0x00002f81   0x00000003   PAD
    0x00002f84   0x00000004   Data   RO         2604    .constdata          mc_w.l(ctype_o.o)
    0x00002f88   0x00000066   Data   RO         2233    .conststring        nrf_log_str_formatter.o
    0x00002fee   0x00000002   PAD
    0x00002ff0   0x00000004   Data   RO          655    .conststrlit        nrfx_prs.o
    0x00002ff4   0x00000005   Data   RO          756    .conststrlit        nrfx_twim.o
    0x00002ff9   0x00000003   PAD
    0x00002ffc   0x00000005   Data   RO          925    .conststrlit        nrfx_uart.o
    0x00003001   0x00000003   PAD
    0x00003004   0x00000006   Data   RO         1113    .conststrlit        nrfx_uarte.o
    0x0000300a   0x00000002   PAD
    0x0000300c   0x00000011   Data   RO         2000    .conststrlit        nrf_log_default_backends.o
    0x0000301d   0x00000003   PAD
    0x00003020   0x00000004   Data   RO         2067    .conststrlit        nrf_log_frontend.o
    0x00003024   0x00000020   Data   RO         2945    Region$$Table       anon$$obj.o
    0x00003044   0x00000010   Data   RO         2002    log_backends        nrf_log_default_backends.o
    0x00003054   0x00000008   Data   RO          657    log_const_data      nrfx_prs.o
    0x0000305c   0x00000008   Data   RO          757    log_const_data      nrfx_twim.o
    0x00003064   0x00000008   Data   RO          926    log_const_data      nrfx_uart.o
    0x0000306c   0x00000008   Data   RO         1114    log_const_data      nrfx_uarte.o
    0x00003074   0x00000008   Data   RO         2071    log_const_data      nrf_log_frontend.o
    0x0000307c   0x00000014   Data   RO         2072    nrf_balloc          nrf_log_frontend.o


    Execution Region RW_IRAM1 (Base: 0x20000000, Size: 0x00002708, Max: 0x00010000, ABSOLUTE)

    Base Addr    Size         Type   Attr      Idx    E Section Name        Object

    0x20000000   0x00000004   Data   RW           14    .data               main.o
    0x20000004   0x00000010   Data   RW          397    .data               nrf_drv_twi.o
    0x20000014   0x0000000c   Data   RW          462    .data               nrf_drv_uart.o
    0x20000020   0x00000008   Data   RW          656    .data               nrfx_prs.o
    0x20000028   0x00000004   Data   RW         1343    .data               app_util_platform.o
    0x2000002c   0x00000018   Data   RW         1936    .data               nrf_log_backend_uart.o
    0x20000044   0x00000008   Data   RW         2001    .data               nrf_log_default_backends.o
    0x2000004c   0x00000004   Data   RW         2068    .data               nrf_log_frontend.o
    0x20000050   0x00000008   Data   RW         2069    .data               nrf_log_frontend.o
    0x20000058   0x00000008   Data   RW         2070    .data               nrf_log_frontend.o
    0x20000060   0x00000040   Data   RW         2234    .data               nrf_log_str_formatter.o
    0x200000a0   0x00000004   Data   RW         2553    .data               system_nrf52.o
    0x200000a4   0x00000004   Data   RW         2917    .data               mc_w.l(stdout.o)
    0x200000a8   0x00000020   Zero   RW           12    .bss                main.o
    0x200000c8   0x00000034   Zero   RW          751    .bss                nrfx_twim.o
    0x200000fc   0x0000002c   Zero   RW          920    .bss                nrfx_uart.o
    0x20000128   0x00000024   Zero   RW         1108    .bss                nrfx_uarte.o
    0x2000014c   0x00000040   Zero   RW         1933    .bss                nrf_log_backend_uart.o
    0x2000018c   0x000000c0   Zero   RW         2062    .bss                nrf_log_frontend.o
    0x2000024c   0x00000080   Zero   RW         2063    .bss                nrf_log_frontend.o
    0x200002cc   0x00000018   Zero   RW         2064    .bss                nrf_log_frontend.o
    0x200002e4   0x00000420   Zero   RW         2065    .bss                nrf_log_frontend.o
    0x20000704   0x00000004   PAD
    0x20000708   0x00002000   Zero   RW         2541    STACK               arm_startup_nrf52.o


==============================================================================

Image component sizes


      Code (inc. data)   RO Data    RW Data    ZI Data      Debug   Object Name

        22          0          0          0          0       2541   app_error.o
         0          0          0          0          0        392   app_error_handler_keil.o
       132         46          0          0          0      30861   app_error_weak.o
        44         10          0          4          0       3524   app_util_platform.o
        36          8        512          0       8192        956   arm_startup_nrf52.o
         0          0          0          0          0        488   boards.o
       494        168         40          4         32      75731   main.o
       294          0          0          0          0       8171   nrf_atomic.o
       152          0          0          0          0       3620   nrf_balloc.o
       328         16          6         16          0      23923   nrf_drv_twi.o
       200         26          0         12          0      18140   nrf_drv_uart.o
        50          0          0          0          0       3641   nrf_fprintf.o
       866          4         16          0          0       6650   nrf_fprintf_format.o
       200          0          0          0          0      11677   nrf_log_backend_serial.o
       232         44         44         24         64      16342   nrf_log_backend_uart.o
        28          4         33          8          0       3437   nrf_log_default_backends.o
      1456        130         44         20       1400      29920   nrf_log_frontend.o
       570        108        102         64          0       5720   nrf_log_str_formatter.o
       346          0          0          0          0       9567   nrf_memobj.o
        28          0          0          0          0       2435   nrf_ringbuf.o
       102         16         12          8          0       5848   nrfx_prs.o
      1688         42         37          0         52      64684   nrfx_twim.o
      1310         42         17          0         44      62976   nrfx_uart.o
      1312         42         18          0         36      24027   nrfx_uarte.o
       808         72          0          4          0      13611   system_nrf52.o

    ----------------------------------------------------------------------
     10740        778        936        164       9824     428882   Object Totals
         0          0         32          0          0          0   (incl. Generated)
        42          0         23          0          4          0   (incl. Padding)

    ----------------------------------------------------------------------

      Code (inc. data)   RO Data    RW Data    ZI Data      Debug   Library Member Name

         8          4        133          0          0         68   ctype_o.o
         0          0          0          0          0          0   entry.o
         0          0          0          0          0          0   entry10a.o
         0          0          0          0          0          0   entry11a.o
         8          4          0          0          0          0   entry2.o
         4          0          0          0          0          0   entry5.o
         0          0          0          0          0          0   entry7b.o
         0          0          0          0          0          0   entry8b.o
         8          4          0          0          0          0   entry9a.o
        18          0          0          0          0         80   fputc.o
        30          0          0          0          0          0   handlers.o
        36          8          0          0          0         68   init.o
         0          0          0          0          0          0   iusesemip.o
        36          0          0          0          0         68   memcpya.o
        36          0          0          0          0        108   memseta.o
       372         14          0          0          0        184   printf1.o
         0          0          0          0          0          0   semi.o
         0          0          0          4          0          0   stdout.o
        14          0          0          0          0         68   strlen.o
        44          0          0          0          0         80   uidiv.o

    ----------------------------------------------------------------------
       620         34        136          4          0        724   Library Totals
         6          0          3          0          0          0   (incl. Padding)

    ----------------------------------------------------------------------

      Code (inc. data)   RO Data    RW Data    ZI Data      Debug   Library Name

       614         34        133          4          0        724   mc_w.l

    ----------------------------------------------------------------------
       620         34        136          4          0        724   Library Totals

    ----------------------------------------------------------------------

==============================================================================


      Code (inc. data)   RO Data    RW Data    ZI Data      Debug   

     11360        812       1072        168       9824     417102   Grand Totals
     11360        812       1072        168       9824     417102   ELF Image Totals
     11360        812       1072        168          0          0   ROM Totals

==============================================================================

    Total RO  Size (Code + RO Data)                12432 (  12.14kB)
    Total RW  Size (RW Data + ZI Data)              9992 (   9.76kB)
    Total ROM Size (Code + RO Data + RW Data)      12600 (  12.30kB)

==============================================================================

